Archive member included to satisfy reference by file (symbol)

c:/program files (x86)/gnu tools arm embedded/7 2017-q4-major/bin/../lib/gcc/arm-none-eabi/7.2.1/../../../../arm-none-eabi/lib/thumb/v7-m\libc.a(lib_a-exit.o)
                              c:/program files (x86)/gnu tools arm embedded/7 2017-q4-major/bin/../lib/gcc/arm-none-eabi/7.2.1/../../../../arm-none-eabi/lib/thumb/v7-m/crt0.o (exit)
c:/program files (x86)/gnu tools arm embedded/7 2017-q4-major/bin/../lib/gcc/arm-none-eabi/7.2.1/../../../../arm-none-eabi/lib/thumb/v7-m\libc.a(lib_a-impure.o)
                              c:/program files (x86)/gnu tools arm embedded/7 2017-q4-major/bin/../lib/gcc/arm-none-eabi/7.2.1/../../../../arm-none-eabi/lib/thumb/v7-m\libc.a(lib_a-exit.o) (_global_impure_ptr)
c:/program files (x86)/gnu tools arm embedded/7 2017-q4-major/bin/../lib/gcc/arm-none-eabi/7.2.1/../../../../arm-none-eabi/lib/thumb/v7-m\libc.a(lib_a-init.o)
                              c:/program files (x86)/gnu tools arm embedded/7 2017-q4-major/bin/../lib/gcc/arm-none-eabi/7.2.1/../../../../arm-none-eabi/lib/thumb/v7-m/crt0.o (__libc_init_array)
c:/program files (x86)/gnu tools arm embedded/7 2017-q4-major/bin/../lib/gcc/arm-none-eabi/7.2.1/../../../../arm-none-eabi/lib/thumb/v7-m\libc.a(lib_a-memset.o)
                              c:/program files (x86)/gnu tools arm embedded/7 2017-q4-major/bin/../lib/gcc/arm-none-eabi/7.2.1/../../../../arm-none-eabi/lib/thumb/v7-m/crt0.o (memset)
c:/program files (x86)/gnu tools arm embedded/7 2017-q4-major/bin/../lib/gcc/arm-none-eabi/7.2.1/../../../../arm-none-eabi/lib/thumb/v7-m\libc.a(lib_a-__call_atexit.o)
                              c:/program files (x86)/gnu tools arm embedded/7 2017-q4-major/bin/../lib/gcc/arm-none-eabi/7.2.1/../../../../arm-none-eabi/lib/thumb/v7-m\libc.a(lib_a-exit.o) (__call_exitprocs)
c:/program files (x86)/gnu tools arm embedded/7 2017-q4-major/bin/../lib/gcc/arm-none-eabi/7.2.1/../../../../arm-none-eabi/lib/thumb/v7-m\libc.a(lib_a-atexit.o)
                              c:/program files (x86)/gnu tools arm embedded/7 2017-q4-major/bin/../lib/gcc/arm-none-eabi/7.2.1/../../../../arm-none-eabi/lib/thumb/v7-m\libc.a(lib_a-__call_atexit.o) (atexit)
c:/program files (x86)/gnu tools arm embedded/7 2017-q4-major/bin/../lib/gcc/arm-none-eabi/7.2.1/../../../../arm-none-eabi/lib/thumb/v7-m\libc.a(lib_a-fini.o)
                              c:/program files (x86)/gnu tools arm embedded/7 2017-q4-major/bin/../lib/gcc/arm-none-eabi/7.2.1/../../../../arm-none-eabi/lib/thumb/v7-m\libc.a(lib_a-__call_atexit.o) (__libc_fini_array)
c:/program files (x86)/gnu tools arm embedded/7 2017-q4-major/bin/../lib/gcc/arm-none-eabi/7.2.1/../../../../arm-none-eabi/lib/thumb/v7-m\libc.a(lib_a-lock.o)
                              c:/program files (x86)/gnu tools arm embedded/7 2017-q4-major/bin/../lib/gcc/arm-none-eabi/7.2.1/../../../../arm-none-eabi/lib/thumb/v7-m\libc.a(lib_a-__call_atexit.o) (__retarget_lock_acquire_recursive)
c:/program files (x86)/gnu tools arm embedded/7 2017-q4-major/bin/../lib/gcc/arm-none-eabi/7.2.1/../../../../arm-none-eabi/lib/thumb/v7-m\libc.a(lib_a-__atexit.o)
                              c:/program files (x86)/gnu tools arm embedded/7 2017-q4-major/bin/../lib/gcc/arm-none-eabi/7.2.1/../../../../arm-none-eabi/lib/thumb/v7-m\libc.a(lib_a-atexit.o) (__register_exitproc)
c:/program files (x86)/gnu tools arm embedded/7 2017-q4-major/bin/../lib/gcc/arm-none-eabi/7.2.1/thumb/v7-m\libgcc.a(_arm_addsubdf3.o)
                              ..\obj\ssd1306_tests.o (__aeabi_ui2d)
c:/program files (x86)/gnu tools arm embedded/7 2017-q4-major/bin/../lib/gcc/arm-none-eabi/7.2.1/thumb/v7-m\libgcc.a(_arm_muldivdf3.o)
                              ..\obj\ssd1306_tests.o (__aeabi_ddiv)
c:/program files (x86)/gnu tools arm embedded/7 2017-q4-major/bin/../lib/gcc/arm-none-eabi/7.2.1/thumb/v7-m\libgcc.a(_arm_fixdfsi.o)
                              ..\obj\ssd1306_tests.o (__aeabi_d2iz)
c:/program files (x86)/gnu tools arm embedded/7 2017-q4-major/bin/../lib/gcc/arm-none-eabi/7.2.1/thumb/v7-m\libgcc.a(_arm_addsubsf3.o)
                              ..\obj\ssd1306_tests.o (__aeabi_i2f)
c:/program files (x86)/gnu tools arm embedded/7 2017-q4-major/bin/../lib/gcc/arm-none-eabi/7.2.1/thumb/v7-m\libgcc.a(_arm_muldivsf3.o)
                              ..\obj\ds1820.o (__aeabi_fdiv)
c:/program files (x86)/gnu tools arm embedded/7 2017-q4-major/bin/../lib/gcc/arm-none-eabi/7.2.1/thumb/v7-m\libgcc.a(_arm_fixsfsi.o)
                              ..\obj\ds1820.o (__aeabi_f2iz)
c:/program files (x86)/gnu tools arm embedded/7 2017-q4-major/bin/../lib/gcc/arm-none-eabi/7.2.1/../../../../arm-none-eabi/lib/thumb/v7-m\libc.a(lib_a-fputc.o)
                              ..\obj\printf.o (fputc)
c:/program files (x86)/gnu tools arm embedded/7 2017-q4-major/bin/../lib/gcc/arm-none-eabi/7.2.1/../../../../arm-none-eabi/lib/thumb/v7-m\libc.a(lib_a-memcpy.o)
                              ..\obj\ds2432.o (memcpy)
[...]
Memory Configuration

Name             Origin             Length             Attributes
rom_org          0x08000000         0x00000200         xr
rom              0x08000200         0x0000fe00         xr
ram              0x20000000         0x00005000         xrw
*default*        0x00000000         0xffffffff

Linker script and memory map

LOAD c:/program files (x86)/gnu tools arm embedded/7 2017-q4-major/bin/../lib/gcc/arm-none-eabi/7.2.1/thumb/v7-m/crti.o
LOAD c:/program files (x86)/gnu tools arm embedded/7 2017-q4-major/bin/../lib/gcc/arm-none-eabi/7.2.1/thumb/v7-m/crtbegin.o
LOAD c:/program files (x86)/gnu tools arm embedded/7 2017-q4-major/bin/../lib/gcc/arm-none-eabi/7.2.1/../../../../arm-none-eabi/lib/thumb/v7-m/crt0.o
                0x20005000                _eram = 0x20005000

.isr_vector     0x08000000      0x10c
                0x08000000                . = ALIGN (0x4)
 *(.isr_vector)
 .isr_vector    0x08000000      0x10c ..\obj\startup_stm32f10x_md.o
                0x08000000                g_pfnVectors
                0x0800010c                . = ALIGN (0x4)
                0x08000200                _version_start = 0x8000200

.eh_frame       0x0800010c        0x0
 .eh_frame      0x0800010c        0x0 c:/program files (x86)/gnu tools arm embedded/7 2017-q4-major/bin/../lib/gcc/arm-none-eabi/7.2.1/thumb/v7-m/crtbegin.o

._version_start
                0x08000200        0x4
 *(.FW_0)
 *(.FW_1)
 *(.FW_2)
 *(.FW_3)
 ._version_start
                0x08000200        0x4 ..\obj\debugMsg.o

.text           0x08000204     0x68ea
 *(.text*)
 .text          0x08000204       0x40 c:/program files (x86)/gnu tools arm embedded/7 2017-q4-major/bin/../lib/gcc/arm-none-eabi/7.2.1/thumb/v7-m/crtbegin.o
 .text.memset   0x08000244       0x94 c:/program files (x86)/gnu tools arm embedded/7 2017-q4-major/bin/../lib/gcc/arm-none-eabi/7.2.1/../../../../arm-none-eabi/lib/thumb/v7-m\libc.a(lib_a-memset.o)
                0x08000244                memset
 .text.startup.register_fini
                0x080002d8       0x14 c:/program files (x86)/gnu tools arm embedded/7 2017-q4-major/bin/../lib/gcc/arm-none-eabi/7.2.1/../../../../arm-none-eabi/lib/thumb/v7-m\libc.a(lib_a-__call_atexit.o)
 .text.atexit   0x080002ec        0xc c:/program files (x86)/gnu tools arm embedded/7 2017-q4-major/bin/../lib/gcc/arm-none-eabi/7.2.1/../../../../arm-none-eabi/lib/thumb/v7-m\libc.a(lib_a-atexit.o)
                0x080002ec                atexit
 .text.__libc_fini_array
                0x080002f8       0x34 c:/program files (x86)/gnu tools arm embedded/7 2017-q4-major/bin/../lib/gcc/arm-none-eabi/7.2.1/../../../../arm-none-eabi/lib/thumb/v7-m\libc.a(lib_a-fini.o)
                0x080002f8                __libc_fini_array
 .text.__retarget_lock_init_recursive
                0x0800032c        0x4 c:/program files (x86)/gnu tools arm embedded/7 2017-q4-major/bin/../lib/gcc/arm-none-eabi/7.2.1/../../../../arm-none-eabi/lib/thumb/v7-m\libc.a(lib_a-lock.o)
                0x0800032c                __retarget_lock_init_recursive
 .text.__retarget_lock_close_recursive
                0x08000330        0x4 c:/program files (x86)/gnu tools arm embedded/7 2017-q4-major/bin/../lib/gcc/arm-none-eabi/7.2.1/../../../../arm-none-eabi/lib/thumb/v7-m\libc.a(lib_a-lock.o)
                0x08000330                __retarget_lock_close_recursive
 .text.__retarget_lock_acquire_recursive
                0x08000334        0x4 c:/program files (x86)/gnu tools arm embedded/7 2017-q4-major/bin/../lib/gcc/arm-none-eabi/7.2.1/../../../../arm-none-eabi/lib/thumb/v7-m\libc.a(lib_a-lock.o)
                0x08000334                __retarget_lock_acquire_recursive
 .text.__retarget_lock_release_recursive
                0x08000338        0x4 c:/program files (x86)/gnu tools arm embedded/7 2017-q4-major/bin/../lib/gcc/arm-none-eabi/7.2.1/../../../../arm-none-eabi/lib/thumb/v7-m\libc.a(lib_a-lock.o)
                0x08000338                __retarget_lock_release_recursive
 .text.__register_exitproc
                0x0800033c       0xc0 c:/program files (x86)/gnu tools arm embedded/7 2017-q4-major/bin/../lib/gcc/arm-none-eabi/7.2.1/../../../../arm-none-eabi/lib/thumb/v7-m\libc.a(lib_a-__atexit.o)
                0x0800033c                __register_exitproc
 .text.i2c_start
                0x080003fc       0x40 ..\obj\i2c.o
                0x080003fc                i2c_start
 .text.i2c_stop
                0x0800043c       0x18 ..\obj\i2c.o
                0x0800043c                i2c_stop
 .text.i2c_address_direction
                0x08000454       0x5c ..\obj\i2c.o
                0x08000454                i2c_address_direction
 .text.i2c_transmit
                0x080004b0       0x34 ..\obj\i2c.o
                0x080004b0                i2c_transmit
 .text.SystemInit
                0x080004e4       0x68 ..\obj\system_stm32f10x.o
                0x080004e4                SystemInit
 .text.SetSysClock
                0x0800054c        0xc ..\obj\system_stm32f10x.o
 .text.SetSysClockTo72
                0x08000558      0x100 ..\obj\system_stm32f10x.o
 .text.DS2432_Init
                0x08000658       0x28 ..\obj\ds2432.o
                0x08000658                DS2432_Init
 .text.Default_Reset_Handler
                0x08000680       0x60 ..\obj\startup_stm32f10x_md.o
                0x08000680                Default_Reset_Handler
                0x08000680                Reset_Handler
 .text.Default_Handler
                0x080006e0        0x6 ..\obj\startup_stm32f10x_md.o
                0x080006e0                EXTI2_IRQHandler
                0x080006e0                DebugMon_Handler
                0x080006e0                TIM1_CC_IRQHandler
                0x080006e0                HardFault_Handler
                0x080006e0                PVD_IRQHandler
                0x080006e0                PendSV_Handler
                0x080006e0                NMI_Handler
                0x080006e0                EXTI3_IRQHandler
                0x080006e0                EXTI0_IRQHandler
                0x080006e0                I2C2_EV_IRQHandler
                0x080006e0                UsageFault_Handler
                0x080006e0                ADC1_2_IRQHandler
                0x080006e0                SPI1_IRQHandler
                0x080006e0                TAMPER_IRQHandler
                0x080006e0                DMA1_Channel4_IRQHandler
                0x080006e0                USART3_IRQHandler
                0x080006e0                RTC_IRQHandler
                0x080006e0                DMA1_Channel7_IRQHandler
                0x080006e0                CAN1_RX1_IRQHandler
                0x080006e0                TIM4_IRQHandler
                0x080006e0                I2C1_EV_IRQHandler
                0x080006e0                DMA1_Channel6_IRQHandler
                0x080006e0                TIM3_IRQHandler
                0x080006e0                RCC_IRQHandler
                0x080006e0                TIM1_TRG_COM_IRQHandler
                0x080006e0                DMA1_Channel1_IRQHandler
                0x080006e0                EXTI15_10_IRQHandler
                0x080006e0                EXTI9_5_IRQHandler
                0x080006e0                SPI2_IRQHandler
                0x080006e0                MemManage_Handler
                0x080006e0                SVC_Handler
                0x080006e0                DMA1_Channel5_IRQHandler
                0x080006e0                EXTI4_IRQHandler
                0x080006e0                USB_LP_CAN1_RX0_IRQHandler
                0x080006e0                USB_HP_CAN1_TX_IRQHandler
                0x080006e0                DMA1_Channel3_IRQHandler
                0x080006e0                TIM1_UP_IRQHandler
                0x080006e0                WWDG_IRQHandler
                0x080006e0                TIM2_IRQHandler
                0x080006e0                TIM1_BRK_IRQHandler
                0x080006e0                EXTI1_IRQHandler
                0x080006e0                RTCAlarm_IRQHandler
                0x080006e0                USART2_IRQHandler
                0x080006e0                I2C2_ER_IRQHandler
                0x080006e0                DMA1_Channel2_IRQHandler
                0x080006e0                CAN1_SCE_IRQHandler
                0x080006e0                FLASH_IRQHandler
                0x080006e0                BusFault_Handler
                0x080006e0                I2C1_ER_IRQHandler
                0x080006e0                USBWakeUp_IRQHandler
 *fill*         0x080006e6        0x2 
 .text.InitTasks
                0x080006e8       0x24 ..\obj\task.o
                0x080006e8                InitTasks
 .text.AddTaskSignal
                0x0800070c       0x98 ..\obj\task.o
                0x0800070c                AddTaskSignal
 .text.AddTaskTime
                0x080007a4       0xc0 ..\obj\task.o
                0x080007a4                AddTaskTime
 .text.TaskManager
                0x08000864       0x54 ..\obj\task.o
                0x08000864                TaskManager
 .text.PrintTasks
                0x080008b8       0x80 ..\obj\task.o
                0x080008b8                PrintTasks
 .text.ShowMcuInfo
                0x08000938       0x60 ..\obj\debugMsg.o
                0x08000938                ShowMcuInfo
 .text.ShowSystemClocks
                0x08000998       0x24 ..\obj\debugMsg.o
                0x08000998                ShowSystemClocks
 .text.ShowBoardInfo
                0x080009bc       0x9c ..\obj\debugMsg.o
                0x080009bc                ShowBoardInfo
 .text.GPIO_Init
                0x08000a58      0x178 ..\obj\stm32f10x_gpio.o
                0x08000a58                GPIO_Init
 .text.GPIO_ReadInputDataBit
                0x08000bd0       0x32 ..\obj\stm32f10x_gpio.o
                0x08000bd0                GPIO_ReadInputDataBit
 .text.GPIO_SetBits
                0x08000c02       0x1c ..\obj\stm32f10x_gpio.o
                0x08000c02                GPIO_SetBits
 .text.GPIO_ResetBits
                0x08000c1e       0x1c ..\obj\stm32f10x_gpio.o
                0x08000c1e                GPIO_ResetBits
 *fill*         0x08000c3a        0x2 
 .text.GPIO_PinRemapConfig
                0x08000c3c       0xe0 ..\obj\stm32f10x_gpio.o
                0x08000c3c                GPIO_PinRemapConfig
 .text.NVIC_SetPriority
                0x08000d1c       0x54 ..\obj\systemTicks.o
 .text.SysTick_Config
                0x08000d70       0x44 ..\obj\systemTicks.o
 .text.Systick_Init
                0x08000db4       0x2c ..\obj\systemTicks.o
                0x08000db4                Systick_Init
 .text.InitSystemTicks
                0x08000de0       0x18 ..\obj\systemTicks.o
                0x08000de0                InitSystemTicks
 .text.SysTick_Handler
                0x08000df8       0x1c ..\obj\systemTicks.o
                0x08000df8                SysTick_Handler
 .text._DelayUS
                0x08000e14       0x30 ..\obj\systemTicks.o
                0x08000e14                _DelayUS
 .text.TasksScheduler
                0x08000e44      0x11c ..\obj\main.o
 .text.DefineTasks
                0x08000f60       0x6c ..\obj\main.o
                0x08000f60                DefineTasks
 .text.Init     0x08000fcc       0x3c ..\obj\main.o
                0x08000fcc                Init
 .text.main     0x08001008       0x28 ..\obj\main.o
                0x08001008                main
 .text.PutChar  0x08001030       0x1e ..\obj\printf.o
                0x08001030                PutChar
 .text.PutString
                0x0800104e       0x3a ..\obj\printf.o
                0x0800104e                PutString
 .text.PutUnsignedInt
                0x08001088       0x9c ..\obj\printf.o
                0x08001088                PutUnsignedInt
 .text.PutSignedInt
                0x08001124       0xf8 ..\obj\printf.o
                0x08001124                PutSignedInt
 .text.PutHexa  0x0800121c       0xd4 ..\obj\printf.o
                0x0800121c                PutHexa
 .text.vsnprintf
                0x080012f0      0x254 ..\obj\printf.o
                0x080012f0                vsnprintf
 .text.vsprintf
                0x08001544       0x22 ..\obj\printf.o
                0x08001544                vsprintf
 *fill*         0x08001566        0x2 
 .text.vfprintf
                0x08001568       0x68 ..\obj\printf.o
                0x08001568                vfprintf
 .text.vprintf  0x080015d0       0x28 ..\obj\printf.o
                0x080015d0                vprintf
 .text.printf   0x080015f8       0x28 ..\obj\printf.o
                0x080015f8                printf
 .text.fputs    0x08001620       0x48 ..\obj\printf.o
                0x08001620                fputs
 .text.RCC_GetClocksFreq
                0x08001668      0x160 ..\obj\stm32f10x_rcc.o
                0x08001668                RCC_GetClocksFreq
 .text.RCC_APB2PeriphClockCmd
                0x080017c8       0x3c ..\obj\stm32f10x_rcc.o
                0x080017c8                RCC_APB2PeriphClockCmd
 .text.RCC_APB1PeriphClockCmd
                0x08001804       0x3c ..\obj\stm32f10x_rcc.o
                0x08001804                RCC_APB1PeriphClockCmd
 .text.USART_Init
                0x08001840      0x174 ..\obj\stm32f10x_usart.o
                0x08001840                USART_Init
 .text.USART_Cmd
                0x080019b4       0x3e ..\obj\stm32f10x_usart.o
                0x080019b4                USART_Cmd
 .text.USART_ITConfig
                0x080019f2       0x8e ..\obj\stm32f10x_usart.o
                0x080019f2                USART_ITConfig
 .text._sbrk    0x08001a80       0x3c ..\obj\syscalls.o
                0x08001a80                _sbrk
 .text._close   0x08001abc       0x16 ..\obj\syscalls.o
                0x08001abc                _close
 .text._fstat   0x08001ad2       0x1e ..\obj\syscalls.o
                0x08001ad2                _fstat
 .text._isatty  0x08001af0       0x14 ..\obj\syscalls.o
                0x08001af0                _isatty
 .text._lseek   0x08001b04       0x18 ..\obj\syscalls.o
                0x08001b04                _lseek
 .text._read    0x08001b1c       0x18 ..\obj\syscalls.o
                0x08001b1c                _read
 .text._write   0x08001b34       0x1e ..\obj\syscalls.o
                0x08001b34                _write
 *fill*         0x08001b52        0x2 
 .text.ssd1306_i2c_init
                0x08001b54       0x74 ..\obj\ssd1306_i2c.o
                0x08001b54                ssd1306_i2c_init
 .text.ssd1306_WriteCommand
                0x08001bc8       0x40 ..\obj\ssd1306_i2c.o
                0x08001bc8                ssd1306_WriteCommand
 .text.ssd1306_WriteData
                0x08001c08       0x5c ..\obj\ssd1306_i2c.o
                0x08001c08                ssd1306_WriteData
 .text.OW_reset
                0x08001c64       0x54 ..\obj\oneWire.o
                0x08001c64                OW_reset
 .text.OW_writeBit
                0x08001cb8       0x5e ..\obj\oneWire.o
                0x08001cb8                OW_writeBit
 .text.OW_readBit
                0x08001d16       0x4a ..\obj\oneWire.o
                0x08001d16                OW_readBit
 .text.OW_writeByte
                0x08001d60       0x3e ..\obj\oneWire.o
                0x08001d60                OW_writeByte
 .text.OW_readByte
                0x08001d9e       0x4a ..\obj\oneWire.o
                0x08001d9e                OW_readByte
 .text.InitDebugUsart
                0x08001de8       0x54 ..\obj\debugUsart.o
                0x08001de8                InitDebugUsart
 .text.SendChar
                0x08001e3c       0x50 ..\obj\debugUsart.o
 .text.Send_N_Chars
                0x08001e8c       0x34 ..\obj\debugUsart.o
                0x08001e8c                Send_N_Chars
 .text.PrintAvailableCommands
                0x08001ec0       0x24 ..\obj\debugUsart.o
                0x08001ec0                PrintAvailableCommands
 .text.CheckConsoleRx
                0x08001ee4       0x38 ..\obj\debugUsart.o
                0x08001ee4                CheckConsoleRx
 .text.NVIC_Init
                0x08001f1c       0xc4 ..\obj\misc.o
                0x08001f1c                NVIC_Init
 .text.ssd1306_Reset
                0x08001fe0        0xc ..\obj\ssd1306.o
                0x08001fe0                ssd1306_Reset
 .text.ssd1306_Init
                0x08001fec       0xe4 ..\obj\ssd1306.o
                0x08001fec                ssd1306_Init
 .text.ssd1306_Fill
                0x080020d0       0x44 ..\obj\ssd1306.o
                0x080020d0                ssd1306_Fill
 .text.ssd1306_UpdateScreen
                0x08002114       0x4c ..\obj\ssd1306.o
                0x08002114                ssd1306_UpdateScreen
 .text.ssd1306_DrawPixel
                0x08002160       0xc0 ..\obj\ssd1306.o
                0x08002160                ssd1306_DrawPixel
 .text.ssd1306_WriteChar
                0x08002220      0x100 ..\obj\ssd1306.o
                0x08002220                ssd1306_WriteChar
 .text.ssd1306_WriteString
                0x08002320       0x4c ..\obj\ssd1306.o
                0x08002320                ssd1306_WriteString
 .text.ssd1306_SetCursor
                0x0800236c       0x30 ..\obj\ssd1306.o
                0x0800236c                ssd1306_SetCursor
 .text.I2C_Init
                0x0800239c      0x184 ..\obj\stm32f10x_i2c.o
                0x0800239c                I2C_Init
 .text.I2C_Cmd  0x08002520       0x3e ..\obj\stm32f10x_i2c.o
                0x08002520                I2C_Cmd
 .text.I2C_GenerateSTART
                0x0800255e       0x3e ..\obj\stm32f10x_i2c.o
                0x0800255e                I2C_GenerateSTART
 .text.I2C_GenerateSTOP
                0x0800259c       0x3e ..\obj\stm32f10x_i2c.o
                0x0800259c                I2C_GenerateSTOP
 .text.I2C_SendData
                0x080025da       0x1e ..\obj\stm32f10x_i2c.o
                0x080025da                I2C_SendData
 .text.I2C_Send7bitAddress
                0x080025f8       0x3a ..\obj\stm32f10x_i2c.o
                0x080025f8                I2C_Send7bitAddress
 .text.I2C_CheckEvent
                0x08002632       0x5e ..\obj\stm32f10x_i2c.o
                0x08002632                I2C_CheckEvent
 .text.I2C_GetFlagStatus
                0x08002690       0x64 ..\obj\stm32f10x_i2c.o
                0x08002690                I2C_GetFlagStatus
 .text.init_USART1
                0x080026f4       0xb8 ..\obj\usart.o
                0x080026f4                init_USART1
 .text.USART1_IRQHandler
                0x080027ac       0xc0 ..\obj\usart.o
                0x080027ac                USART1_IRQHandler
 .text.DS1820_Init
                0x0800286c       0x3c ..\obj\ds1820.o
                0x0800286c                DS1820_Init
 .text.OW_ReadTemperature
                0x080028a8       0xf8 ..\obj\ds1820.o
                0x080028a8                OW_ReadTemperature
 .text.MeasureTemperature
                0x080029a0       0x2c ..\obj\ds1820.o
                0x080029a0                MeasureTemperature
 .text.MeasureTemperatures
                0x080029cc       0x14 ..\obj\ds1820.o
                0x080029cc                MeasureTemperatures
 .text.GetTemperatureString
                0x080029e0       0xac ..\obj\ds1820.o
                0x080029e0                GetTemperatureString
 .text.PrintTemperatures
                0x08002a8c       0xd4 ..\obj\ds1820.o
                0x08002a8c                PrintTemperatures
 .text.Debug_PrintTemperatures
                0x08002b60       0x60 ..\obj\ds1820.o
                0x08002b60                Debug_PrintTemperatures
 .text          0x08002bc0      0x21c c:/program files (x86)/gnu tools arm embedded/7 2017-q4-major/bin/../lib/gcc/arm-none-eabi/7.2.1/thumb/v7-m\libgcc.a(_arm_addsubsf3.o)
                0x08002bc0                __aeabi_frsub
                0x08002bc8                __subsf3
                0x08002bc8                __aeabi_fsub
                0x08002bcc                __aeabi_fadd
                0x08002bcc                __addsf3
                0x08002d2c                __aeabi_ui2f
                0x08002d2c                __floatunsisf
                0x08002d34                __aeabi_i2f
                0x08002d34                __floatsisf
                0x08002d50                __aeabi_ul2f
                0x08002d50                __floatundisf
                0x08002d60                __aeabi_l2f
                0x08002d60                __floatdisf
 .text          0x08002ddc      0x2a0 c:/program files (x86)/gnu tools arm embedded/7 2017-q4-major/bin/../lib/gcc/arm-none-eabi/7.2.1/thumb/v7-m\libgcc.a(_arm_muldivsf3.o)
                0x08002ddc                __mulsf3
                0x08002ddc                __aeabi_fmul
                0x08002f44                __aeabi_fdiv
                0x08002f44                __divsf3
 .text          0x0800307c       0x4c c:/program files (x86)/gnu tools arm embedded/7 2017-q4-major/bin/../lib/gcc/arm-none-eabi/7.2.1/thumb/v7-m\libgcc.a(_arm_fixsfsi.o)
                0x0800307c                __aeabi_f2iz
                0x0800307c                __fixsfsi
 .text.fputc    0x080030c8       0x58 c:/program files (x86)/gnu tools arm embedded/7 2017-q4-major/bin/../lib/gcc/arm-none-eabi/7.2.1/../../../../arm-none-eabi/lib/thumb/v7-m\libc.a(lib_a-fputc.o)
                0x080030c8                fputc
 .text._putc_r  0x08003120       0x70 c:/program files (x86)/gnu tools arm embedded/7 2017-q4-major/bin/../lib/gcc/arm-none-eabi/7.2.1/../../../../arm-none-eabi/lib/thumb/v7-m\libc.a(lib_a-putc.o)
                0x08003120                _putc_r
 .text.__swbuf_r
                0x08003190       0xb0 c:/program files (x86)/gnu tools arm embedded/7 2017-q4-major/bin/../lib/gcc/arm-none-eabi/7.2.1/../../../../arm-none-eabi/lib/thumb/v7-m\libc.a(lib_a-wbuf.o)
                0x08003190                __swbuf_r
 .text.__swsetup_r
                0x08003240       0xcc c:/program files (x86)/gnu tools arm embedded/7 2017-q4-major/bin/../lib/gcc/arm-none-eabi/7.2.1/../../../../arm-none-eabi/lib/thumb/v7-m\libc.a(lib_a-wsetup.o)
                0x08003240                __swsetup_r
 .text.__sflush_r
                0x0800330c      0x154 c:/program files (x86)/gnu tools arm embedded/7 2017-q4-major/bin/../lib/gcc/arm-none-eabi/7.2.1/../../../../arm-none-eabi/lib/thumb/v7-m\libc.a(lib_a-fflush.o)
                0x0800330c                __sflush_r
 .text._fflush_r
                0x08003460       0x5c c:/program files (x86)/gnu tools arm embedded/7 2017-q4-major/bin/../lib/gcc/arm-none-eabi/7.2.1/../../../../arm-none-eabi/lib/thumb/v7-m\libc.a(lib_a-fflush.o)
                0x08003460                _fflush_r
 .text.std      0x080034bc       0x50 c:/program files (x86)/gnu tools arm embedded/7 2017-q4-major/bin/../lib/gcc/arm-none-eabi/7.2.1/../../../../arm-none-eabi/lib/thumb/v7-m\libc.a(lib_a-findfp.o)
 .text._cleanup_r
                0x0800350c        0xc c:/program files (x86)/gnu tools arm embedded/7 2017-q4-major/bin/../lib/gcc/arm-none-eabi/7.2.1/../../../../arm-none-eabi/lib/thumb/v7-m\libc.a(lib_a-findfp.o)
                0x0800350c                _cleanup_r
 .text.__sinit  0x08003518       0x60 c:/program files (x86)/gnu tools arm embedded/7 2017-q4-major/bin/../lib/gcc/arm-none-eabi/7.2.1/../../../../arm-none-eabi/lib/thumb/v7-m\libc.a(lib_a-findfp.o)
                0x08003518                __sinit
 .text.__sfp_lock_acquire
                0x08003578        0xc c:/program files (x86)/gnu tools arm embedded/7 2017-q4-major/bin/../lib/gcc/arm-none-eabi/7.2.1/../../../../arm-none-eabi/lib/thumb/v7-m\libc.a(lib_a-findfp.o)
                0x08003578                __sfp_lock_acquire
 .text.__sfp_lock_release
                0x08003584        0xc c:/program files (x86)/gnu tools arm embedded/7 2017-q4-major/bin/../lib/gcc/arm-none-eabi/7.2.1/../../../../arm-none-eabi/lib/thumb/v7-m\libc.a(lib_a-findfp.o)
                0x08003584                __sfp_lock_release
 .text._malloc_trim_r
                0x08003590       0xa0 c:/program files (x86)/gnu tools arm embedded/7 2017-q4-major/bin/../lib/gcc/arm-none-eabi/7.2.1/../../../../arm-none-eabi/lib/thumb/v7-m\libc.a(lib_a-freer.o)
                0x08003590                _malloc_trim_r
 .text._free_r  0x08003630      0x1e8 c:/program files (x86)/gnu tools arm embedded/7 2017-q4-major/bin/../lib/gcc/arm-none-eabi/7.2.1/../../../../arm-none-eabi/lib/thumb/v7-m\libc.a(lib_a-freer.o)
                0x08003630                _free_r
 .text._fwalk_reent
                0x08003818       0x50 c:/program files (x86)/gnu tools arm embedded/7 2017-q4-major/bin/../lib/gcc/arm-none-eabi/7.2.1/../../../../arm-none-eabi/lib/thumb/v7-m\libc.a(lib_a-fwalk.o)
                0x08003818                _fwalk_reent
 .text.__swhatbuf_r
                0x08003868       0x5c c:/program files (x86)/gnu tools arm embedded/7 2017-q4-major/bin/../lib/gcc/arm-none-eabi/7.2.1/../../../../arm-none-eabi/lib/thumb/v7-m\libc.a(lib_a-makebuf.o)
                0x08003868                __swhatbuf_r
 .text.__smakebuf_r
                0x080038c4       0x94 c:/program files (x86)/gnu tools arm embedded/7 2017-q4-major/bin/../lib/gcc/arm-none-eabi/7.2.1/../../../../arm-none-eabi/lib/thumb/v7-m\libc.a(lib_a-makebuf.o)
                0x080038c4                __smakebuf_r
 .text._malloc_r
                0x08003958      0x524 c:/program files (x86)/gnu tools arm embedded/7 2017-q4-major/bin/../lib/gcc/arm-none-eabi/7.2.1/../../../../arm-none-eabi/lib/thumb/v7-m\libc.a(lib_a-mallocr.o)
                0x08003958                _malloc_r
 .text.__malloc_lock
                0x08003e7c        0xc c:/program files (x86)/gnu tools arm embedded/7 2017-q4-major/bin/../lib/gcc/arm-none-eabi/7.2.1/../../../../arm-none-eabi/lib/thumb/v7-m\libc.a(lib_a-mlock.o)
                0x08003e7c                __malloc_lock
 .text.__malloc_unlock
                0x08003e88        0xc c:/program files (x86)/gnu tools arm embedded/7 2017-q4-major/bin/../lib/gcc/arm-none-eabi/7.2.1/../../../../arm-none-eabi/lib/thumb/v7-m\libc.a(lib_a-mlock.o)
                0x08003e88                __malloc_unlock
 .text._sbrk_r  0x08003e94       0x24 c:/program files (x86)/gnu tools arm embedded/7 2017-q4-major/bin/../lib/gcc/arm-none-eabi/7.2.1/../../../../arm-none-eabi/lib/thumb/v7-m\libc.a(lib_a-sbrkr.o)
                0x08003e94                _sbrk_r
 .text.__sread  0x08003eb8       0x24 c:/program files (x86)/gnu tools arm embedded/7 2017-q4-major/bin/../lib/gcc/arm-none-eabi/7.2.1/../../../../arm-none-eabi/lib/thumb/v7-m\libc.a(lib_a-stdio.o)
                0x08003eb8                __sread
 .text.__swrite
                0x08003edc       0x3c c:/program files (x86)/gnu tools arm embedded/7 2017-q4-major/bin/../lib/gcc/arm-none-eabi/7.2.1/../../../../arm-none-eabi/lib/thumb/v7-m\libc.a(lib_a-stdio.o)
                0x08003edc                __swrite
 .text.__sseek  0x08003f18       0x20 c:/program files (x86)/gnu tools arm embedded/7 2017-q4-major/bin/../lib/gcc/arm-none-eabi/7.2.1/../../../../arm-none-eabi/lib/thumb/v7-m\libc.a(lib_a-stdio.o)
                0x08003f18                __sseek
 .text.__sclose
                0x08003f38        0x8 c:/program files (x86)/gnu tools arm embedded/7 2017-q4-major/bin/../lib/gcc/arm-none-eabi/7.2.1/../../../../arm-none-eabi/lib/thumb/v7-m\libc.a(lib_a-stdio.o)
                0x08003f38                __sclose
 .text._write_r
                0x08003f40       0x2c c:/program files (x86)/gnu tools arm embedded/7 2017-q4-major/bin/../lib/gcc/arm-none-eabi/7.2.1/../../../../arm-none-eabi/lib/thumb/v7-m\libc.a(lib_a-writer.o)
                0x08003f40                _write_r
 .text._close_r
                0x08003f6c       0x24 c:/program files (x86)/gnu tools arm embedded/7 2017-q4-major/bin/../lib/gcc/arm-none-eabi/7.2.1/../../../../arm-none-eabi/lib/thumb/v7-m\libc.a(lib_a-closer.o)
                0x08003f6c                _close_r
 .text._fclose_r
                0x08003f90       0xd0 c:/program files (x86)/gnu tools arm embedded/7 2017-q4-major/bin/../lib/gcc/arm-none-eabi/7.2.1/../../../../arm-none-eabi/lib/thumb/v7-m\libc.a(lib_a-fclose.o)
                0x08003f90                _fclose_r
 .text._fstat_r
                0x08004060       0x28 c:/program files (x86)/gnu tools arm embedded/7 2017-q4-major/bin/../lib/gcc/arm-none-eabi/7.2.1/../../../../arm-none-eabi/lib/thumb/v7-m\libc.a(lib_a-fstatr.o)
                0x08004060                _fstat_r
 .text._isatty_r
                0x08004088       0x24 c:/program files (x86)/gnu tools arm embedded/7 2017-q4-major/bin/../lib/gcc/arm-none-eabi/7.2.1/../../../../arm-none-eabi/lib/thumb/v7-m\libc.a(lib_a-isattyr.o)
                0x08004088                _isatty_r
 .text._lseek_r
                0x080040ac       0x2c c:/program files (x86)/gnu tools arm embedded/7 2017-q4-major/bin/../lib/gcc/arm-none-eabi/7.2.1/../../../../arm-none-eabi/lib/thumb/v7-m\libc.a(lib_a-lseekr.o)
                0x080040ac                _lseek_r
 .text._read_r  0x080040d8       0x2c c:/program files (x86)/gnu tools arm embedded/7 2017-q4-major/bin/../lib/gcc/arm-none-eabi/7.2.1/../../../../arm-none-eabi/lib/thumb/v7-m\libc.a(lib_a-readr.o)
                0x080040d8                _read_r
 *(.init)
 .init          0x08004104        0x4 c:/program files (x86)/gnu tools arm embedded/7 2017-q4-major/bin/../lib/gcc/arm-none-eabi/7.2.1/thumb/v7-m/crti.o
                0x08004104                _init
 .init          0x08004108        0x8 c:/program files (x86)/gnu tools arm embedded/7 2017-q4-major/bin/../lib/gcc/arm-none-eabi/7.2.1/thumb/v7-m/crtn.o
 *(.fini)
 .fini          0x08004110        0x4 c:/program files (x86)/gnu tools arm embedded/7 2017-q4-major/bin/../lib/gcc/arm-none-eabi/7.2.1/thumb/v7-m/crti.o
                0x08004110                _fini
 .fini          0x08004114        0x8 c:/program files (x86)/gnu tools arm embedded/7 2017-q4-major/bin/../lib/gcc/arm-none-eabi/7.2.1/thumb/v7-m/crtn.o
 *crtbegin.o(.ctors)
 *crtbegin?.o(.ctors)
 *(EXCLUDE_FILE(*crtend.o *crtend?.o) .ctors)
 *(SORT_BY_NAME(.ctors.*))
 *(.ctors)
 *crtbegin.o(.dtors)
 *crtbegin?.o(.dtors)
 *(EXCLUDE_FILE(*crtend.o *crtend?.o) .dtors)
 *(SORT_BY_NAME(.dtors.*))
 *(.dtors)
 *(.rodata*)
 .rodata._global_impure_ptr
                0x0800411c        0x4 c:/program files (x86)/gnu tools arm embedded/7 2017-q4-major/bin/../lib/gcc/arm-none-eabi/7.2.1/../../../../arm-none-eabi/lib/thumb/v7-m\libc.a(lib_a-impure.o)
                0x0800411c                _global_impure_ptr
 .rodata        0x08004120       0x46 ..\obj\task.o
 *fill*         0x08004166        0x2 
 .rodata        0x08004168       0xb8 ..\obj\debugMsg.o
 .rodata        0x08004220       0x24 ..\obj\printf.o
 .rodata        0x08004244     0x2814 ..\obj\ssd1306_fonts.o
 .rodata        0x08006a58       0x46 ..\obj\debugUsart.o
 *fill*         0x08006a9e        0x2 
 .rodata        0x08006aa0       0x4e ..\obj\ds1820.o
 *(.eh_fram e*)

.glue_7         0x08006af0        0x0
 .glue_7        0x08006af0        0x0 linker stubs

.glue_7t        0x08006af0        0x0
 .glue_7t       0x08006af0        0x0 linker stubs

.vfp11_veneer   0x08006af0        0x0
 .vfp11_veneer  0x08006af0        0x0 linker stubs

.v4_bx          0x08006af0        0x0
 .v4_bx         0x08006af0        0x0 linker stubs

.iplt           0x08006af0        0x0
 .iplt          0x08006af0        0x0 c:/program files (x86)/gnu tools arm embedded/7 2017-q4-major/bin/../lib/gcc/arm-none-eabi/7.2.1/thumb/v7-m/crtbegin.o

.rel.dyn        0x08006af0        0x0
 .rel.iplt      0x08006af0        0x0 c:/program files (x86)/gnu tools arm embedded/7 2017-q4-major/bin/../lib/gcc/arm-none-eabi/7.2.1/thumb/v7-m/crtbegin.o

.ARM.extab
 *(.ARM.extab* .gnu.linkonce.armextab.*)
                0x08006af0                __exidx_start = .

.ARM.exidx
 *(.ARM.exidx* .gnu.linkonce.armexidx.*)
                0x08006af0                __exidx_end = .
                0x08006af0                __etext = .
                0x08006aee                _sidata = __etext

.data           0x20000000      0x890 load address 0x08006aee
                0x20000000                __data_start__ = .
                0x20000000                _sdata = __data_start__
 *(vtable)
 *(.data*)
 .data._impure_ptr
                0x20000000        0x4 c:/program files (x86)/gnu tools arm embedded/7 2017-q4-major/bin/../lib/gcc/arm-none-eabi/7.2.1/../../../../arm-none-eabi/lib/thumb/v7-m\libc.a(lib_a-impure.o)
                0x20000000                _impure_ptr
 *fill*         0x20000004        0x4 
 .data.impure_data
                0x20000008      0x428 c:/program files (x86)/gnu tools arm embedded/7 2017-q4-major/bin/../lib/gcc/arm-none-eabi/7.2.1/../../../../arm-none-eabi/lib/thumb/v7-m\libc.a(lib_a-impure.o)
 .data.__atexit_recursive_mutex
                0x20000430        0x4 c:/program files (x86)/gnu tools arm embedded/7 2017-q4-major/bin/../lib/gcc/arm-none-eabi/7.2.1/../../../../arm-none-eabi/lib/thumb/v7-m\libc.a(lib_a-__call_atexit.o)
                0x20000430                __atexit_recursive_mutex
 .data          0x20000434       0x14 ..\obj\system_stm32f10x.o
                0x20000434                SystemCoreClock
                0x20000438                AHBPrescTable
 .data          0x20000448       0x14 ..\obj\stm32f10x_rcc.o
 .data          0x2000045c       0x18 ..\obj\ssd1306_fonts.o
                0x2000045c                Font_7x10
                0x20000464                Font_11x18
                0x2000046c                Font_16x26
 .data.__malloc_av_
                0x20000474      0x408 c:/program files (x86)/gnu tools arm embedded/7 2017-q4-major/bin/../lib/gcc/arm-none-eabi/7.2.1/../../../../arm-none-eabi/lib/thumb/v7-m\libc.a(lib_a-mallocr.o)
                0x20000474                __malloc_av_
 .data.__malloc_sbrk_base
                0x2000087c        0x4 c:/program files (x86)/gnu tools arm embedded/7 2017-q4-major/bin/../lib/gcc/arm-none-eabi/7.2.1/../../../../arm-none-eabi/lib/thumb/v7-m\libc.a(lib_a-mallocr.o)
                0x2000087c                __malloc_sbrk_base
 .data.__malloc_trim_threshold
                0x20000880        0x4 c:/program files (x86)/gnu tools arm embedded/7 2017-q4-major/bin/../lib/gcc/arm-none-eabi/7.2.1/../../../../arm-none-eabi/lib/thumb/v7-m\libc.a(lib_a-mallocr.o)
                0x20000880                __malloc_trim_threshold
                0x20000884                . = ALIGN (0x4)
                0x20000884                PROVIDE (__preinit_array_start, .)
 *(.preinit_array)
                0x20000884                PROVIDE (__preinit_array_end, .)
                0x20000884                . = ALIGN (0x4)
                0x20000884                PROVIDE (__init_array_start, .)
 *(SORT_BY_NAME(.init_array.*))
 .init_array.00000
                0x20000884        0x4 c:/program files (x86)/gnu tools arm embedded/7 2017-q4-major/bin/../lib/gcc/arm-none-eabi/7.2.1/../../../../arm-none-eabi/lib/thumb/v7-m\libc.a(lib_a-__call_atexit.o)
 *(.init_array)
 .init_array    0x20000888        0x4 c:/program files (x86)/gnu tools arm embedded/7 2017-q4-major/bin/../lib/gcc/arm-none-eabi/7.2.1/thumb/v7-m/crtbegin.o
                0x2000088c                PROVIDE (__init_array_end, .)
                0x2000088c                . = ALIGN (0x4)
                0x2000088c                PROVIDE (__fini_array_start, .)
 *(SORT_BY_NAME(.fini_array.*))
 *(.fini_array)
 .fini_array    0x2000088c        0x4 c:/program files (x86)/gnu tools arm embedded/7 2017-q4-major/bin/../lib/gcc/arm-none-eabi/7.2.1/thumb/v7-m/crtbegin.o
                0x20000890                PROVIDE (__fini_array_end, .)
 *(.jcr*)
                0x20000890                . = ALIGN (0x4)
                0x20000890                __data_end__ = .
                0x20000890                _edata = __data_end__

.igot.plt       0x20000890        0x0 load address 0x08007380
 .igot.plt      0x20000890        0x0 c:/program files (x86)/gnu tools arm embedded/7 2017-q4-major/bin/../lib/gcc/arm-none-eabi/7.2.1/thumb/v7-m/crtbegin.o

.bss            0x20000890      0x9c0 load address 0x08007380
                0x20000890                . = ALIGN (0x4)
                0x20000890                __bss_start__ = .
                0x20000890                _sbss = __bss_start__
 *(.bss*)
 .bss           0x20000890       0x1c c:/program files (x86)/gnu tools arm embedded/7 2017-q4-major/bin/../lib/gcc/arm-none-eabi/7.2.1/thumb/v7-m/crtbegin.o
 .bss           0x200008ac        0x4 ..\obj\systemTicks.o
                0x200008ac                micros
 .bss           0x200008b0        0x4 ..\obj\syscalls.o
 .bss           0x200008b4      0x406 ..\obj\ssd1306.o
 *fill*         0x20000cba        0x2 
 .bss.__malloc_current_mallinfo
                0x20000cbc       0x28 c:/program files (x86)/gnu tools arm embedded/7 2017-q4-major/bin/../lib/gcc/arm-none-eabi/7.2.1/../../../../arm-none-eabi/lib/thumb/v7-m\libc.a(lib_a-mallocr.o)
                0x20000cbc                __malloc_current_mallinfo
 .bss.__malloc_max_sbrked_mem
                0x20000ce4        0x4 c:/program files (x86)/gnu tools arm embedded/7 2017-q4-major/bin/../lib/gcc/arm-none-eabi/7.2.1/../../../../arm-none-eabi/lib/thumb/v7-m\libc.a(lib_a-mallocr.o)
                0x20000ce4                __malloc_max_sbrked_mem
 .bss.__malloc_max_total_mem
                0x20000ce8        0x4 c:/program files (x86)/gnu tools arm embedded/7 2017-q4-major/bin/../lib/gcc/arm-none-eabi/7.2.1/../../../../arm-none-eabi/lib/thumb/v7-m\libc.a(lib_a-mallocr.o)
                0x20000ce8                __malloc_max_total_mem
 .bss.__malloc_top_pad
                0x20000cec        0x4 c:/program files (x86)/gnu tools arm embedded/7 2017-q4-major/bin/../lib/gcc/arm-none-eabi/7.2.1/../../../../arm-none-eabi/lib/thumb/v7-m\libc.a(lib_a-mallocr.o)
                0x20000cec                __malloc_top_pad
 *(COMMON)
 COMMON         0x20000cf0       0x21 c:/program files (x86)/gnu tools arm embedded/7 2017-q4-major/bin/../lib/gcc/arm-none-eabi/7.2.1/../../../../arm-none-eabi/lib/thumb/v7-m\libc.a(lib_a-lock.o)
                0x20000cf0                __lock___atexit_recursive_mutex
                0x20000cf4                __lock___arc4random_mutex
                0x20000cf8                __lock___env_recursive_mutex
                0x20000cfc                __lock___sinit_recursive_mutex
                0x20000d00                __lock___malloc_recursive_mutex
                0x20000d04                __lock___at_quick_exit_mutex
                0x20000d08                __lock___dd_hash_mutex
                0x20000d0c                __lock___tz_mutex
                0x20000d10                __lock___sfp_recursive_mutex
 *fill*         0x20000d11        0x3 
 COMMON         0x20000d14        0x9 ..\obj\nrf24_mid_level.o
                0x20000d14                payload_length
                0x20000d18                debug
                0x20000d1c                pipe
 *fill*         0x20000d1d        0x3 
 COMMON         0x20000d20      0x404 ..\obj\task.o
                0x20000d20                currentNumberOfTasks
                0x20000d24                task
 COMMON         0x20001124      0x121 ..\obj\debugUsart.o
                0x20001124                DebugRxBuff
                0x20001138                DebugTxBuff
                0x20001244                m_DebugMsgReceived
 *fill*         0x20001245        0x3 
 COMMON         0x20001248        0x4 ..\obj\ds1820.o
                0x20001248                m_temperature
 COMMON         0x2000124c        0x4 c:/program files (x86)/gnu tools arm embedded/7 2017-q4-major/bin/../lib/gcc/arm-none-eabi/7.2.1/../../../../arm-none-eabi/lib/thumb/v7-m\libc.a(lib_a-reent.o)
                0x2000124c                errno
                0x20001250                . = ALIGN (0x4)
                0x20001250                __bss_end__ = .
                0x20001250                _ebss = __bss_end__

.heap           0x20001250        0x0
                0x20001250                __end__ = .
                0x20001250                _end = __end__
                0x20001250                end = __end__
 *(.heap*)
                0x20001250                __HeapLimit = .

.co_stack       0x20001250     0x1400 load address 0x08007d40
                0x20001250                . = ALIGN (0x8)
 *(.co_stack .co_stack.*)
 .co_stack      0x20001250     0x1400 ..\obj\startup_stm32f10x_md.o
                0x20001250                pulStack
                0x20005000                __StackTop = (ORIGIN (ram) + LENGTH (ram))
                0x20003c00                __StackLimit = (__StackTop - SIZEOF (.co_stack))
                0x20005000                PROVIDE (__stack, __StackTop)

/DISCARD/
 libc.a(*)
 libm.a(*)
 libgcc.a(*)
                0x00000001                ASSERT ((__StackLimit >= __HeapLimit), region ram  overflowed with stack)
LOAD ..\obj\stm32f10x_rtc.o
LOAD ..\obj\stm32f10x_tim.o
LOAD ..\obj\nrf24_mid_level.o
LOAD ..\obj\i2c.o
LOAD ..\obj\nrf24.o
LOAD ..\obj\system_stm32f10x.o
LOAD ..\obj\ds2432.o
LOAD ..\obj\stm32f10x_pwr.o
LOAD ..\obj\startup_stm32f10x_md.o
LOAD ..\obj\task.o
LOAD ..\obj\debugMsg.o
LOAD ..\obj\stm32f10x_gpio.o
LOAD ..\obj\ssd1306_tests.o
LOAD ..\obj\ds1307_i2c.o
LOAD ..\obj\systemTicks.o
LOAD ..\obj\main.o
LOAD ..\obj\printf.o
LOAD ..\obj\ds1307.o
LOAD ..\obj\stm32f10x_rcc.o
LOAD ..\obj\stm32f10x_exti.o
LOAD ..\obj\stm32f10x_adc.o
LOAD ..\obj\nrf24_hal.o
LOAD ..\obj\stm32f10x_usart.o
LOAD ..\obj\syscalls.o
LOAD ..\obj\ssd1306_fonts.o
LOAD ..\obj\ssd1306_i2c.o
LOAD ..\obj\stm32f10x_dma.o
LOAD ..\obj\oneWire.o
LOAD ..\obj\debugUsart.o
LOAD ..\obj\nrf24_low_level.o
LOAD ..\obj\misc.o
LOAD ..\obj\ssd1306.o
LOAD ..\obj\stm32f10x_spi.o
LOAD ..\obj\stm32f10x_i2c.o
LOAD ..\obj\stm32f10x_bkp.o
LOAD ..\obj\usart.o
LOAD ..\obj\ds1820.o
LOAD c:/program files (x86)/gnu tools arm embedded/7 2017-q4-major/bin/../lib/gcc/arm-none-eabi/7.2.1/../../../../arm-none-eabi/lib/thumb/v7-m\libm.a
LOAD c:/program files (x86)/gnu tools arm embedded/7 2017-q4-major/bin/../lib/gcc/arm-none-eabi/7.2.1/thumb/v7-m\libgcc.a
LOAD c:/program files (x86)/gnu tools arm embedded/7 2017-q4-major/bin/../lib/gcc/arm-none-eabi/7.2.1/../../../../arm-none-eabi/lib/thumb/v7-m\libc.a
START GROUP
LOAD c:/program files (x86)/gnu tools arm embedded/7 2017-q4-major/bin/../lib/gcc/arm-none-eabi/7.2.1/thumb/v7-m\libgcc.a
LOAD c:/program files (x86)/gnu tools arm embedded/7 2017-q4-major/bin/../lib/gcc/arm-none-eabi/7.2.1/../../../../arm-none-eabi/lib/thumb/v7-m\libg.a
LOAD c:/program files (x86)/gnu tools arm embedded/7 2017-q4-major/bin/../lib/gcc/arm-none-eabi/7.2.1/../../../../arm-none-eabi/lib/thumb/v7-m\libc.a
END GROUP
LOAD c:/program files (x86)/gnu tools arm embedded/7 2017-q4-major/bin/../lib/gcc/arm-none-eabi/7.2.1/thumb/v7-m/crtend.o
LOAD c:/program files (x86)/gnu tools arm embedded/7 2017-q4-major/bin/../lib/gcc/arm-none-eabi/7.2.1/thumb/v7-m/crtn.o
OUTPUT(SWH.elf elf32-littlearm)

.ARM.attributes
                0x00000000       0x29
 .ARM.attributes
                0x00000000       0x1d c:/program files (x86)/gnu tools arm embedded/7 2017-q4-major/bin/../lib/gcc/arm-none-eabi/7.2.1/thumb/v7-m/crti.o
 .ARM.attributes
                0x0000001d       0x2d c:/program files (x86)/gnu tools arm embedded/7 2017-q4-major/bin/../lib/gcc/arm-none-eabi/7.2.1/thumb/v7-m/crtbegin.o
 .ARM.attributes
                0x0000004a       0x33 ..\obj\nrf24_mid_level.o
 .ARM.attributes
                0x0000007d       0x33 ..\obj\i2c.o
 .ARM.attributes
                0x000000b0       0x33 ..\obj\system_stm32f10x.o
 .ARM.attributes
                0x000000e3       0x33 ..\obj\ds2432.o
 .ARM.attributes
                0x00000116       0x33 ..\obj\startup_stm32f10x_md.o
 .ARM.attributes
                0x00000149       0x33 ..\obj\task.o
 .ARM.attributes
                0x0000017c       0x33 ..\obj\debugMsg.o
 .ARM.attributes
                0x000001af       0x33 ..\obj\stm32f10x_gpio.o
 .ARM.attributes
                0x000001e2       0x33 ..\obj\systemTicks.o
 .ARM.attributes
                0x00000215       0x33 ..\obj\main.o
 .ARM.attributes
                0x00000248       0x33 ..\obj\printf.o
 .ARM.attributes
                0x0000027b       0x33 ..\obj\stm32f10x_rcc.o
 .ARM.attributes
                0x000002ae       0x33 ..\obj\stm32f10x_usart.o
 .ARM.attributes
                0x000002e1       0x33 ..\obj\syscalls.o
 .ARM.attributes
                0x00000314       0x33 ..\obj\ssd1306_fonts.o
 .ARM.attributes
                0x00000347       0x33 ..\obj\ssd1306_i2c.o
 .ARM.attributes
                0x0000037a       0x33 ..\obj\oneWire.o
 .ARM.attributes
                0x000003ad       0x33 ..\obj\debugUsart.o
 .ARM.attributes
                0x000003e0       0x33 ..\obj\misc.o
 .ARM.attributes
                0x00000413       0x33 ..\obj\ssd1306.o
 .ARM.attributes
                0x00000446       0x33 ..\obj\stm32f10x_i2c.o
 .ARM.attributes
                0x00000479       0x33 ..\obj\usart.o
 .ARM.attributes
                0x000004ac       0x33 ..\obj\ds1820.o
 .ARM.attributes
                0x000004df       0x1d c:/program files (x86)/gnu tools arm embedded/7 2017-q4-major/bin/../lib/gcc/arm-none-eabi/7.2.1/thumb/v7-m\libgcc.a(_arm_addsubsf3.o)
 .ARM.attributes
                0x000004fc       0x1d c:/program files (x86)/gnu tools arm embedded/7 2017-q4-major/bin/../lib/gcc/arm-none-eabi/7.2.1/thumb/v7-m\libgcc.a(_arm_muldivsf3.o)
 .ARM.attributes
                0x00000519       0x1d c:/program files (x86)/gnu tools arm embedded/7 2017-q4-major/bin/../lib/gcc/arm-none-eabi/7.2.1/thumb/v7-m\libgcc.a(_arm_fixsfsi.o)
 .ARM.attributes
                0x00000536       0x2d c:/program files (x86)/gnu tools arm embedded/7 2017-q4-major/bin/../lib/gcc/arm-none-eabi/7.2.1/../../../../arm-none-eabi/lib/thumb/v7-m\libc.a(lib_a-fputc.o)
 .ARM.attributes
                0x00000563       0x2d c:/program files (x86)/gnu tools arm embedded/7 2017-q4-major/bin/../lib/gcc/arm-none-eabi/7.2.1/../../../../arm-none-eabi/lib/thumb/v7-m\libc.a(lib_a-putc.o)
 .ARM.attributes
                0x00000590       0x2d c:/program files (x86)/gnu tools arm embedded/7 2017-q4-major/bin/../lib/gcc/arm-none-eabi/7.2.1/../../../../arm-none-eabi/lib/thumb/v7-m\libc.a(lib_a-wbuf.o)
 .ARM.attributes
                0x000005bd       0x2d c:/program files (x86)/gnu tools arm embedded/7 2017-q4-major/bin/../lib/gcc/arm-none-eabi/7.2.1/../../../../arm-none-eabi/lib/thumb/v7-m\libc.a(lib_a-wsetup.o)
 .ARM.attributes
                0x000005ea       0x2d c:/program files (x86)/gnu tools arm embedded/7 2017-q4-major/bin/../lib/gcc/arm-none-eabi/7.2.1/../../../../arm-none-eabi/lib/thumb/v7-m\libc.a(lib_a-fflush.o)
 .ARM.attributes
                0x00000617       0x2d c:/program files (x86)/gnu tools arm embedded/7 2017-q4-major/bin/../lib/gcc/arm-none-eabi/7.2.1/../../../../arm-none-eabi/lib/thumb/v7-m\libc.a(lib_a-findfp.o)
 .ARM.attributes
                0x00000644       0x2d c:/program files (x86)/gnu tools arm embedded/7 2017-q4-major/bin/../lib/gcc/arm-none-eabi/7.2.1/../../../../arm-none-eabi/lib/thumb/v7-m\libc.a(lib_a-freer.o)
 .ARM.attributes
                0x00000671       0x2d c:/program files (x86)/gnu tools arm embedded/7 2017-q4-major/bin/../lib/gcc/arm-none-eabi/7.2.1/../../../../arm-none-eabi/lib/thumb/v7-m\libc.a(lib_a-fwalk.o)
 .ARM.attributes
                0x0000069e       0x2d c:/program files (x86)/gnu tools arm embedded/7 2017-q4-major/bin/../lib/gcc/arm-none-eabi/7.2.1/../../../../arm-none-eabi/lib/thumb/v7-m\libc.a(lib_a-makebuf.o)
 .ARM.attributes
                0x000006cb       0x2d c:/program files (x86)/gnu tools arm embedded/7 2017-q4-major/bin/../lib/gcc/arm-none-eabi/7.2.1/../../../../arm-none-eabi/lib/thumb/v7-m\libc.a(lib_a-mallocr.o)
 .ARM.attributes
                0x000006f8       0x2d c:/program files (x86)/gnu tools arm embedded/7 2017-q4-major/bin/../lib/gcc/arm-none-eabi/7.2.1/../../../../arm-none-eabi/lib/thumb/v7-m\libc.a(lib_a-mlock.o)
 .ARM.attributes
                0x00000725       0x2d c:/program files (x86)/gnu tools arm embedded/7 2017-q4-major/bin/../lib/gcc/arm-none-eabi/7.2.1/../../../../arm-none-eabi/lib/thumb/v7-m\libc.a(lib_a-sbrkr.o)
 .ARM.attributes
                0x00000752       0x2d c:/program files (x86)/gnu tools arm embedded/7 2017-q4-major/bin/../lib/gcc/arm-none-eabi/7.2.1/../../../../arm-none-eabi/lib/thumb/v7-m\libc.a(lib_a-stdio.o)
 .ARM.attributes
                0x0000077f       0x2d c:/program files (x86)/gnu tools arm embedded/7 2017-q4-major/bin/../lib/gcc/arm-none-eabi/7.2.1/../../../../arm-none-eabi/lib/thumb/v7-m\libc.a(lib_a-writer.o)
 .ARM.attributes
                0x000007ac       0x2d c:/program files (x86)/gnu tools arm embedded/7 2017-q4-major/bin/../lib/gcc/arm-none-eabi/7.2.1/../../../../arm-none-eabi/lib/thumb/v7-m\libc.a(lib_a-closer.o)
 .ARM.attributes
                0x000007d9       0x2d c:/program files (x86)/gnu tools arm embedded/7 2017-q4-major/bin/../lib/gcc/arm-none-eabi/7.2.1/../../../../arm-none-eabi/lib/thumb/v7-m\libc.a(lib_a-fclose.o)
 .ARM.attributes
                0x00000806       0x2d c:/program files (x86)/gnu tools arm embedded/7 2017-q4-major/bin/../lib/gcc/arm-none-eabi/7.2.1/../../../../arm-none-eabi/lib/thumb/v7-m\libc.a(lib_a-fstatr.o)
 .ARM.attributes
                0x00000833       0x2d c:/program files (x86)/gnu tools arm embedded/7 2017-q4-major/bin/../lib/gcc/arm-none-eabi/7.2.1/../../../../arm-none-eabi/lib/thumb/v7-m\libc.a(lib_a-isattyr.o)
 .ARM.attributes
                0x00000860       0x2d c:/program files (x86)/gnu tools arm embedded/7 2017-q4-major/bin/../lib/gcc/arm-none-eabi/7.2.1/../../../../arm-none-eabi/lib/thumb/v7-m\libc.a(lib_a-lseekr.o)
 .ARM.attributes
                0x0000088d       0x2d c:/program files (x86)/gnu tools arm embedded/7 2017-q4-major/bin/../lib/gcc/arm-none-eabi/7.2.1/../../../../arm-none-eabi/lib/thumb/v7-m\libc.a(lib_a-readr.o)
 .ARM.attributes
                0x000008ba       0x2d c:/program files (x86)/gnu tools arm embedded/7 2017-q4-major/bin/../lib/gcc/arm-none-eabi/7.2.1/../../../../arm-none-eabi/lib/thumb/v7-m\libc.a(lib_a-reent.o)
 .ARM.attributes
                0x000008e7       0x1d c:/program files (x86)/gnu tools arm embedded/7 2017-q4-major/bin/../lib/gcc/arm-none-eabi/7.2.1/thumb/v7-m/crtn.o

.comment        0x00000000       0x7e
 .comment       0x00000000       0x7e ..\obj\nrf24_mid_level.o
                                 0x7f (size before relaxing)
 .comment       0x0000007e       0x7f ..\obj\i2c.o
 .comment       0x0000007e       0x7f ..\obj\system_stm32f10x.o
 .comment       0x0000007e       0x7f ..\obj\ds2432.o
 .comment       0x0000007e       0x7f ..\obj\startup_stm32f10x_md.o
 .comment       0x0000007e       0x7f ..\obj\task.o
 .comment       0x0000007e       0x7f ..\obj\debugMsg.o
 .comment       0x0000007e       0x7f ..\obj\stm32f10x_gpio.o
 .comment       0x0000007e       0x7f ..\obj\systemTicks.o
 .comment       0x0000007e       0x7f ..\obj\main.o
 .comment       0x0000007e       0x7f ..\obj\printf.o
 .comment       0x0000007e       0x7f ..\obj\stm32f10x_rcc.o
 .comment       0x0000007e       0x7f ..\obj\stm32f10x_usart.o
 .comment       0x0000007e       0x7f ..\obj\syscalls.o
 .comment       0x0000007e       0x7f ..\obj\ssd1306_fonts.o
 .comment       0x0000007e       0x7f ..\obj\ssd1306_i2c.o
 .comment       0x0000007e       0x7f ..\obj\oneWire.o
 .comment       0x0000007e       0x7f ..\obj\debugUsart.o
 .comment       0x0000007e       0x7f ..\obj\misc.o
 .comment       0x0000007e       0x7f ..\obj\ssd1306.o
 .comment       0x0000007e       0x7f ..\obj\stm32f10x_i2c.o
 .comment       0x0000007e       0x7f ..\obj\usart.o
 .comment       0x0000007e       0x7f ..\obj\ds1820.o

.debug_info     0x00000000     0xc5db
 .debug_info    0x00000000      0xcaa ..\obj\nrf24_mid_level.o
 .debug_info    0x00000caa      0x30b ..\obj\i2c.o
 .debug_info    0x00000fb5      0x4a1 ..\obj\system_stm32f10x.o
 .debug_info    0x00001456      0xcc9 ..\obj\ds2432.o
 .debug_info    0x0000211f      0x110 ..\obj\startup_stm32f10x_md.o
 .debug_info    0x0000222f      0xcfc ..\obj\task.o
 .debug_info    0x00002f2b      0xa79 ..\obj\debugMsg.o
 .debug_info    0x000039a4      0x6fe ..\obj\stm32f10x_gpio.o
 .debug_info    0x000040a2      0x6c2 ..\obj\systemTicks.o
 .debug_info    0x00004764      0xc1f ..\obj\main.o
 .debug_info    0x00005383      0xe1f ..\obj\printf.o
 .debug_info    0x000061a2      0x8ae ..\obj\stm32f10x_rcc.o
 .debug_info    0x00006a50      0x9f6 ..\obj\stm32f10x_usart.o
 .debug_info    0x00007446      0xc98 ..\obj\syscalls.o
 .debug_info    0x000080de      0x198 ..\obj\ssd1306_fonts.o
 .debug_info    0x00008276      0x413 ..\obj\ssd1306_i2c.o
 .debug_info    0x00008689      0x2b5 ..\obj\oneWire.o
 .debug_info    0x0000893e      0xc35 ..\obj\debugUsart.o
 .debug_info    0x00009573      0x547 ..\obj\misc.o
 .debug_info    0x00009aba      0x38b ..\obj\ssd1306.o
 .debug_info    0x00009e45      0xb13 ..\obj\stm32f10x_i2c.o
 .debug_info    0x0000a958      0xec4 ..\obj\usart.o
 .debug_info    0x0000b81c      0xdbf ..\obj\ds1820.o

.debug_abbrev   0x00000000     0x294e
 .debug_abbrev  0x00000000      0x223 ..\obj\nrf24_mid_level.o
 .debug_abbrev  0x00000223      0x118 ..\obj\i2c.o
 .debug_abbrev  0x0000033b      0x170 ..\obj\system_stm32f10x.o
 .debug_abbrev  0x000004ab      0x24e ..\obj\ds2432.o
 .debug_abbrev  0x000006f9       0xc1 ..\obj\startup_stm32f10x_md.o
 .debug_abbrev  0x000007ba      0x270 ..\obj\task.o
 .debug_abbrev  0x00000a2a      0x1e0 ..\obj\debugMsg.o
 .debug_abbrev  0x00000c0a      0x1e1 ..\obj\stm32f10x_gpio.o
 .debug_abbrev  0x00000deb      0x203 ..\obj\systemTicks.o
 .debug_abbrev  0x00000fee      0x24e ..\obj\main.o
 .debug_abbrev  0x0000123c      0x285 ..\obj\printf.o
 .debug_abbrev  0x000014c1      0x1d1 ..\obj\stm32f10x_rcc.o
 .debug_abbrev  0x00001692      0x191 ..\obj\stm32f10x_usart.o
 .debug_abbrev  0x00001823      0x229 ..\obj\syscalls.o
 .debug_abbrev  0x00001a4c       0x9e ..\obj\ssd1306_fonts.o
 .debug_abbrev  0x00001aea      0x147 ..\obj\ssd1306_i2c.o
 .debug_abbrev  0x00001c31      0x11e ..\obj\oneWire.o
 .debug_abbrev  0x00001d4f      0x28f ..\obj\debugUsart.o
 .debug_abbrev  0x00001fde      0x174 ..\obj\misc.o
 .debug_abbrev  0x00002152      0x174 ..\obj\ssd1306.o
 .debug_abbrev  0x000022c6      0x193 ..\obj\stm32f10x_i2c.o
 .debug_abbrev  0x00002459      0x26e ..\obj\usart.o
 .debug_abbrev  0x000026c7      0x287 ..\obj\ds1820.o

.debug_aranges  0x00000000      0x8f0
 .debug_aranges
                0x00000000       0x30 ..\obj\nrf24_mid_level.o
 .debug_aranges
                0x00000030       0x48 ..\obj\i2c.o
 .debug_aranges
                0x00000078       0x38 ..\obj\system_stm32f10x.o
 .debug_aranges
                0x000000b0       0x40 ..\obj\ds2432.o
 .debug_aranges
                0x000000f0       0x28 ..\obj\startup_stm32f10x_md.o
 .debug_aranges
                0x00000118       0x60 ..\obj\task.o
 .debug_aranges
                0x00000178       0x30 ..\obj\debugMsg.o
 .debug_aranges
                0x000001a8       0xa8 ..\obj\stm32f10x_gpio.o
 .debug_aranges
                0x00000250       0x48 ..\obj\systemTicks.o
 .debug_aranges
                0x00000298       0x38 ..\obj\main.o
 .debug_aranges
                0x000002d0       0x98 ..\obj\printf.o
 .debug_aranges
                0x00000368      0x118 ..\obj\stm32f10x_rcc.o
 .debug_aranges
                0x00000480      0x100 ..\obj\stm32f10x_usart.o
 .debug_aranges
                0x00000580       0x60 ..\obj\syscalls.o
 .debug_aranges
                0x000005e0       0x18 ..\obj\ssd1306_fonts.o
 .debug_aranges
                0x000005f8       0x30 ..\obj\ssd1306_i2c.o
 .debug_aranges
                0x00000628       0x40 ..\obj\oneWire.o
 .debug_aranges
                0x00000668       0x50 ..\obj\debugUsart.o
 .debug_aranges
                0x000006b8       0x40 ..\obj\misc.o
 .debug_aranges
                0x000006f8       0x58 ..\obj\ssd1306.o
 .debug_aranges
                0x00000750      0x120 ..\obj\stm32f10x_i2c.o
 .debug_aranges
                0x00000870       0x28 ..\obj\usart.o
 .debug_aranges
                0x00000898       0x58 ..\obj\ds1820.o

.debug_ranges   0x00000000      0x778
 .debug_ranges  0x00000000       0x20 ..\obj\nrf24_mid_level.o
 .debug_ranges  0x00000020       0x38 ..\obj\i2c.o
 .debug_ranges  0x00000058       0x28 ..\obj\system_stm32f10x.o
 .debug_ranges  0x00000080       0x30 ..\obj\ds2432.o
 .debug_ranges  0x000000b0       0x18 ..\obj\startup_stm32f10x_md.o
 .debug_ranges  0x000000c8       0x50 ..\obj\task.o
 .debug_ranges  0x00000118       0x20 ..\obj\debugMsg.o
 .debug_ranges  0x00000138       0x98 ..\obj\stm32f10x_gpio.o
 .debug_ranges  0x000001d0       0x38 ..\obj\systemTicks.o
 .debug_ranges  0x00000208       0x28 ..\obj\main.o
 .debug_ranges  0x00000230       0x88 ..\obj\printf.o
 .debug_ranges  0x000002b8      0x108 ..\obj\stm32f10x_rcc.o
 .debug_ranges  0x000003c0       0xf0 ..\obj\stm32f10x_usart.o
 .debug_ranges  0x000004b0       0x50 ..\obj\syscalls.o
 .debug_ranges  0x00000500       0x20 ..\obj\ssd1306_i2c.o
 .debug_ranges  0x00000520       0x30 ..\obj\oneWire.o
 .debug_ranges  0x00000550       0x40 ..\obj\debugUsart.o
 .debug_ranges  0x00000590       0x30 ..\obj\misc.o
 .debug_ranges  0x000005c0       0x48 ..\obj\ssd1306.o
 .debug_ranges  0x00000608      0x110 ..\obj\stm32f10x_i2c.o
 .debug_ranges  0x00000718       0x18 ..\obj\usart.o
 .debug_ranges  0x00000730       0x48 ..\obj\ds1820.o

.debug_line     0x00000000     0x3fa7
 .debug_line    0x00000000      0x280 ..\obj\nrf24_mid_level.o
 .debug_line    0x00000280      0x20a ..\obj\i2c.o
 .debug_line    0x0000048a      0x210 ..\obj\system_stm32f10x.o
 .debug_line    0x0000069a      0x3aa ..\obj\ds2432.o
 .debug_line    0x00000a44       0x88 ..\obj\startup_stm32f10x_md.o
 .debug_line    0x00000acc      0x330 ..\obj\task.o
 .debug_line    0x00000dfc      0x264 ..\obj\debugMsg.o
 .debug_line    0x00001060      0x38c ..\obj\stm32f10x_gpio.o
 .debug_line    0x000013ec      0x231 ..\obj\systemTicks.o
 .debug_line    0x0000161d      0x2e4 ..\obj\main.o
 .debug_line    0x00001901      0x34d ..\obj\printf.o
 .debug_line    0x00001c4e      0x487 ..\obj\stm32f10x_rcc.o
 .debug_line    0x000020d5      0x46e ..\obj\stm32f10x_usart.o
 .debug_line    0x00002543      0x2bd ..\obj\syscalls.o
 .debug_line    0x00002800      0x127 ..\obj\ssd1306_fonts.o
 .debug_line    0x00002927      0x203 ..\obj\ssd1306_i2c.o
 .debug_line    0x00002b2a      0x21f ..\obj\oneWire.o
 .debug_line    0x00002d49      0x2d1 ..\obj\debugUsart.o
 .debug_line    0x0000301a      0x201 ..\obj\misc.o
 .debug_line    0x0000321b      0x2c6 ..\obj\ssd1306.o
 .debug_line    0x000034e1      0x4a1 ..\obj\stm32f10x_i2c.o
 .debug_line    0x00003982      0x2b3 ..\obj\usart.o
 .debug_line    0x00003c35      0x372 ..\obj\ds1820.o

.debug_str      0x00000000     0x27ef
 .debug_str     0x00000000      0x7be ..\obj\nrf24_mid_level.o
                                0x861 (size before relaxing)
 .debug_str     0x000007be       0xfe ..\obj\i2c.o
                                0x28f (size before relaxing)
 .debug_str     0x000008bc      0x148 ..\obj\system_stm32f10x.o
                                0x2ed (size before relaxing)
 .debug_str     0x00000a04      0x216 ..\obj\ds2432.o
                                0x78f (size before relaxing)
 .debug_str     0x00000c1a       0xa8 ..\obj\startup_stm32f10x_md.o
                                0x15c (size before relaxing)
 .debug_str     0x00000cc2      0x124 ..\obj\task.o
                                0x713 (size before relaxing)
 .debug_str     0x00000de6       0x4a ..\obj\debugMsg.o
                                0x618 (size before relaxing)
 .debug_str     0x00000e30      0x26f ..\obj\stm32f10x_gpio.o
                                0x527 (size before relaxing)
 .debug_str     0x0000109f      0x407 ..\obj\systemTicks.o
                                0x62f (size before relaxing)
 .debug_str     0x000014a6       0x85 ..\obj\main.o
                                0x6f1 (size before relaxing)
 .debug_str     0x0000152b       0xda ..\obj\printf.o
                                0x63a (size before relaxing)
 .debug_str     0x00001605      0x35a ..\obj\stm32f10x_rcc.o
                                0x628 (size before relaxing)
 .debug_str     0x0000195f      0x415 ..\obj\stm32f10x_usart.o
                                0x69e (size before relaxing)
 .debug_str     0x00001d74      0x177 ..\obj\syscalls.o
                                0x6e2 (size before relaxing)
 .debug_str     0x00001eeb       0x3c ..\obj\ssd1306_fonts.o
                                0x1bd (size before relaxing)
 .debug_str     0x00001f27       0xdb ..\obj\ssd1306_i2c.o
                                0x414 (size before relaxing)
 .debug_str     0x00002002       0x6a ..\obj\oneWire.o
                                0x204 (size before relaxing)
 .debug_str     0x0000206c       0x9f ..\obj\debugUsart.o
                                0x6c6 (size before relaxing)
 .debug_str     0x0000210b      0x162 ..\obj\misc.o
                                0x3cc (size before relaxing)
 .debug_str     0x0000226d      0x10d ..\obj\ssd1306.o
                                0x2dd (size before relaxing)
 .debug_str     0x0000237a      0x317 ..\obj\stm32f10x_i2c.o
                                0x674 (size before relaxing)
 .debug_str     0x00002691       0x5d ..\obj\usart.o
                                0xb9a (size before relaxing)
 .debug_str     0x000026ee      0x101 ..\obj\ds1820.o
                                0x885 (size before relaxing)

.debug_frame    0x00000000     0x2934
 .debug_frame   0x00000000       0x6c ..\obj\nrf24_mid_level.o
 .debug_frame   0x0000006c       0xe8 ..\obj\i2c.o
 .debug_frame   0x00000154       0x98 ..\obj\system_stm32f10x.o
 .debug_frame   0x000001ec       0xcc ..\obj\ds2432.o
 .debug_frame   0x000002b8       0x4c ..\obj\startup_stm32f10x_md.o
 .debug_frame   0x00000304      0x160 ..\obj\task.o
 .debug_frame   0x00000464       0x7c ..\obj\debugMsg.o
 .debug_frame   0x000004e0      0x2d0 ..\obj\stm32f10x_gpio.o
 .debug_frame   0x000007b0       0xe4 ..\obj\systemTicks.o
 .debug_frame   0x00000894       0x84 ..\obj\main.o
 .debug_frame   0x00000918      0x2b4 ..\obj\printf.o
 .debug_frame   0x00000bcc      0x4f4 ..\obj\stm32f10x_rcc.o
 .debug_frame   0x000010c0      0x490 ..\obj\stm32f10x_usart.o
 .debug_frame   0x00001550      0x164 ..\obj\syscalls.o
 .debug_frame   0x000016b4       0x7c ..\obj\ssd1306_i2c.o
 .debug_frame   0x00001730       0xc4 ..\obj\oneWire.o
 .debug_frame   0x000017f4       0xfc ..\obj\debugUsart.o
 .debug_frame   0x000018f0       0xd8 ..\obj\misc.o
 .debug_frame   0x000019c8      0x134 ..\obj\ssd1306.o
 .debug_frame   0x00001afc      0x530 ..\obj\stm32f10x_i2c.o
 .debug_frame   0x0000202c       0x5c ..\obj\usart.o
 .debug_frame   0x00002088      0x128 ..\obj\ds1820.o
 .debug_frame   0x000021b0       0x4c c:/program files (x86)/gnu tools arm embedded/7 2017-q4-major/bin/../lib/gcc/arm-none-eabi/7.2.1/thumb/v7-m\libgcc.a(_arm_addsubsf3.o)
 .debug_frame   0x000021fc       0x38 c:/program files (x86)/gnu tools arm embedded/7 2017-q4-major/bin/../lib/gcc/arm-none-eabi/7.2.1/thumb/v7-m\libgcc.a(_arm_muldivsf3.o)
 .debug_frame   0x00002234       0x24 c:/program files (x86)/gnu tools arm embedded/7 2017-q4-major/bin/../lib/gcc/arm-none-eabi/7.2.1/thumb/v7-m\libgcc.a(_arm_fixsfsi.o)
 .debug_frame   0x00002258       0x54 c:/program files (x86)/gnu tools arm embedded/7 2017-q4-major/bin/../lib/gcc/arm-none-eabi/7.2.1/../../../../arm-none-eabi/lib/thumb/v7-m\libc.a(lib_a-fputc.o)
 .debug_frame   0x000022ac       0x50 c:/program files (x86)/gnu tools arm embedded/7 2017-q4-major/bin/../lib/gcc/arm-none-eabi/7.2.1/../../../../arm-none-eabi/lib/thumb/v7-m\libc.a(lib_a-putc.o)
 .debug_frame   0x000022fc       0x40 c:/program files (x86)/gnu tools arm embedded/7 2017-q4-major/bin/../lib/gcc/arm-none-eabi/7.2.1/../../../../arm-none-eabi/lib/thumb/v7-m\libc.a(lib_a-wbuf.o)
 .debug_frame   0x0000233c       0x2c c:/program files (x86)/gnu tools arm embedded/7 2017-q4-major/bin/../lib/gcc/arm-none-eabi/7.2.1/../../../../arm-none-eabi/lib/thumb/v7-m\libc.a(lib_a-wsetup.o)
 .debug_frame   0x00002368       0x5c c:/program files (x86)/gnu tools arm embedded/7 2017-q4-major/bin/../lib/gcc/arm-none-eabi/7.2.1/../../../../arm-none-eabi/lib/thumb/v7-m\libc.a(lib_a-fflush.o)
 .debug_frame   0x000023c4      0x150 c:/program files (x86)/gnu tools arm embedded/7 2017-q4-major/bin/../lib/gcc/arm-none-eabi/7.2.1/../../../../arm-none-eabi/lib/thumb/v7-m\libc.a(lib_a-findfp.o)
 .debug_frame   0x00002514       0x80 c:/program files (x86)/gnu tools arm embedded/7 2017-q4-major/bin/../lib/gcc/arm-none-eabi/7.2.1/../../../../arm-none-eabi/lib/thumb/v7-m\libc.a(lib_a-freer.o)
 .debug_frame   0x00002594       0x54 c:/program files (x86)/gnu tools arm embedded/7 2017-q4-major/bin/../lib/gcc/arm-none-eabi/7.2.1/../../../../arm-none-eabi/lib/thumb/v7-m\libc.a(lib_a-fwalk.o)
 .debug_frame   0x000025e8       0x64 c:/program files (x86)/gnu tools arm embedded/7 2017-q4-major/bin/../lib/gcc/arm-none-eabi/7.2.1/../../../../arm-none-eabi/lib/thumb/v7-m\libc.a(lib_a-makebuf.o)
 .debug_frame   0x0000264c       0x4c c:/program files (x86)/gnu tools arm embedded/7 2017-q4-major/bin/../lib/gcc/arm-none-eabi/7.2.1/../../../../arm-none-eabi/lib/thumb/v7-m\libc.a(lib_a-mallocr.o)
 .debug_frame   0x00002698       0x30 c:/program files (x86)/gnu tools arm embedded/7 2017-q4-major/bin/../lib/gcc/arm-none-eabi/7.2.1/../../../../arm-none-eabi/lib/thumb/v7-m\libc.a(lib_a-mlock.o)
 .debug_frame   0x000026c8       0x2c c:/program files (x86)/gnu tools arm embedded/7 2017-q4-major/bin/../lib/gcc/arm-none-eabi/7.2.1/../../../../arm-none-eabi/lib/thumb/v7-m\libc.a(lib_a-sbrkr.o)
 .debug_frame   0x000026f4       0x88 c:/program files (x86)/gnu tools arm embedded/7 2017-q4-major/bin/../lib/gcc/arm-none-eabi/7.2.1/../../../../arm-none-eabi/lib/thumb/v7-m\libc.a(lib_a-stdio.o)
 .debug_frame   0x0000277c       0x30 c:/program files (x86)/gnu tools arm embedded/7 2017-q4-major/bin/../lib/gcc/arm-none-eabi/7.2.1/../../../../arm-none-eabi/lib/thumb/v7-m\libc.a(lib_a-writer.o)
 .debug_frame   0x000027ac       0x2c c:/program files (x86)/gnu tools arm embedded/7 2017-q4-major/bin/../lib/gcc/arm-none-eabi/7.2.1/../../../../arm-none-eabi/lib/thumb/v7-m\libc.a(lib_a-closer.o)
 .debug_frame   0x000027d8       0x3c c:/program files (x86)/gnu tools arm embedded/7 2017-q4-major/bin/../lib/gcc/arm-none-eabi/7.2.1/../../../../arm-none-eabi/lib/thumb/v7-m\libc.a(lib_a-fclose.o)
 .debug_frame   0x00002814       0x2c c:/program files (x86)/gnu tools arm embedded/7 2017-q4-major/bin/../lib/gcc/arm-none-eabi/7.2.1/../../../../arm-none-eabi/lib/thumb/v7-m\libc.a(lib_a-fstatr.o)
 .debug_frame   0x00002840       0x2c c:/program files (x86)/gnu tools arm embedded/7 2017-q4-major/bin/../lib/gcc/arm-none-eabi/7.2.1/../../../../arm-none-eabi/lib/thumb/v7-m\libc.a(lib_a-isattyr.o)
 .debug_frame   0x0000286c       0x30 c:/program files (x86)/gnu tools arm embedded/7 2017-q4-major/bin/../lib/gcc/arm-none-eabi/7.2.1/../../../../arm-none-eabi/lib/thumb/v7-m\libc.a(lib_a-lseekr.o)
 .debug_frame   0x0000289c       0x30 c:/program files (x86)/gnu tools arm embedded/7 2017-q4-major/bin/../lib/gcc/arm-none-eabi/7.2.1/../../../../arm-none-eabi/lib/thumb/v7-m\libc.a(lib_a-readr.o)
 .debug_frame   0x000028cc       0x68 c:/program files (x86)/gnu tools arm embedded/7 2017-q4-major/bin/../lib/gcc/arm-none-eabi/7.2.1/../../../../arm-none-eabi/lib/thumb/v7-m\libc.a(lib_a-reent.o)
