Archive member included to satisfy reference by file (symbol)

c:/program files (x86)/gnu tools arm embedded/7 2017-q4-major/bin/../lib/gcc/arm-none-eabi/7.2.1/../../../../arm-none-eabi/lib/thumb/v7-m\libc.a(lib_a-exit.o)
                              c:/program files (x86)/gnu tools arm embedded/7 2017-q4-major/bin/../lib/gcc/arm-none-eabi/7.2.1/../../../../arm-none-eabi/lib/thumb/v7-m/crt0.o (exit)
c:/program files (x86)/gnu tools arm embedded/7 2017-q4-major/bin/../lib/gcc/arm-none-eabi/7.2.1/../../../../arm-none-eabi/lib/thumb/v7-m\libc.a(lib_a-impure.o)
                              c:/program files (x86)/gnu tools arm embedded/7 2017-q4-major/bin/../lib/gcc/arm-none-eabi/7.2.1/../../../../arm-none-eabi/lib/thumb/v7-m\libc.a(lib_a-exit.o) (_global_impure_ptr)
c:/program files (x86)/gnu tools arm embedded/7 2017-q4-major/bin/../lib/gcc/arm-none-eabi/7.2.1/../../../../arm-none-eabi/lib/thumb/v7-m\libc.a(lib_a-init.o)
                              c:/program files (x86)/gnu tools arm embedded/7 2017-q4-major/bin/../lib/gcc/arm-none-eabi/7.2.1/../../../../arm-none-eabi/lib/thumb/v7-m/crt0.o (__libc_init_array)
c:/program files (x86)/gnu tools arm embedded/7 2017-q4-major/bin/../lib/gcc/arm-none-eabi/7.2.1/../../../../arm-none-eabi/lib/thumb/v7-m\libc.a(lib_a-memset.o)
                              c:/program files (x86)/gnu tools arm embedded/7 2017-q4-major/bin/../lib/gcc/arm-none-eabi/7.2.1/../../../../arm-none-eabi/lib/thumb/v7-m/crt0.o (memset)
c:/program files (x86)/gnu tools arm embedded/7 2017-q4-major/bin/../lib/gcc/arm-none-eabi/7.2.1/../../../../arm-none-eabi/lib/thumb/v7-m\libc.a(lib_a-__call_atexit.o)
                              c:/program files (x86)/gnu tools arm embedded/7 2017-q4-major/bin/../lib/gcc/arm-none-eabi/7.2.1/../../../../arm-none-eabi/lib/thumb/v7-m\libc.a(lib_a-exit.o) (__call_exitprocs)
c:/program files (x86)/gnu tools arm embedded/7 2017-q4-major/bin/../lib/gcc/arm-none-eabi/7.2.1/../../../../arm-none-eabi/lib/thumb/v7-m\libc.a(lib_a-atexit.o)
                              c:/program files (x86)/gnu tools arm embedded/7 2017-q4-major/bin/../lib/gcc/arm-none-eabi/7.2.1/../../../../arm-none-eabi/lib/thumb/v7-m\libc.a(lib_a-__call_atexit.o) (atexit)
c:/program files (x86)/gnu tools arm embedded/7 2017-q4-major/bin/../lib/gcc/arm-none-eabi/7.2.1/../../../../arm-none-eabi/lib/thumb/v7-m\libc.a(lib_a-fini.o)
                              c:/program files (x86)/gnu tools arm embedded/7 2017-q4-major/bin/../lib/gcc/arm-none-eabi/7.2.1/../../../../arm-none-eabi/lib/thumb/v7-m\libc.a(lib_a-__call_atexit.o) (__libc_fini_array)
c:/program files (x86)/gnu tools arm embedded/7 2017-q4-major/bin/../lib/gcc/arm-none-eabi/7.2.1/../../../../arm-none-eabi/lib/thumb/v7-m\libc.a(lib_a-lock.o)
                              c:/program files (x86)/gnu tools arm embedded/7 2017-q4-major/bin/../lib/gcc/arm-none-eabi/7.2.1/../../../../arm-none-eabi/lib/thumb/v7-m\libc.a(lib_a-__call_atexit.o) (__retarget_lock_acquire_recursive)
c:/program files (x86)/gnu tools arm embedded/7 2017-q4-major/bin/../lib/gcc/arm-none-eabi/7.2.1/../../../../arm-none-eabi/lib/thumb/v7-m\libc.a(lib_a-__atexit.o)
                              c:/program files (x86)/gnu tools arm embedded/7 2017-q4-major/bin/../lib/gcc/arm-none-eabi/7.2.1/../../../../arm-none-eabi/lib/thumb/v7-m\libc.a(lib_a-atexit.o) (__register_exitproc)
c:/program files (x86)/gnu tools arm embedded/7 2017-q4-major/bin/../lib/gcc/arm-none-eabi/7.2.1/thumb/v7-m\libgcc.a(_arm_addsubdf3.o)
                              ..\obj\ssd1306_tests.o (__aeabi_ui2d)
c:/program files (x86)/gnu tools arm embedded/7 2017-q4-major/bin/../lib/gcc/arm-none-eabi/7.2.1/thumb/v7-m\libgcc.a(_arm_muldivdf3.o)
                              ..\obj\ssd1306_tests.o (__aeabi_ddiv)
c:/program files (x86)/gnu tools arm embedded/7 2017-q4-major/bin/../lib/gcc/arm-none-eabi/7.2.1/thumb/v7-m\libgcc.a(_arm_fixdfsi.o)
                              ..\obj\ssd1306_tests.o (__aeabi_d2iz)
c:/program files (x86)/gnu tools arm embedded/7 2017-q4-major/bin/../lib/gcc/arm-none-eabi/7.2.1/thumb/v7-m\libgcc.a(_arm_addsubsf3.o)
                              ..\obj\ssd1306_tests.o (__aeabi_i2f)
c:/program files (x86)/gnu tools arm embedded/7 2017-q4-major/bin/../lib/gcc/arm-none-eabi/7.2.1/thumb/v7-m\libgcc.a(_arm_muldivsf3.o)
                              ..\obj\ds1820.o (__aeabi_fdiv)
c:/program files (x86)/gnu tools arm embedded/7 2017-q4-major/bin/../lib/gcc/arm-none-eabi/7.2.1/thumb/v7-m\libgcc.a(_arm_fixsfsi.o)
                              ..\obj\ds1820.o (__aeabi_f2iz)
c:/program files (x86)/gnu tools arm embedded/7 2017-q4-major/bin/../lib/gcc/arm-none-eabi/7.2.1/../../../../arm-none-eabi/lib/thumb/v7-m\libc.a(lib_a-fputc.o)
                              ..\obj\printf.o (fputc)
c:/program files (x86)/gnu tools arm embedded/7 2017-q4-major/bin/../lib/gcc/arm-none-eabi/7.2.1/../../../../arm-none-eabi/lib/thumb/v7-m\libc.a(lib_a-memcpy.o)
                              ..\obj\ds2432.o (memcpy)
[...]
Memory Configuration

Name             Origin             Length             Attributes
rom_org          0x08000000         0x00000200         xr
rom              0x08000200         0x0000fe00         xr
ram              0x20000000         0x00005000         xrw
*default*        0x00000000         0xffffffff

Linker script and memory map

LOAD c:/program files (x86)/gnu tools arm embedded/7 2017-q4-major/bin/../lib/gcc/arm-none-eabi/7.2.1/thumb/v7-m/crti.o
LOAD c:/program files (x86)/gnu tools arm embedded/7 2017-q4-major/bin/../lib/gcc/arm-none-eabi/7.2.1/thumb/v7-m/crtbegin.o
LOAD c:/program files (x86)/gnu tools arm embedded/7 2017-q4-major/bin/../lib/gcc/arm-none-eabi/7.2.1/../../../../arm-none-eabi/lib/thumb/v7-m/crt0.o
                0x20005000                _eram = 0x20005000

.isr_vector     0x08000000      0x10c
                0x08000000                . = ALIGN (0x4)
 *(.isr_vector)
 .isr_vector    0x08000000      0x10c ..\obj\startup_stm32f10x_md.o
                0x08000000                g_pfnVectors
                0x0800010c                . = ALIGN (0x4)
                0x08000200                _version_start = 0x8000200

.eh_frame       0x0800010c        0x0
 .eh_frame      0x0800010c        0x0 c:/program files (x86)/gnu tools arm embedded/7 2017-q4-major/bin/../lib/gcc/arm-none-eabi/7.2.1/thumb/v7-m/crtbegin.o

._version_start
                0x08000200        0x4
 *(.FW_0)
 *(.FW_1)
 *(.FW_2)
 *(.FW_3)
 ._version_start
                0x08000200        0x4 ..\obj\debugMsg.o

.text           0x08000204     0x7792
 *(.text*)
 .text          0x08000204       0x40 c:/program files (x86)/gnu tools arm embedded/7 2017-q4-major/bin/../lib/gcc/arm-none-eabi/7.2.1/thumb/v7-m/crtbegin.o
 .text.memset   0x08000244       0x94 c:/program files (x86)/gnu tools arm embedded/7 2017-q4-major/bin/../lib/gcc/arm-none-eabi/7.2.1/../../../../arm-none-eabi/lib/thumb/v7-m\libc.a(lib_a-memset.o)
                0x08000244                memset
 .text.startup.register_fini
                0x080002d8       0x14 c:/program files (x86)/gnu tools arm embedded/7 2017-q4-major/bin/../lib/gcc/arm-none-eabi/7.2.1/../../../../arm-none-eabi/lib/thumb/v7-m\libc.a(lib_a-__call_atexit.o)
 .text.atexit   0x080002ec        0xc c:/program files (x86)/gnu tools arm embedded/7 2017-q4-major/bin/../lib/gcc/arm-none-eabi/7.2.1/../../../../arm-none-eabi/lib/thumb/v7-m\libc.a(lib_a-atexit.o)
                0x080002ec                atexit
 .text.__libc_fini_array
                0x080002f8       0x34 c:/program files (x86)/gnu tools arm embedded/7 2017-q4-major/bin/../lib/gcc/arm-none-eabi/7.2.1/../../../../arm-none-eabi/lib/thumb/v7-m\libc.a(lib_a-fini.o)
                0x080002f8                __libc_fini_array
 .text.__retarget_lock_init_recursive
                0x0800032c        0x4 c:/program files (x86)/gnu tools arm embedded/7 2017-q4-major/bin/../lib/gcc/arm-none-eabi/7.2.1/../../../../arm-none-eabi/lib/thumb/v7-m\libc.a(lib_a-lock.o)
                0x0800032c                __retarget_lock_init_recursive
 .text.__retarget_lock_close_recursive
                0x08000330        0x4 c:/program files (x86)/gnu tools arm embedded/7 2017-q4-major/bin/../lib/gcc/arm-none-eabi/7.2.1/../../../../arm-none-eabi/lib/thumb/v7-m\libc.a(lib_a-lock.o)
                0x08000330                __retarget_lock_close_recursive
 .text.__retarget_lock_acquire_recursive
                0x08000334        0x4 c:/program files (x86)/gnu tools arm embedded/7 2017-q4-major/bin/../lib/gcc/arm-none-eabi/7.2.1/../../../../arm-none-eabi/lib/thumb/v7-m\libc.a(lib_a-lock.o)
                0x08000334                __retarget_lock_acquire_recursive
 .text.__retarget_lock_release_recursive
                0x08000338        0x4 c:/program files (x86)/gnu tools arm embedded/7 2017-q4-major/bin/../lib/gcc/arm-none-eabi/7.2.1/../../../../arm-none-eabi/lib/thumb/v7-m\libc.a(lib_a-lock.o)
                0x08000338                __retarget_lock_release_recursive
 .text.__register_exitproc
                0x0800033c       0xc0 c:/program files (x86)/gnu tools arm embedded/7 2017-q4-major/bin/../lib/gcc/arm-none-eabi/7.2.1/../../../../arm-none-eabi/lib/thumb/v7-m\libc.a(lib_a-__atexit.o)
                0x0800033c                __register_exitproc
 .text.nRF24_Receive
                0x080003fc       0x74 ..\obj\nrf24_mid_level.o
                0x080003fc                nRF24_Receive
 .text.i2c_start
                0x08000470       0x40 ..\obj\i2c.o
                0x08000470                i2c_start
 .text.i2c_stop
                0x080004b0       0x18 ..\obj\i2c.o
                0x080004b0                i2c_stop
 .text.i2c_address_direction
                0x080004c8       0x5c ..\obj\i2c.o
                0x080004c8                i2c_address_direction
 .text.i2c_transmit
                0x08000524       0x34 ..\obj\i2c.o
                0x08000524                i2c_transmit
 .text.nRF24_ReadReg
                0x08000558       0x44 ..\obj\nrf24.o
 .text.nRF24_WriteReg
                0x0800059c       0x80 ..\obj\nrf24.o
 .text.nRF24_ReadMBReg
                0x0800061c       0x54 ..\obj\nrf24.o
 .text.nRF24_GetStatus_RXFIFO
                0x08000670       0x16 ..\obj\nrf24.o
                0x08000670                nRF24_GetStatus_RXFIFO
 .text.nRF24_ClearIRQFlags
                0x08000686       0x2a ..\obj\nrf24.o
                0x08000686                nRF24_ClearIRQFlags
 .text.nRF24_ReadPayload
                0x080006b0       0x64 ..\obj\nrf24.o
                0x080006b0                nRF24_ReadPayload
 .text.SystemInit
                0x08000714       0x68 ..\obj\system_stm32f10x.o
                0x08000714                SystemInit
 .text.SetSysClock
                0x0800077c        0xc ..\obj\system_stm32f10x.o
 .text.SetSysClockTo72
                0x08000788      0x100 ..\obj\system_stm32f10x.o
 .text.DS2432_Init
                0x08000888       0x28 ..\obj\ds2432.o
                0x08000888                DS2432_Init
 .text.Default_Reset_Handler
                0x080008b0       0x60 ..\obj\startup_stm32f10x_md.o
                0x080008b0                Default_Reset_Handler
                0x080008b0                Reset_Handler
 .text.Default_Handler
                0x08000910        0x6 ..\obj\startup_stm32f10x_md.o
                0x08000910                EXTI2_IRQHandler
                0x08000910                DebugMon_Handler
                0x08000910                TIM1_CC_IRQHandler
                0x08000910                HardFault_Handler
                0x08000910                PVD_IRQHandler
                0x08000910                PendSV_Handler
                0x08000910                NMI_Handler
                0x08000910                EXTI3_IRQHandler
                0x08000910                EXTI0_IRQHandler
                0x08000910                I2C2_EV_IRQHandler
                0x08000910                UsageFault_Handler
                0x08000910                ADC1_2_IRQHandler
                0x08000910                SPI1_IRQHandler
                0x08000910                TAMPER_IRQHandler
                0x08000910                DMA1_Channel4_IRQHandler
                0x08000910                USART3_IRQHandler
                0x08000910                RTC_IRQHandler
                0x08000910                DMA1_Channel7_IRQHandler
                0x08000910                CAN1_RX1_IRQHandler
                0x08000910                TIM4_IRQHandler
                0x08000910                I2C1_EV_IRQHandler
                0x08000910                DMA1_Channel6_IRQHandler
                0x08000910                TIM3_IRQHandler
                0x08000910                RCC_IRQHandler
                0x08000910                TIM1_TRG_COM_IRQHandler
                0x08000910                DMA1_Channel1_IRQHandler
                0x08000910                EXTI15_10_IRQHandler
                0x08000910                EXTI9_5_IRQHandler
                0x08000910                SPI2_IRQHandler
                0x08000910                MemManage_Handler
                0x08000910                SVC_Handler
                0x08000910                DMA1_Channel5_IRQHandler
                0x08000910                EXTI4_IRQHandler
                0x08000910                USB_LP_CAN1_RX0_IRQHandler
                0x08000910                USB_HP_CAN1_TX_IRQHandler
                0x08000910                DMA1_Channel3_IRQHandler
                0x08000910                TIM1_UP_IRQHandler
                0x08000910                WWDG_IRQHandler
                0x08000910                TIM2_IRQHandler
                0x08000910                TIM1_BRK_IRQHandler
                0x08000910                EXTI1_IRQHandler
                0x08000910                RTCAlarm_IRQHandler
                0x08000910                USART2_IRQHandler
                0x08000910                I2C2_ER_IRQHandler
                0x08000910                DMA1_Channel2_IRQHandler
                0x08000910                CAN1_SCE_IRQHandler
                0x08000910                FLASH_IRQHandler
                0x08000910                BusFault_Handler
                0x08000910                I2C1_ER_IRQHandler
                0x08000910                USBWakeUp_IRQHandler
 *fill*         0x08000916        0x2 
 .text.InitTasks
                0x08000918       0x24 ..\obj\task.o
                0x08000918                InitTasks
 .text.AddTaskSignal
                0x0800093c       0x98 ..\obj\task.o
                0x0800093c                AddTaskSignal
 .text.AddTaskTime
                0x080009d4       0xc0 ..\obj\task.o
                0x080009d4                AddTaskTime
 .text.TaskManager
                0x08000a94       0x54 ..\obj\task.o
                0x08000a94                TaskManager
 .text.PrintTasks
                0x08000ae8       0x80 ..\obj\task.o
                0x08000ae8                PrintTasks
 .text.ShowMcuInfo
                0x08000b68       0x60 ..\obj\debugMsg.o
                0x08000b68                ShowMcuInfo
 .text.ShowSystemClocks
                0x08000bc8       0x24 ..\obj\debugMsg.o
                0x08000bc8                ShowSystemClocks
 .text.ShowBoardInfo
                0x08000bec       0x9c ..\obj\debugMsg.o
                0x08000bec                ShowBoardInfo
 .text.GPIO_Init
                0x08000c88      0x178 ..\obj\stm32f10x_gpio.o
                0x08000c88                GPIO_Init
 .text.GPIO_ReadInputDataBit
                0x08000e00       0x32 ..\obj\stm32f10x_gpio.o
                0x08000e00                GPIO_ReadInputDataBit
 .text.GPIO_SetBits
                0x08000e32       0x1c ..\obj\stm32f10x_gpio.o
                0x08000e32                GPIO_SetBits
 .text.GPIO_ResetBits
                0x08000e4e       0x1c ..\obj\stm32f10x_gpio.o
                0x08000e4e                GPIO_ResetBits
 *fill*         0x08000e6a        0x2 
 .text.GPIO_PinRemapConfig
                0x08000e6c       0xe0 ..\obj\stm32f10x_gpio.o
                0x08000e6c                GPIO_PinRemapConfig
 .text.GetTick  0x08000f4c       0x20 ..\obj\ssd1306_tests.o
                0x08000f4c                GetTick
 .text.ssd1306_TestBorder
                0x08000f6c       0xa8 ..\obj\ssd1306_tests.o
                0x08000f6c                ssd1306_TestBorder
 .text.ssd1306_TestFonts
                0x08001014       0x68 ..\obj\ssd1306_tests.o
                0x08001014                ssd1306_TestFonts
 .text.ssd1306_TestFPS
                0x0800107c      0x124 ..\obj\ssd1306_tests.o
                0x0800107c                ssd1306_TestFPS
 .text.ssd1306_TestAll
                0x080011a0       0x24 ..\obj\ssd1306_tests.o
                0x080011a0                ssd1306_TestAll
 .text.NVIC_SetPriority
                0x080011c4       0x54 ..\obj\systemTicks.o
 .text.SysTick_Config
                0x08001218       0x44 ..\obj\systemTicks.o
 .text.Systick_Init
                0x0800125c       0x2c ..\obj\systemTicks.o
                0x0800125c                Systick_Init
 .text.InitSystemTicks
                0x08001288       0x18 ..\obj\systemTicks.o
                0x08001288                InitSystemTicks
 .text.SysTick_Handler
                0x080012a0       0x1c ..\obj\systemTicks.o
                0x080012a0                SysTick_Handler
 .text._DelayUS
                0x080012bc       0x30 ..\obj\systemTicks.o
                0x080012bc                _DelayUS
 .text.TasksScheduler
                0x080012ec      0x11c ..\obj\main.o
 .text.DefineTasks
                0x08001408       0x7c ..\obj\main.o
                0x08001408                DefineTasks
 .text.Init     0x08001484       0x30 ..\obj\main.o
                0x08001484                Init
 .text.main     0x080014b4       0x28 ..\obj\main.o
                0x080014b4                main
 .text.PutChar  0x080014dc       0x1e ..\obj\printf.o
                0x080014dc                PutChar
 .text.PutString
                0x080014fa       0x3a ..\obj\printf.o
                0x080014fa                PutString
 .text.PutUnsignedInt
                0x08001534       0x9c ..\obj\printf.o
                0x08001534                PutUnsignedInt
 .text.PutSignedInt
                0x080015d0       0xf8 ..\obj\printf.o
                0x080015d0                PutSignedInt
 .text.PutHexa  0x080016c8       0xd4 ..\obj\printf.o
                0x080016c8                PutHexa
 .text.vsnprintf
                0x0800179c      0x254 ..\obj\printf.o
                0x0800179c                vsnprintf
 .text.snprintf
                0x080019f0       0x30 ..\obj\printf.o
                0x080019f0                snprintf
 .text.vsprintf
                0x08001a20       0x22 ..\obj\printf.o
                0x08001a20                vsprintf
 *fill*         0x08001a42        0x2 
 .text.vfprintf
                0x08001a44       0x68 ..\obj\printf.o
                0x08001a44                vfprintf
 .text.vprintf  0x08001aac       0x28 ..\obj\printf.o
                0x08001aac                vprintf
 .text.printf   0x08001ad4       0x28 ..\obj\printf.o
                0x08001ad4                printf
 .text.fputs    0x08001afc       0x48 ..\obj\printf.o
                0x08001afc                fputs
 .text.RCC_GetClocksFreq
                0x08001b44      0x160 ..\obj\stm32f10x_rcc.o
                0x08001b44                RCC_GetClocksFreq
 .text.RCC_APB2PeriphClockCmd
                0x08001ca4       0x3c ..\obj\stm32f10x_rcc.o
                0x08001ca4                RCC_APB2PeriphClockCmd
 .text.RCC_APB1PeriphClockCmd
                0x08001ce0       0x3c ..\obj\stm32f10x_rcc.o
                0x08001ce0                RCC_APB1PeriphClockCmd
 .text.nRF24_LL_RW
                0x08001d1c       0x4c ..\obj\nrf24_hal.o
                0x08001d1c                nRF24_LL_RW
 .text.USART_Init
                0x08001d68      0x174 ..\obj\stm32f10x_usart.o
                0x08001d68                USART_Init
 .text.USART_Cmd
                0x08001edc       0x3e ..\obj\stm32f10x_usart.o
                0x08001edc                USART_Cmd
 .text.USART_ITConfig
                0x08001f1a       0x8e ..\obj\stm32f10x_usart.o
                0x08001f1a                USART_ITConfig
 .text._sbrk    0x08001fa8       0x3c ..\obj\syscalls.o
                0x08001fa8                _sbrk
 .text._close   0x08001fe4       0x16 ..\obj\syscalls.o
                0x08001fe4                _close
 .text._fstat   0x08001ffa       0x1e ..\obj\syscalls.o
                0x08001ffa                _fstat
 .text._isatty  0x08002018       0x14 ..\obj\syscalls.o
                0x08002018                _isatty
 .text._lseek   0x0800202c       0x18 ..\obj\syscalls.o
                0x0800202c                _lseek
 .text._read    0x08002044       0x18 ..\obj\syscalls.o
                0x08002044                _read
 .text._write   0x0800205c       0x1e ..\obj\syscalls.o
                0x0800205c                _write
 *fill*         0x0800207a        0x2 
 .text.ssd1306_i2c_init
                0x0800207c       0x74 ..\obj\ssd1306_i2c.o
                0x0800207c                ssd1306_i2c_init
 .text.ssd1306_WriteCommand
                0x080020f0       0x40 ..\obj\ssd1306_i2c.o
                0x080020f0                ssd1306_WriteCommand
 .text.ssd1306_WriteData
                0x08002130       0x5c ..\obj\ssd1306_i2c.o
                0x08002130                ssd1306_WriteData
 .text.OW_reset
                0x0800218c       0x54 ..\obj\oneWire.o
                0x0800218c                OW_reset
 .text.OW_writeBit
                0x080021e0       0x5e ..\obj\oneWire.o
                0x080021e0                OW_writeBit
 .text.OW_readBit
                0x0800223e       0x4a ..\obj\oneWire.o
                0x0800223e                OW_readBit
 .text.OW_writeByte
                0x08002288       0x3e ..\obj\oneWire.o
                0x08002288                OW_writeByte
 .text.OW_readByte
                0x080022c6       0x4a ..\obj\oneWire.o
                0x080022c6                OW_readByte
 .text.InitDebugUsart
                0x08002310       0x54 ..\obj\debugUsart.o
                0x08002310                InitDebugUsart
 .text.SendChar
                0x08002364       0x50 ..\obj\debugUsart.o
 .text.Send_N_Chars
                0x080023b4       0x34 ..\obj\debugUsart.o
                0x080023b4                Send_N_Chars
 .text.UART_SendBufHex
                0x080023e8       0x44 ..\obj\debugUsart.o
                0x080023e8                UART_SendBufHex
 .text.PrintAvailableCommands
                0x0800242c       0x24 ..\obj\debugUsart.o
                0x0800242c                PrintAvailableCommands
 .text.CheckConsoleRx
                0x08002450       0x38 ..\obj\debugUsart.o
                0x08002450                CheckConsoleRx
 .text.NVIC_Init
                0x08002488       0xc4 ..\obj\misc.o
                0x08002488                NVIC_Init
 .text.ssd1306_Reset
                0x0800254c        0xc ..\obj\ssd1306.o
                0x0800254c                ssd1306_Reset
 .text.ssd1306_Init
                0x08002558       0xe4 ..\obj\ssd1306.o
                0x08002558                ssd1306_Init
 .text.ssd1306_Fill
                0x0800263c       0x44 ..\obj\ssd1306.o
                0x0800263c                ssd1306_Fill
 .text.ssd1306_UpdateScreen
                0x08002680       0x4c ..\obj\ssd1306.o
                0x08002680                ssd1306_UpdateScreen
 .text.ssd1306_DrawPixel
                0x080026cc       0xc0 ..\obj\ssd1306.o
                0x080026cc                ssd1306_DrawPixel
 .text.ssd1306_WriteChar
                0x0800278c      0x100 ..\obj\ssd1306.o
                0x0800278c                ssd1306_WriteChar
 .text.ssd1306_WriteString
                0x0800288c       0x4c ..\obj\ssd1306.o
                0x0800288c                ssd1306_WriteString
 .text.ssd1306_SetCursor
                0x080028d8       0x30 ..\obj\ssd1306.o
                0x080028d8                ssd1306_SetCursor
 .text.SPI_I2S_SendData
                0x08002908       0x1c ..\obj\stm32f10x_spi.o
                0x08002908                SPI_I2S_SendData
 .text.SPI_I2S_ReceiveData
                0x08002924       0x18 ..\obj\stm32f10x_spi.o
                0x08002924                SPI_I2S_ReceiveData
 .text.SPI_I2S_GetFlagStatus
                0x0800293c       0x36 ..\obj\stm32f10x_spi.o
                0x0800293c                SPI_I2S_GetFlagStatus
 *fill*         0x08002972        0x2 
 .text.I2C_Init
                0x08002974      0x184 ..\obj\stm32f10x_i2c.o
                0x08002974                I2C_Init
 .text.I2C_Cmd  0x08002af8       0x3e ..\obj\stm32f10x_i2c.o
                0x08002af8                I2C_Cmd
 .text.I2C_GenerateSTART
                0x08002b36       0x3e ..\obj\stm32f10x_i2c.o
                0x08002b36                I2C_GenerateSTART
 .text.I2C_GenerateSTOP
                0x08002b74       0x3e ..\obj\stm32f10x_i2c.o
                0x08002b74                I2C_GenerateSTOP
 .text.I2C_SendData
                0x08002bb2       0x1e ..\obj\stm32f10x_i2c.o
                0x08002bb2                I2C_SendData
 .text.I2C_Send7bitAddress
                0x08002bd0       0x3a ..\obj\stm32f10x_i2c.o
                0x08002bd0                I2C_Send7bitAddress
 .text.I2C_CheckEvent
                0x08002c0a       0x5e ..\obj\stm32f10x_i2c.o
                0x08002c0a                I2C_CheckEvent
 .text.I2C_GetFlagStatus
                0x08002c68       0x64 ..\obj\stm32f10x_i2c.o
                0x08002c68                I2C_GetFlagStatus
 .text.init_USART1
                0x08002ccc       0xb8 ..\obj\usart.o
                0x08002ccc                init_USART1
 .text.USART1_IRQHandler
                0x08002d84       0xc0 ..\obj\usart.o
                0x08002d84                USART1_IRQHandler
 .text.DS1820_Init
                0x08002e44       0x3c ..\obj\ds1820.o
                0x08002e44                DS1820_Init
 .text.OW_ReadTemperature
                0x08002e80       0xf8 ..\obj\ds1820.o
                0x08002e80                OW_ReadTemperature
 .text.MeasureTemperature
                0x08002f78       0x2c ..\obj\ds1820.o
                0x08002f78                MeasureTemperature
 .text.MeasureTemperatures
                0x08002fa4       0x14 ..\obj\ds1820.o
                0x08002fa4                MeasureTemperatures
 .text.GetTemperatureString
                0x08002fb8       0xac ..\obj\ds1820.o
                0x08002fb8                GetTemperatureString
 .text.PrintTemperatures
                0x08003064       0x3c ..\obj\ds1820.o
                0x08003064                PrintTemperatures
 .text.Debug_PrintTemperatures
                0x080030a0       0x60 ..\obj\ds1820.o
                0x080030a0                Debug_PrintTemperatures
 .text          0x08003100      0x378 c:/program files (x86)/gnu tools arm embedded/7 2017-q4-major/bin/../lib/gcc/arm-none-eabi/7.2.1/thumb/v7-m\libgcc.a(_arm_addsubdf3.o)
                0x08003100                __aeabi_drsub
                0x08003108                __aeabi_dsub
                0x08003108                __subdf3
                0x0800310c                __aeabi_dadd
                0x0800310c                __adddf3
                0x08003384                __floatunsidf
                0x08003384                __aeabi_ui2d
                0x080033a4                __floatsidf
                0x080033a4                __aeabi_i2d
                0x080033c8                __aeabi_f2d
                0x080033c8                __extendsfdf2
                0x0800340c                __floatundidf
                0x0800340c                __aeabi_ul2d
                0x0800341c                __floatdidf
                0x0800341c                __aeabi_l2d
 .text          0x08003478      0x424 c:/program files (x86)/gnu tools arm embedded/7 2017-q4-major/bin/../lib/gcc/arm-none-eabi/7.2.1/thumb/v7-m\libgcc.a(_arm_muldivdf3.o)
                0x08003478                __aeabi_dmul
                0x08003478                __muldf3
                0x080036cc                __divdf3
                0x080036cc                __aeabi_ddiv
 .text          0x0800389c       0x50 c:/program files (x86)/gnu tools arm embedded/7 2017-q4-major/bin/../lib/gcc/arm-none-eabi/7.2.1/thumb/v7-m\libgcc.a(_arm_fixdfsi.o)
                0x0800389c                __aeabi_d2iz
                0x0800389c                __fixdfsi
 .text          0x080038ec      0x21c c:/program files (x86)/gnu tools arm embedded/7 2017-q4-major/bin/../lib/gcc/arm-none-eabi/7.2.1/thumb/v7-m\libgcc.a(_arm_addsubsf3.o)
                0x080038ec                __aeabi_frsub
                0x080038f4                __subsf3
                0x080038f4                __aeabi_fsub
                0x080038f8                __aeabi_fadd
                0x080038f8                __addsf3
                0x08003a58                __aeabi_ui2f
                0x08003a58                __floatunsisf
                0x08003a60                __aeabi_i2f
                0x08003a60                __floatsisf
                0x08003a7c                __aeabi_ul2f
                0x08003a7c                __floatundisf
                0x08003a8c                __aeabi_l2f
                0x08003a8c                __floatdisf
 .text          0x08003b08      0x2a0 c:/program files (x86)/gnu tools arm embedded/7 2017-q4-major/bin/../lib/gcc/arm-none-eabi/7.2.1/thumb/v7-m\libgcc.a(_arm_muldivsf3.o)
                0x08003b08                __mulsf3
                0x08003b08                __aeabi_fmul
                0x08003c70                __aeabi_fdiv
                0x08003c70                __divsf3
 .text          0x08003da8       0x4c c:/program files (x86)/gnu tools arm embedded/7 2017-q4-major/bin/../lib/gcc/arm-none-eabi/7.2.1/thumb/v7-m\libgcc.a(_arm_fixsfsi.o)
                0x08003da8                __aeabi_f2iz
                0x08003da8                __fixsfsi
 .text.fputc    0x08003df4       0x58 c:/program files (x86)/gnu tools arm embedded/7 2017-q4-major/bin/../lib/gcc/arm-none-eabi/7.2.1/../../../../arm-none-eabi/lib/thumb/v7-m\libc.a(lib_a-fputc.o)
                0x08003df4                fputc
 .text.memmove  0x08003e4c       0xc4 c:/program files (x86)/gnu tools arm embedded/7 2017-q4-major/bin/../lib/gcc/arm-none-eabi/7.2.1/../../../../arm-none-eabi/lib/thumb/v7-m\libc.a(lib_a-memmove.o)
                0x08003e4c                memmove
 .text._putc_r  0x08003f10       0x70 c:/program files (x86)/gnu tools arm embedded/7 2017-q4-major/bin/../lib/gcc/arm-none-eabi/7.2.1/../../../../arm-none-eabi/lib/thumb/v7-m\libc.a(lib_a-putc.o)
                0x08003f10                _putc_r
 .text.__swbuf_r
                0x08003f80       0xb0 c:/program files (x86)/gnu tools arm embedded/7 2017-q4-major/bin/../lib/gcc/arm-none-eabi/7.2.1/../../../../arm-none-eabi/lib/thumb/v7-m\libc.a(lib_a-wbuf.o)
                0x08003f80                __swbuf_r
 .text.__swsetup_r
                0x08004030       0xcc c:/program files (x86)/gnu tools arm embedded/7 2017-q4-major/bin/../lib/gcc/arm-none-eabi/7.2.1/../../../../arm-none-eabi/lib/thumb/v7-m\libc.a(lib_a-wsetup.o)
                0x08004030                __swsetup_r
 .text.__sflush_r
                0x080040fc      0x154 c:/program files (x86)/gnu tools arm embedded/7 2017-q4-major/bin/../lib/gcc/arm-none-eabi/7.2.1/../../../../arm-none-eabi/lib/thumb/v7-m\libc.a(lib_a-fflush.o)
                0x080040fc                __sflush_r
 .text._fflush_r
                0x08004250       0x5c c:/program files (x86)/gnu tools arm embedded/7 2017-q4-major/bin/../lib/gcc/arm-none-eabi/7.2.1/../../../../arm-none-eabi/lib/thumb/v7-m\libc.a(lib_a-fflush.o)
                0x08004250                _fflush_r
 .text.std      0x080042ac       0x50 c:/program files (x86)/gnu tools arm embedded/7 2017-q4-major/bin/../lib/gcc/arm-none-eabi/7.2.1/../../../../arm-none-eabi/lib/thumb/v7-m\libc.a(lib_a-findfp.o)
 .text._cleanup_r
                0x080042fc        0xc c:/program files (x86)/gnu tools arm embedded/7 2017-q4-major/bin/../lib/gcc/arm-none-eabi/7.2.1/../../../../arm-none-eabi/lib/thumb/v7-m\libc.a(lib_a-findfp.o)
                0x080042fc                _cleanup_r
 .text.__sinit  0x08004308       0x60 c:/program files (x86)/gnu tools arm embedded/7 2017-q4-major/bin/../lib/gcc/arm-none-eabi/7.2.1/../../../../arm-none-eabi/lib/thumb/v7-m\libc.a(lib_a-findfp.o)
                0x08004308                __sinit
 .text.__sfp_lock_acquire
                0x08004368        0xc c:/program files (x86)/gnu tools arm embedded/7 2017-q4-major/bin/../lib/gcc/arm-none-eabi/7.2.1/../../../../arm-none-eabi/lib/thumb/v7-m\libc.a(lib_a-findfp.o)
                0x08004368                __sfp_lock_acquire
 .text.__sfp_lock_release
                0x08004374        0xc c:/program files (x86)/gnu tools arm embedded/7 2017-q4-major/bin/../lib/gcc/arm-none-eabi/7.2.1/../../../../arm-none-eabi/lib/thumb/v7-m\libc.a(lib_a-findfp.o)
                0x08004374                __sfp_lock_release
 .text._malloc_trim_r
                0x08004380       0xa0 c:/program files (x86)/gnu tools arm embedded/7 2017-q4-major/bin/../lib/gcc/arm-none-eabi/7.2.1/../../../../arm-none-eabi/lib/thumb/v7-m\libc.a(lib_a-freer.o)
                0x08004380                _malloc_trim_r
 .text._free_r  0x08004420      0x1e8 c:/program files (x86)/gnu tools arm embedded/7 2017-q4-major/bin/../lib/gcc/arm-none-eabi/7.2.1/../../../../arm-none-eabi/lib/thumb/v7-m\libc.a(lib_a-freer.o)
                0x08004420                _free_r
 .text._fwalk_reent
                0x08004608       0x50 c:/program files (x86)/gnu tools arm embedded/7 2017-q4-major/bin/../lib/gcc/arm-none-eabi/7.2.1/../../../../arm-none-eabi/lib/thumb/v7-m\libc.a(lib_a-fwalk.o)
                0x08004608                _fwalk_reent
 .text.__swhatbuf_r
                0x08004658       0x5c c:/program files (x86)/gnu tools arm embedded/7 2017-q4-major/bin/../lib/gcc/arm-none-eabi/7.2.1/../../../../arm-none-eabi/lib/thumb/v7-m\libc.a(lib_a-makebuf.o)
                0x08004658                __swhatbuf_r
 .text.__smakebuf_r
                0x080046b4       0x94 c:/program files (x86)/gnu tools arm embedded/7 2017-q4-major/bin/../lib/gcc/arm-none-eabi/7.2.1/../../../../arm-none-eabi/lib/thumb/v7-m\libc.a(lib_a-makebuf.o)
                0x080046b4                __smakebuf_r
 .text._malloc_r
                0x08004748      0x524 c:/program files (x86)/gnu tools arm embedded/7 2017-q4-major/bin/../lib/gcc/arm-none-eabi/7.2.1/../../../../arm-none-eabi/lib/thumb/v7-m\libc.a(lib_a-mallocr.o)
                0x08004748                _malloc_r
 .text.__malloc_lock
                0x08004c6c        0xc c:/program files (x86)/gnu tools arm embedded/7 2017-q4-major/bin/../lib/gcc/arm-none-eabi/7.2.1/../../../../arm-none-eabi/lib/thumb/v7-m\libc.a(lib_a-mlock.o)
                0x08004c6c                __malloc_lock
 .text.__malloc_unlock
                0x08004c78        0xc c:/program files (x86)/gnu tools arm embedded/7 2017-q4-major/bin/../lib/gcc/arm-none-eabi/7.2.1/../../../../arm-none-eabi/lib/thumb/v7-m\libc.a(lib_a-mlock.o)
                0x08004c78                __malloc_unlock
 .text._sbrk_r  0x08004c84       0x24 c:/program files (x86)/gnu tools arm embedded/7 2017-q4-major/bin/../lib/gcc/arm-none-eabi/7.2.1/../../../../arm-none-eabi/lib/thumb/v7-m\libc.a(lib_a-sbrkr.o)
                0x08004c84                _sbrk_r
 .text.__sread  0x08004ca8       0x24 c:/program files (x86)/gnu tools arm embedded/7 2017-q4-major/bin/../lib/gcc/arm-none-eabi/7.2.1/../../../../arm-none-eabi/lib/thumb/v7-m\libc.a(lib_a-stdio.o)
                0x08004ca8                __sread
 .text.__swrite
                0x08004ccc       0x3c c:/program files (x86)/gnu tools arm embedded/7 2017-q4-major/bin/../lib/gcc/arm-none-eabi/7.2.1/../../../../arm-none-eabi/lib/thumb/v7-m\libc.a(lib_a-stdio.o)
                0x08004ccc                __swrite
 .text.__sseek  0x08004d08       0x20 c:/program files (x86)/gnu tools arm embedded/7 2017-q4-major/bin/../lib/gcc/arm-none-eabi/7.2.1/../../../../arm-none-eabi/lib/thumb/v7-m\libc.a(lib_a-stdio.o)
                0x08004d08                __sseek
 .text.__sclose
                0x08004d28        0x8 c:/program files (x86)/gnu tools arm embedded/7 2017-q4-major/bin/../lib/gcc/arm-none-eabi/7.2.1/../../../../arm-none-eabi/lib/thumb/v7-m\libc.a(lib_a-stdio.o)
                0x08004d28                __sclose
 .text._write_r
                0x08004d30       0x2c c:/program files (x86)/gnu tools arm embedded/7 2017-q4-major/bin/../lib/gcc/arm-none-eabi/7.2.1/../../../../arm-none-eabi/lib/thumb/v7-m\libc.a(lib_a-writer.o)
                0x08004d30                _write_r
 .text._close_r
                0x08004d5c       0x24 c:/program files (x86)/gnu tools arm embedded/7 2017-q4-major/bin/../lib/gcc/arm-none-eabi/7.2.1/../../../../arm-none-eabi/lib/thumb/v7-m\libc.a(lib_a-closer.o)
                0x08004d5c                _close_r
 .text._fclose_r
                0x08004d80       0xd0 c:/program files (x86)/gnu tools arm embedded/7 2017-q4-major/bin/../lib/gcc/arm-none-eabi/7.2.1/../../../../arm-none-eabi/lib/thumb/v7-m\libc.a(lib_a-fclose.o)
                0x08004d80                _fclose_r
 .text._fstat_r
                0x08004e50       0x28 c:/program files (x86)/gnu tools arm embedded/7 2017-q4-major/bin/../lib/gcc/arm-none-eabi/7.2.1/../../../../arm-none-eabi/lib/thumb/v7-m\libc.a(lib_a-fstatr.o)
                0x08004e50                _fstat_r
 .text._isatty_r
                0x08004e78       0x24 c:/program files (x86)/gnu tools arm embedded/7 2017-q4-major/bin/../lib/gcc/arm-none-eabi/7.2.1/../../../../arm-none-eabi/lib/thumb/v7-m\libc.a(lib_a-isattyr.o)
                0x08004e78                _isatty_r
 .text._lseek_r
                0x08004e9c       0x2c c:/program files (x86)/gnu tools arm embedded/7 2017-q4-major/bin/../lib/gcc/arm-none-eabi/7.2.1/../../../../arm-none-eabi/lib/thumb/v7-m\libc.a(lib_a-lseekr.o)
                0x08004e9c                _lseek_r
 .text._read_r  0x08004ec8       0x2c c:/program files (x86)/gnu tools arm embedded/7 2017-q4-major/bin/../lib/gcc/arm-none-eabi/7.2.1/../../../../arm-none-eabi/lib/thumb/v7-m\libc.a(lib_a-readr.o)
                0x08004ec8                _read_r
 *(.init)
 .init          0x08004ef4        0x4 c:/program files (x86)/gnu tools arm embedded/7 2017-q4-major/bin/../lib/gcc/arm-none-eabi/7.2.1/thumb/v7-m/crti.o
                0x08004ef4                _init
 .init          0x08004ef8        0x8 c:/program files (x86)/gnu tools arm embedded/7 2017-q4-major/bin/../lib/gcc/arm-none-eabi/7.2.1/thumb/v7-m/crtn.o
 *(.fini)
 .fini          0x08004f00        0x4 c:/program files (x86)/gnu tools arm embedded/7 2017-q4-major/bin/../lib/gcc/arm-none-eabi/7.2.1/thumb/v7-m/crti.o
                0x08004f00                _fini
 .fini          0x08004f04        0x8 c:/program files (x86)/gnu tools arm embedded/7 2017-q4-major/bin/../lib/gcc/arm-none-eabi/7.2.1/thumb/v7-m/crtn.o
 *crtbegin.o(.ctors)
 *crtbegin?.o(.ctors)
 *(EXCLUDE_FILE(*crtend.o *crtend?.o) .ctors)
 *(SORT_BY_NAME(.ctors.*))
 *(.ctors)
 *crtbegin.o(.dtors)
 *crtbegin?.o(.dtors)
 *(EXCLUDE_FILE(*crtend.o *crtend?.o) .dtors)
 *(SORT_BY_NAME(.dtors.*))
 *(.dtors)
 *(.rodata*)
 .rodata._global_impure_ptr
                0x08004f0c        0x4 c:/program files (x86)/gnu tools arm embedded/7 2017-q4-major/bin/../lib/gcc/arm-none-eabi/7.2.1/../../../../arm-none-eabi/lib/thumb/v7-m\libc.a(lib_a-impure.o)
                0x08004f0c                _global_impure_ptr
 .rodata        0x08004f10       0x73 ..\obj\nrf24_mid_level.o
 *fill*         0x08004f83        0x1 
 .rodata        0x08004f84       0x16 ..\obj\nrf24.o
 *fill*         0x08004f9a        0x2 
 .rodata        0x08004f9c       0x46 ..\obj\task.o
 *fill*         0x08004fe2        0x2 
 .rodata        0x08004fe4       0xb8 ..\obj\debugMsg.o
 .rodata        0x0800509c       0x44 ..\obj\ssd1306_tests.o
 .rodata        0x080050e0       0x24 ..\obj\printf.o
 .rodata        0x08005104     0x2814 ..\obj\ssd1306_fonts.o
 .rodata        0x08007918       0x46 ..\obj\debugUsart.o
 *fill*         0x0800795e        0x2 
 .rodata        0x08007960       0x36 ..\obj\ds1820.o
 *(.eh_fram e*)

.glue_7         0x08007998        0x0
 .glue_7        0x08007998        0x0 linker stubs

.glue_7t        0x08007998        0x0
 .glue_7t       0x08007998        0x0 linker stubs

.vfp11_veneer   0x08007998        0x0
 .vfp11_veneer  0x08007998        0x0 linker stubs

.v4_bx          0x08007998        0x0
 .v4_bx         0x08007998        0x0 linker stubs

.iplt           0x08007998        0x0
 .iplt          0x08007998        0x0 c:/program files (x86)/gnu tools arm embedded/7 2017-q4-major/bin/../lib/gcc/arm-none-eabi/7.2.1/thumb/v7-m/crtbegin.o

.rel.dyn        0x08007998        0x0
 .rel.iplt      0x08007998        0x0 c:/program files (x86)/gnu tools arm embedded/7 2017-q4-major/bin/../lib/gcc/arm-none-eabi/7.2.1/thumb/v7-m/crtbegin.o

.ARM.extab
 *(.ARM.extab* .gnu.linkonce.armextab.*)
                0x08007998                __exidx_start = .

.ARM.exidx
 *(.ARM.exidx* .gnu.linkonce.armexidx.*)
                0x08007998                __exidx_end = .
                0x08007998                __etext = .
                0x08007996                _sidata = __etext

.data           0x20000000      0x890 load address 0x08007996
                0x20000000                __data_start__ = .
                0x20000000                _sdata = __data_start__
 *(vtable)
 *(.data*)
 .data._impure_ptr
                0x20000000        0x4 c:/program files (x86)/gnu tools arm embedded/7 2017-q4-major/bin/../lib/gcc/arm-none-eabi/7.2.1/../../../../arm-none-eabi/lib/thumb/v7-m\libc.a(lib_a-impure.o)
                0x20000000                _impure_ptr
 *fill*         0x20000004        0x4 
 .data.impure_data
                0x20000008      0x428 c:/program files (x86)/gnu tools arm embedded/7 2017-q4-major/bin/../lib/gcc/arm-none-eabi/7.2.1/../../../../arm-none-eabi/lib/thumb/v7-m\libc.a(lib_a-impure.o)
 .data.__atexit_recursive_mutex
                0x20000430        0x4 c:/program files (x86)/gnu tools arm embedded/7 2017-q4-major/bin/../lib/gcc/arm-none-eabi/7.2.1/../../../../arm-none-eabi/lib/thumb/v7-m\libc.a(lib_a-__call_atexit.o)
                0x20000430                __atexit_recursive_mutex
 .data          0x20000434       0x14 ..\obj\system_stm32f10x.o
                0x20000434                SystemCoreClock
                0x20000438                AHBPrescTable
 .data          0x20000448       0x14 ..\obj\stm32f10x_rcc.o
 .data          0x2000045c       0x18 ..\obj\ssd1306_fonts.o
                0x2000045c                Font_7x10
                0x20000464                Font_11x18
                0x2000046c                Font_16x26
 .data.__malloc_av_
                0x20000474      0x408 c:/program files (x86)/gnu tools arm embedded/7 2017-q4-major/bin/../lib/gcc/arm-none-eabi/7.2.1/../../../../arm-none-eabi/lib/thumb/v7-m\libc.a(lib_a-mallocr.o)
                0x20000474                __malloc_av_
 .data.__malloc_sbrk_base
                0x2000087c        0x4 c:/program files (x86)/gnu tools arm embedded/7 2017-q4-major/bin/../lib/gcc/arm-none-eabi/7.2.1/../../../../arm-none-eabi/lib/thumb/v7-m\libc.a(lib_a-mallocr.o)
                0x2000087c                __malloc_sbrk_base
 .data.__malloc_trim_threshold
                0x20000880        0x4 c:/program files (x86)/gnu tools arm embedded/7 2017-q4-major/bin/../lib/gcc/arm-none-eabi/7.2.1/../../../../arm-none-eabi/lib/thumb/v7-m\libc.a(lib_a-mallocr.o)
                0x20000880                __malloc_trim_threshold
                0x20000884                . = ALIGN (0x4)
                0x20000884                PROVIDE (__preinit_array_start, .)
 *(.preinit_array)
                0x20000884                PROVIDE (__preinit_array_end, .)
                0x20000884                . = ALIGN (0x4)
                0x20000884                PROVIDE (__init_array_start, .)
 *(SORT_BY_NAME(.init_array.*))
 .init_array.00000
                0x20000884        0x4 c:/program files (x86)/gnu tools arm embedded/7 2017-q4-major/bin/../lib/gcc/arm-none-eabi/7.2.1/../../../../arm-none-eabi/lib/thumb/v7-m\libc.a(lib_a-__call_atexit.o)
 *(.init_array)
 .init_array    0x20000888        0x4 c:/program files (x86)/gnu tools arm embedded/7 2017-q4-major/bin/../lib/gcc/arm-none-eabi/7.2.1/thumb/v7-m/crtbegin.o
                0x2000088c                PROVIDE (__init_array_end, .)
                0x2000088c                . = ALIGN (0x4)
                0x2000088c                PROVIDE (__fini_array_start, .)
 *(SORT_BY_NAME(.fini_array.*))
 *(.fini_array)
 .fini_array    0x2000088c        0x4 c:/program files (x86)/gnu tools arm embedded/7 2017-q4-major/bin/../lib/gcc/arm-none-eabi/7.2.1/thumb/v7-m/crtbegin.o
                0x20000890                PROVIDE (__fini_array_end, .)
 *(.jcr*)
                0x20000890                . = ALIGN (0x4)
                0x20000890                __data_end__ = .
                0x20000890                _edata = __data_end__

.igot.plt       0x20000890        0x0 load address 0x08008228
 .igot.plt      0x20000890        0x0 c:/program files (x86)/gnu tools arm embedded/7 2017-q4-major/bin/../lib/gcc/arm-none-eabi/7.2.1/thumb/v7-m/crtbegin.o

.bss            0x20000890      0x9c0 load address 0x08008228
                0x20000890                . = ALIGN (0x4)
                0x20000890                __bss_start__ = .
                0x20000890                _sbss = __bss_start__
 *(.bss*)
 .bss           0x20000890       0x1c c:/program files (x86)/gnu tools arm embedded/7 2017-q4-major/bin/../lib/gcc/arm-none-eabi/7.2.1/thumb/v7-m/crtbegin.o
 .bss           0x200008ac        0x4 ..\obj\systemTicks.o
                0x200008ac                micros
 .bss           0x200008b0        0x4 ..\obj\syscalls.o
 .bss           0x200008b4      0x406 ..\obj\ssd1306.o
 *fill*         0x20000cba        0x2 
 .bss.__malloc_current_mallinfo
                0x20000cbc       0x28 c:/program files (x86)/gnu tools arm embedded/7 2017-q4-major/bin/../lib/gcc/arm-none-eabi/7.2.1/../../../../arm-none-eabi/lib/thumb/v7-m\libc.a(lib_a-mallocr.o)
                0x20000cbc                __malloc_current_mallinfo
 .bss.__malloc_max_sbrked_mem
                0x20000ce4        0x4 c:/program files (x86)/gnu tools arm embedded/7 2017-q4-major/bin/../lib/gcc/arm-none-eabi/7.2.1/../../../../arm-none-eabi/lib/thumb/v7-m\libc.a(lib_a-mallocr.o)
                0x20000ce4                __malloc_max_sbrked_mem
 .bss.__malloc_max_total_mem
                0x20000ce8        0x4 c:/program files (x86)/gnu tools arm embedded/7 2017-q4-major/bin/../lib/gcc/arm-none-eabi/7.2.1/../../../../arm-none-eabi/lib/thumb/v7-m\libc.a(lib_a-mallocr.o)
                0x20000ce8                __malloc_max_total_mem
 .bss.__malloc_top_pad
                0x20000cec        0x4 c:/program files (x86)/gnu tools arm embedded/7 2017-q4-major/bin/../lib/gcc/arm-none-eabi/7.2.1/../../../../arm-none-eabi/lib/thumb/v7-m\libc.a(lib_a-mallocr.o)
                0x20000cec                __malloc_top_pad
 *(COMMON)
 COMMON         0x20000cf0       0x21 c:/program files (x86)/gnu tools arm embedded/7 2017-q4-major/bin/../lib/gcc/arm-none-eabi/7.2.1/../../../../arm-none-eabi/lib/thumb/v7-m\libc.a(lib_a-lock.o)
                0x20000cf0                __lock___atexit_recursive_mutex
                0x20000cf4                __lock___arc4random_mutex
                0x20000cf8                __lock___env_recursive_mutex
                0x20000cfc                __lock___sinit_recursive_mutex
                0x20000d00                __lock___malloc_recursive_mutex
                0x20000d04                __lock___at_quick_exit_mutex
                0x20000d08                __lock___dd_hash_mutex
                0x20000d0c                __lock___tz_mutex
                0x20000d10                __lock___sfp_recursive_mutex
 *fill*         0x20000d11        0x3 
 COMMON         0x20000d14        0x9 ..\obj\nrf24_mid_level.o
                0x20000d14                payload_length
                0x20000d18                debug
                0x20000d1c                pipe
 *fill*         0x20000d1d        0x3 
 COMMON         0x20000d20      0x404 ..\obj\task.o
                0x20000d20                currentNumberOfTasks
                0x20000d24                task
 COMMON         0x20001124      0x121 ..\obj\debugUsart.o
                0x20001124                DebugRxBuff
                0x20001138                DebugTxBuff
                0x20001244                m_DebugMsgReceived
 *fill*         0x20001245        0x3 
 COMMON         0x20001248        0x4 ..\obj\ds1820.o
                0x20001248                m_temperature
 COMMON         0x2000124c        0x4 c:/program files (x86)/gnu tools arm embedded/7 2017-q4-major/bin/../lib/gcc/arm-none-eabi/7.2.1/../../../../arm-none-eabi/lib/thumb/v7-m\libc.a(lib_a-reent.o)
                0x2000124c                errno
                0x20001250                . = ALIGN (0x4)
                0x20001250                __bss_end__ = .
                0x20001250                _ebss = __bss_end__

.heap           0x20001250        0x0
                0x20001250                __end__ = .
                0x20001250                _end = __end__
                0x20001250                end = __end__
 *(.heap*)
                0x20001250                __HeapLimit = .

.co_stack       0x20001250     0x1400 load address 0x08008be8
                0x20001250                . = ALIGN (0x8)
 *(.co_stack .co_stack.*)
 .co_stack      0x20001250     0x1400 ..\obj\startup_stm32f10x_md.o
                0x20001250                pulStack
                0x20005000                __StackTop = (ORIGIN (ram) + LENGTH (ram))
                0x20003c00                __StackLimit = (__StackTop - SIZEOF (.co_stack))
                0x20005000                PROVIDE (__stack, __StackTop)

/DISCARD/
 libc.a(*)
 libm.a(*)
 libgcc.a(*)
                0x00000001                ASSERT ((__StackLimit >= __HeapLimit), region ram  overflowed with stack)
LOAD ..\obj\stm32f10x_rtc.o
LOAD ..\obj\stm32f10x_tim.o
LOAD ..\obj\nrf24_mid_level.o
LOAD ..\obj\i2c.o
LOAD ..\obj\nrf24.o
LOAD ..\obj\system_stm32f10x.o
LOAD ..\obj\ds2432.o
LOAD ..\obj\stm32f10x_pwr.o
LOAD ..\obj\startup_stm32f10x_md.o
LOAD ..\obj\task.o
LOAD ..\obj\debugMsg.o
LOAD ..\obj\stm32f10x_gpio.o
LOAD ..\obj\ssd1306_tests.o
LOAD ..\obj\ds1307_i2c.o
LOAD ..\obj\systemTicks.o
LOAD ..\obj\main.o
LOAD ..\obj\printf.o
LOAD ..\obj\ds1307.o
LOAD ..\obj\stm32f10x_rcc.o
LOAD ..\obj\stm32f10x_exti.o
LOAD ..\obj\stm32f10x_adc.o
LOAD ..\obj\nrf24_hal.o
LOAD ..\obj\stm32f10x_usart.o
LOAD ..\obj\syscalls.o
LOAD ..\obj\ssd1306_fonts.o
LOAD ..\obj\ssd1306_i2c.o
LOAD ..\obj\stm32f10x_dma.o
LOAD ..\obj\oneWire.o
LOAD ..\obj\debugUsart.o
LOAD ..\obj\nrf24_low_level.o
LOAD ..\obj\misc.o
LOAD ..\obj\ssd1306.o
LOAD ..\obj\stm32f10x_spi.o
LOAD ..\obj\stm32f10x_i2c.o
LOAD ..\obj\stm32f10x_bkp.o
LOAD ..\obj\usart.o
LOAD ..\obj\ds1820.o
LOAD c:/program files (x86)/gnu tools arm embedded/7 2017-q4-major/bin/../lib/gcc/arm-none-eabi/7.2.1/../../../../arm-none-eabi/lib/thumb/v7-m\libm.a
LOAD c:/program files (x86)/gnu tools arm embedded/7 2017-q4-major/bin/../lib/gcc/arm-none-eabi/7.2.1/thumb/v7-m\libgcc.a
LOAD c:/program files (x86)/gnu tools arm embedded/7 2017-q4-major/bin/../lib/gcc/arm-none-eabi/7.2.1/../../../../arm-none-eabi/lib/thumb/v7-m\libc.a
START GROUP
LOAD c:/program files (x86)/gnu tools arm embedded/7 2017-q4-major/bin/../lib/gcc/arm-none-eabi/7.2.1/thumb/v7-m\libgcc.a
LOAD c:/program files (x86)/gnu tools arm embedded/7 2017-q4-major/bin/../lib/gcc/arm-none-eabi/7.2.1/../../../../arm-none-eabi/lib/thumb/v7-m\libg.a
LOAD c:/program files (x86)/gnu tools arm embedded/7 2017-q4-major/bin/../lib/gcc/arm-none-eabi/7.2.1/../../../../arm-none-eabi/lib/thumb/v7-m\libc.a
END GROUP
LOAD c:/program files (x86)/gnu tools arm embedded/7 2017-q4-major/bin/../lib/gcc/arm-none-eabi/7.2.1/thumb/v7-m/crtend.o
LOAD c:/program files (x86)/gnu tools arm embedded/7 2017-q4-major/bin/../lib/gcc/arm-none-eabi/7.2.1/thumb/v7-m/crtn.o
OUTPUT(SWH.elf elf32-littlearm)

.ARM.attributes
                0x00000000       0x29
 .ARM.attributes
                0x00000000       0x1d c:/program files (x86)/gnu tools arm embedded/7 2017-q4-major/bin/../lib/gcc/arm-none-eabi/7.2.1/thumb/v7-m/crti.o
 .ARM.attributes
                0x0000001d       0x2d c:/program files (x86)/gnu tools arm embedded/7 2017-q4-major/bin/../lib/gcc/arm-none-eabi/7.2.1/thumb/v7-m/crtbegin.o
 .ARM.attributes
                0x0000004a       0x33 ..\obj\nrf24_mid_level.o
 .ARM.attributes
                0x0000007d       0x33 ..\obj\i2c.o
 .ARM.attributes
                0x000000b0       0x33 ..\obj\nrf24.o
 .ARM.attributes
                0x000000e3       0x33 ..\obj\system_stm32f10x.o
 .ARM.attributes
                0x00000116       0x33 ..\obj\ds2432.o
 .ARM.attributes
                0x00000149       0x33 ..\obj\startup_stm32f10x_md.o
 .ARM.attributes
                0x0000017c       0x33 ..\obj\task.o
 .ARM.attributes
                0x000001af       0x33 ..\obj\debugMsg.o
 .ARM.attributes
                0x000001e2       0x33 ..\obj\stm32f10x_gpio.o
 .ARM.attributes
                0x00000215       0x33 ..\obj\ssd1306_tests.o
 .ARM.attributes
                0x00000248       0x33 ..\obj\systemTicks.o
 .ARM.attributes
                0x0000027b       0x33 ..\obj\main.o
 .ARM.attributes
                0x000002ae       0x33 ..\obj\printf.o
 .ARM.attributes
                0x000002e1       0x33 ..\obj\stm32f10x_rcc.o
 .ARM.attributes
                0x00000314       0x33 ..\obj\nrf24_hal.o
 .ARM.attributes
                0x00000347       0x33 ..\obj\stm32f10x_usart.o
 .ARM.attributes
                0x0000037a       0x33 ..\obj\syscalls.o
 .ARM.attributes
                0x000003ad       0x33 ..\obj\ssd1306_fonts.o
 .ARM.attributes
                0x000003e0       0x33 ..\obj\ssd1306_i2c.o
 .ARM.attributes
                0x00000413       0x33 ..\obj\oneWire.o
 .ARM.attributes
                0x00000446       0x33 ..\obj\debugUsart.o
 .ARM.attributes
                0x00000479       0x33 ..\obj\misc.o
 .ARM.attributes
                0x000004ac       0x33 ..\obj\ssd1306.o
 .ARM.attributes
                0x000004df       0x33 ..\obj\stm32f10x_spi.o
 .ARM.attributes
                0x00000512       0x33 ..\obj\stm32f10x_i2c.o
 .ARM.attributes
                0x00000545       0x33 ..\obj\usart.o
 .ARM.attributes
                0x00000578       0x33 ..\obj\ds1820.o
 .ARM.attributes
                0x000005ab       0x1d c:/program files (x86)/gnu tools arm embedded/7 2017-q4-major/bin/../lib/gcc/arm-none-eabi/7.2.1/thumb/v7-m\libgcc.a(_arm_addsubdf3.o)
 .ARM.attributes
                0x000005c8       0x1d c:/program files (x86)/gnu tools arm embedded/7 2017-q4-major/bin/../lib/gcc/arm-none-eabi/7.2.1/thumb/v7-m\libgcc.a(_arm_muldivdf3.o)
 .ARM.attributes
                0x000005e5       0x1d c:/program files (x86)/gnu tools arm embedded/7 2017-q4-major/bin/../lib/gcc/arm-none-eabi/7.2.1/thumb/v7-m\libgcc.a(_arm_fixdfsi.o)
 .ARM.attributes
                0x00000602       0x1d c:/program files (x86)/gnu tools arm embedded/7 2017-q4-major/bin/../lib/gcc/arm-none-eabi/7.2.1/thumb/v7-m\libgcc.a(_arm_addsubsf3.o)
 .ARM.attributes
                0x0000061f       0x1d c:/program files (x86)/gnu tools arm embedded/7 2017-q4-major/bin/../lib/gcc/arm-none-eabi/7.2.1/thumb/v7-m\libgcc.a(_arm_muldivsf3.o)
 .ARM.attributes
                0x0000063c       0x1d c:/program files (x86)/gnu tools arm embedded/7 2017-q4-major/bin/../lib/gcc/arm-none-eabi/7.2.1/thumb/v7-m\libgcc.a(_arm_fixsfsi.o)
 .ARM.attributes
                0x00000659       0x2d c:/program files (x86)/gnu tools arm embedded/7 2017-q4-major/bin/../lib/gcc/arm-none-eabi/7.2.1/../../../../arm-none-eabi/lib/thumb/v7-m\libc.a(lib_a-fputc.o)
 .ARM.attributes
                0x00000686       0x2d c:/program files (x86)/gnu tools arm embedded/7 2017-q4-major/bin/../lib/gcc/arm-none-eabi/7.2.1/../../../../arm-none-eabi/lib/thumb/v7-m\libc.a(lib_a-memmove.o)
 .ARM.attributes
                0x000006b3       0x2d c:/program files (x86)/gnu tools arm embedded/7 2017-q4-major/bin/../lib/gcc/arm-none-eabi/7.2.1/../../../../arm-none-eabi/lib/thumb/v7-m\libc.a(lib_a-putc.o)
 .ARM.attributes
                0x000006e0       0x2d c:/program files (x86)/gnu tools arm embedded/7 2017-q4-major/bin/../lib/gcc/arm-none-eabi/7.2.1/../../../../arm-none-eabi/lib/thumb/v7-m\libc.a(lib_a-wbuf.o)
 .ARM.attributes
                0x0000070d       0x2d c:/program files (x86)/gnu tools arm embedded/7 2017-q4-major/bin/../lib/gcc/arm-none-eabi/7.2.1/../../../../arm-none-eabi/lib/thumb/v7-m\libc.a(lib_a-wsetup.o)
 .ARM.attributes
                0x0000073a       0x2d c:/program files (x86)/gnu tools arm embedded/7 2017-q4-major/bin/../lib/gcc/arm-none-eabi/7.2.1/../../../../arm-none-eabi/lib/thumb/v7-m\libc.a(lib_a-fflush.o)
 .ARM.attributes
                0x00000767       0x2d c:/program files (x86)/gnu tools arm embedded/7 2017-q4-major/bin/../lib/gcc/arm-none-eabi/7.2.1/../../../../arm-none-eabi/lib/thumb/v7-m\libc.a(lib_a-findfp.o)
 .ARM.attributes
                0x00000794       0x2d c:/program files (x86)/gnu tools arm embedded/7 2017-q4-major/bin/../lib/gcc/arm-none-eabi/7.2.1/../../../../arm-none-eabi/lib/thumb/v7-m\libc.a(lib_a-freer.o)
 .ARM.attributes
                0x000007c1       0x2d c:/program files (x86)/gnu tools arm embedded/7 2017-q4-major/bin/../lib/gcc/arm-none-eabi/7.2.1/../../../../arm-none-eabi/lib/thumb/v7-m\libc.a(lib_a-fwalk.o)
 .ARM.attributes
                0x000007ee       0x2d c:/program files (x86)/gnu tools arm embedded/7 2017-q4-major/bin/../lib/gcc/arm-none-eabi/7.2.1/../../../../arm-none-eabi/lib/thumb/v7-m\libc.a(lib_a-makebuf.o)
 .ARM.attributes
                0x0000081b       0x2d c:/program files (x86)/gnu tools arm embedded/7 2017-q4-major/bin/../lib/gcc/arm-none-eabi/7.2.1/../../../../arm-none-eabi/lib/thumb/v7-m\libc.a(lib_a-mallocr.o)
 .ARM.attributes
                0x00000848       0x2d c:/program files (x86)/gnu tools arm embedded/7 2017-q4-major/bin/../lib/gcc/arm-none-eabi/7.2.1/../../../../arm-none-eabi/lib/thumb/v7-m\libc.a(lib_a-mlock.o)
 .ARM.attributes
                0x00000875       0x2d c:/program files (x86)/gnu tools arm embedded/7 2017-q4-major/bin/../lib/gcc/arm-none-eabi/7.2.1/../../../../arm-none-eabi/lib/thumb/v7-m\libc.a(lib_a-sbrkr.o)
 .ARM.attributes
                0x000008a2       0x2d c:/program files (x86)/gnu tools arm embedded/7 2017-q4-major/bin/../lib/gcc/arm-none-eabi/7.2.1/../../../../arm-none-eabi/lib/thumb/v7-m\libc.a(lib_a-stdio.o)
 .ARM.attributes
                0x000008cf       0x2d c:/program files (x86)/gnu tools arm embedded/7 2017-q4-major/bin/../lib/gcc/arm-none-eabi/7.2.1/../../../../arm-none-eabi/lib/thumb/v7-m\libc.a(lib_a-writer.o)
 .ARM.attributes
                0x000008fc       0x2d c:/program files (x86)/gnu tools arm embedded/7 2017-q4-major/bin/../lib/gcc/arm-none-eabi/7.2.1/../../../../arm-none-eabi/lib/thumb/v7-m\libc.a(lib_a-closer.o)
 .ARM.attributes
                0x00000929       0x2d c:/program files (x86)/gnu tools arm embedded/7 2017-q4-major/bin/../lib/gcc/arm-none-eabi/7.2.1/../../../../arm-none-eabi/lib/thumb/v7-m\libc.a(lib_a-fclose.o)
 .ARM.attributes
                0x00000956       0x2d c:/program files (x86)/gnu tools arm embedded/7 2017-q4-major/bin/../lib/gcc/arm-none-eabi/7.2.1/../../../../arm-none-eabi/lib/thumb/v7-m\libc.a(lib_a-fstatr.o)
 .ARM.attributes
                0x00000983       0x2d c:/program files (x86)/gnu tools arm embedded/7 2017-q4-major/bin/../lib/gcc/arm-none-eabi/7.2.1/../../../../arm-none-eabi/lib/thumb/v7-m\libc.a(lib_a-isattyr.o)
 .ARM.attributes
                0x000009b0       0x2d c:/program files (x86)/gnu tools arm embedded/7 2017-q4-major/bin/../lib/gcc/arm-none-eabi/7.2.1/../../../../arm-none-eabi/lib/thumb/v7-m\libc.a(lib_a-lseekr.o)
 .ARM.attributes
                0x000009dd       0x2d c:/program files (x86)/gnu tools arm embedded/7 2017-q4-major/bin/../lib/gcc/arm-none-eabi/7.2.1/../../../../arm-none-eabi/lib/thumb/v7-m\libc.a(lib_a-readr.o)
 .ARM.attributes
                0x00000a0a       0x2d c:/program files (x86)/gnu tools arm embedded/7 2017-q4-major/bin/../lib/gcc/arm-none-eabi/7.2.1/../../../../arm-none-eabi/lib/thumb/v7-m\libc.a(lib_a-reent.o)
 .ARM.attributes
                0x00000a37       0x1d c:/program files (x86)/gnu tools arm embedded/7 2017-q4-major/bin/../lib/gcc/arm-none-eabi/7.2.1/thumb/v7-m/crtn.o

.comment        0x00000000       0x7e
 .comment       0x00000000       0x7e ..\obj\nrf24_mid_level.o
                                 0x7f (size before relaxing)
 .comment       0x0000007e       0x7f ..\obj\i2c.o
 .comment       0x0000007e       0x7f ..\obj\nrf24.o
 .comment       0x0000007e       0x7f ..\obj\system_stm32f10x.o
 .comment       0x0000007e       0x7f ..\obj\ds2432.o
 .comment       0x0000007e       0x7f ..\obj\startup_stm32f10x_md.o
 .comment       0x0000007e       0x7f ..\obj\task.o
 .comment       0x0000007e       0x7f ..\obj\debugMsg.o
 .comment       0x0000007e       0x7f ..\obj\stm32f10x_gpio.o
 .comment       0x0000007e       0x7f ..\obj\ssd1306_tests.o
 .comment       0x0000007e       0x7f ..\obj\systemTicks.o
 .comment       0x0000007e       0x7f ..\obj\main.o
 .comment       0x0000007e       0x7f ..\obj\printf.o
 .comment       0x0000007e       0x7f ..\obj\stm32f10x_rcc.o
 .comment       0x0000007e       0x7f ..\obj\nrf24_hal.o
 .comment       0x0000007e       0x7f ..\obj\stm32f10x_usart.o
 .comment       0x0000007e       0x7f ..\obj\syscalls.o
 .comment       0x0000007e       0x7f ..\obj\ssd1306_fonts.o
 .comment       0x0000007e       0x7f ..\obj\ssd1306_i2c.o
 .comment       0x0000007e       0x7f ..\obj\oneWire.o
 .comment       0x0000007e       0x7f ..\obj\debugUsart.o
 .comment       0x0000007e       0x7f ..\obj\misc.o
 .comment       0x0000007e       0x7f ..\obj\ssd1306.o
 .comment       0x0000007e       0x7f ..\obj\stm32f10x_spi.o
 .comment       0x0000007e       0x7f ..\obj\stm32f10x_i2c.o
 .comment       0x0000007e       0x7f ..\obj\usart.o
 .comment       0x0000007e       0x7f ..\obj\ds1820.o

.debug_info     0x00000000     0xe4cc
 .debug_info    0x00000000      0xcaa ..\obj\nrf24_mid_level.o
 .debug_info    0x00000caa      0x30b ..\obj\i2c.o
 .debug_info    0x00000fb5      0x7c3 ..\obj\nrf24.o
 .debug_info    0x00001778      0x4a1 ..\obj\system_stm32f10x.o
 .debug_info    0x00001c19      0xcc9 ..\obj\ds2432.o
 .debug_info    0x000028e2      0x110 ..\obj\startup_stm32f10x_md.o
 .debug_info    0x000029f2      0xcfc ..\obj\task.o
 .debug_info    0x000036ee      0xa79 ..\obj\debugMsg.o
 .debug_info    0x00004167      0x6fe ..\obj\stm32f10x_gpio.o
 .debug_info    0x00004865      0xab1 ..\obj\ssd1306_tests.o
 .debug_info    0x00005316      0x6c2 ..\obj\systemTicks.o
 .debug_info    0x000059d8      0xc1f ..\obj\main.o
 .debug_info    0x000065f7      0xe1f ..\obj\printf.o
 .debug_info    0x00007416      0x8ae ..\obj\stm32f10x_rcc.o
 .debug_info    0x00007cc4      0x3ff ..\obj\nrf24_hal.o
 .debug_info    0x000080c3      0x9f6 ..\obj\stm32f10x_usart.o
 .debug_info    0x00008ab9      0xc98 ..\obj\syscalls.o
 .debug_info    0x00009751      0x198 ..\obj\ssd1306_fonts.o
 .debug_info    0x000098e9      0x413 ..\obj\ssd1306_i2c.o
 .debug_info    0x00009cfc      0x2b5 ..\obj\oneWire.o
 .debug_info    0x00009fb1      0xc35 ..\obj\debugUsart.o
 .debug_info    0x0000abe6      0x547 ..\obj\misc.o
 .debug_info    0x0000b12d      0x38b ..\obj\ssd1306.o
 .debug_info    0x0000b4b8      0x901 ..\obj\stm32f10x_spi.o
 .debug_info    0x0000bdb9      0xb13 ..\obj\stm32f10x_i2c.o
 .debug_info    0x0000c8cc      0xec4 ..\obj\usart.o
 .debug_info    0x0000d790      0xd3c ..\obj\ds1820.o

.debug_abbrev   0x00000000     0x3075
 .debug_abbrev  0x00000000      0x223 ..\obj\nrf24_mid_level.o
 .debug_abbrev  0x00000223      0x118 ..\obj\i2c.o
 .debug_abbrev  0x0000033b      0x223 ..\obj\nrf24.o
 .debug_abbrev  0x0000055e      0x170 ..\obj\system_stm32f10x.o
 .debug_abbrev  0x000006ce      0x24e ..\obj\ds2432.o
 .debug_abbrev  0x0000091c       0xc1 ..\obj\startup_stm32f10x_md.o
 .debug_abbrev  0x000009dd      0x270 ..\obj\task.o
 .debug_abbrev  0x00000c4d      0x1e0 ..\obj\debugMsg.o
 .debug_abbrev  0x00000e2d      0x1e1 ..\obj\stm32f10x_gpio.o
 .debug_abbrev  0x0000100e      0x21d ..\obj\ssd1306_tests.o
 .debug_abbrev  0x0000122b      0x203 ..\obj\systemTicks.o
 .debug_abbrev  0x0000142e      0x24e ..\obj\main.o
 .debug_abbrev  0x0000167c      0x285 ..\obj\printf.o
 .debug_abbrev  0x00001901      0x1d1 ..\obj\stm32f10x_rcc.o
 .debug_abbrev  0x00001ad2      0x13a ..\obj\nrf24_hal.o
 .debug_abbrev  0x00001c0c      0x191 ..\obj\stm32f10x_usart.o
 .debug_abbrev  0x00001d9d      0x229 ..\obj\syscalls.o
 .debug_abbrev  0x00001fc6       0x9e ..\obj\ssd1306_fonts.o
 .debug_abbrev  0x00002064      0x147 ..\obj\ssd1306_i2c.o
 .debug_abbrev  0x000021ab      0x11e ..\obj\oneWire.o
 .debug_abbrev  0x000022c9      0x28f ..\obj\debugUsart.o
 .debug_abbrev  0x00002558      0x174 ..\obj\misc.o
 .debug_abbrev  0x000026cc      0x174 ..\obj\ssd1306.o
 .debug_abbrev  0x00002840      0x1ad ..\obj\stm32f10x_spi.o
 .debug_abbrev  0x000029ed      0x193 ..\obj\stm32f10x_i2c.o
 .debug_abbrev  0x00002b80      0x26e ..\obj\usart.o
 .debug_abbrev  0x00002dee      0x287 ..\obj\ds1820.o

.debug_aranges  0x00000000      0xb38
 .debug_aranges
                0x00000000       0x30 ..\obj\nrf24_mid_level.o
 .debug_aranges
                0x00000030       0x48 ..\obj\i2c.o
 .debug_aranges
                0x00000078      0x110 ..\obj\nrf24.o
 .debug_aranges
                0x00000188       0x38 ..\obj\system_stm32f10x.o
 .debug_aranges
                0x000001c0       0x40 ..\obj\ds2432.o
 .debug_aranges
                0x00000200       0x28 ..\obj\startup_stm32f10x_md.o
 .debug_aranges
                0x00000228       0x60 ..\obj\task.o
 .debug_aranges
                0x00000288       0x30 ..\obj\debugMsg.o
 .debug_aranges
                0x000002b8       0xa8 ..\obj\stm32f10x_gpio.o
 .debug_aranges
                0x00000360       0x40 ..\obj\ssd1306_tests.o
 .debug_aranges
                0x000003a0       0x48 ..\obj\systemTicks.o
 .debug_aranges
                0x000003e8       0x38 ..\obj\main.o
 .debug_aranges
                0x00000420       0x98 ..\obj\printf.o
 .debug_aranges
                0x000004b8      0x118 ..\obj\stm32f10x_rcc.o
 .debug_aranges
                0x000005d0       0x28 ..\obj\nrf24_hal.o
 .debug_aranges
                0x000005f8      0x100 ..\obj\stm32f10x_usart.o
 .debug_aranges
                0x000006f8       0x60 ..\obj\syscalls.o
 .debug_aranges
                0x00000758       0x18 ..\obj\ssd1306_fonts.o
 .debug_aranges
                0x00000770       0x30 ..\obj\ssd1306_i2c.o
 .debug_aranges
                0x000007a0       0x40 ..\obj\oneWire.o
 .debug_aranges
                0x000007e0       0x50 ..\obj\debugUsart.o
 .debug_aranges
                0x00000830       0x40 ..\obj\misc.o
 .debug_aranges
                0x00000870       0x58 ..\obj\ssd1306.o
 .debug_aranges
                0x000008c8       0xd0 ..\obj\stm32f10x_spi.o
 .debug_aranges
                0x00000998      0x120 ..\obj\stm32f10x_i2c.o
 .debug_aranges
                0x00000ab8       0x28 ..\obj\usart.o
 .debug_aranges
                0x00000ae0       0x58 ..\obj\ds1820.o

.debug_ranges   0x00000000      0x980
 .debug_ranges  0x00000000       0x20 ..\obj\nrf24_mid_level.o
 .debug_ranges  0x00000020       0x38 ..\obj\i2c.o
 .debug_ranges  0x00000058      0x100 ..\obj\nrf24.o
 .debug_ranges  0x00000158       0x28 ..\obj\system_stm32f10x.o
 .debug_ranges  0x00000180       0x30 ..\obj\ds2432.o
 .debug_ranges  0x000001b0       0x18 ..\obj\startup_stm32f10x_md.o
 .debug_ranges  0x000001c8       0x50 ..\obj\task.o
 .debug_ranges  0x00000218       0x20 ..\obj\debugMsg.o
 .debug_ranges  0x00000238       0x98 ..\obj\stm32f10x_gpio.o
 .debug_ranges  0x000002d0       0x30 ..\obj\ssd1306_tests.o
 .debug_ranges  0x00000300       0x38 ..\obj\systemTicks.o
 .debug_ranges  0x00000338       0x28 ..\obj\main.o
 .debug_ranges  0x00000360       0x88 ..\obj\printf.o
 .debug_ranges  0x000003e8      0x108 ..\obj\stm32f10x_rcc.o
 .debug_ranges  0x000004f0       0x18 ..\obj\nrf24_hal.o
 .debug_ranges  0x00000508       0xf0 ..\obj\stm32f10x_usart.o
 .debug_ranges  0x000005f8       0x50 ..\obj\syscalls.o
 .debug_ranges  0x00000648       0x20 ..\obj\ssd1306_i2c.o
 .debug_ranges  0x00000668       0x30 ..\obj\oneWire.o
 .debug_ranges  0x00000698       0x40 ..\obj\debugUsart.o
 .debug_ranges  0x000006d8       0x30 ..\obj\misc.o
 .debug_ranges  0x00000708       0x48 ..\obj\ssd1306.o
 .debug_ranges  0x00000750       0xc0 ..\obj\stm32f10x_spi.o
 .debug_ranges  0x00000810      0x110 ..\obj\stm32f10x_i2c.o
 .debug_ranges  0x00000920       0x18 ..\obj\usart.o
 .debug_ranges  0x00000938       0x48 ..\obj\ds1820.o

.debug_line     0x00000000     0x4c3b
 .debug_line    0x00000000      0x280 ..\obj\nrf24_mid_level.o
 .debug_line    0x00000280      0x20a ..\obj\i2c.o
 .debug_line    0x0000048a      0x42d ..\obj\nrf24.o
 .debug_line    0x000008b7      0x210 ..\obj\system_stm32f10x.o
 .debug_line    0x00000ac7      0x3aa ..\obj\ds2432.o
 .debug_line    0x00000e71       0x88 ..\obj\startup_stm32f10x_md.o
 .debug_line    0x00000ef9      0x330 ..\obj\task.o
 .debug_line    0x00001229      0x264 ..\obj\debugMsg.o
 .debug_line    0x0000148d      0x38c ..\obj\stm32f10x_gpio.o
 .debug_line    0x00001819      0x2ec ..\obj\ssd1306_tests.o
 .debug_line    0x00001b05      0x231 ..\obj\systemTicks.o
 .debug_line    0x00001d36      0x2e3 ..\obj\main.o
 .debug_line    0x00002019      0x34d ..\obj\printf.o
 .debug_line    0x00002366      0x487 ..\obj\stm32f10x_rcc.o
 .debug_line    0x000027ed      0x1d0 ..\obj\nrf24_hal.o
 .debug_line    0x000029bd      0x46e ..\obj\stm32f10x_usart.o
 .debug_line    0x00002e2b      0x2bd ..\obj\syscalls.o
 .debug_line    0x000030e8      0x127 ..\obj\ssd1306_fonts.o
 .debug_line    0x0000320f      0x203 ..\obj\ssd1306_i2c.o
 .debug_line    0x00003412      0x21f ..\obj\oneWire.o
 .debug_line    0x00003631      0x2d1 ..\obj\debugUsart.o
 .debug_line    0x00003902      0x201 ..\obj\misc.o
 .debug_line    0x00003b03      0x2c6 ..\obj\ssd1306.o
 .debug_line    0x00003dc9      0x3e9 ..\obj\stm32f10x_spi.o
 .debug_line    0x000041b2      0x4a1 ..\obj\stm32f10x_i2c.o
 .debug_line    0x00004653      0x2b3 ..\obj\usart.o
 .debug_line    0x00004906      0x335 ..\obj\ds1820.o

.debug_str      0x00000000     0x2e68
 .debug_str     0x00000000      0x7be ..\obj\nrf24_mid_level.o
                                0x861 (size before relaxing)
 .debug_str     0x000007be       0xfe ..\obj\i2c.o
                                0x28f (size before relaxing)
 .debug_str     0x000008bc      0x288 ..\obj\nrf24.o
                                0x561 (size before relaxing)
 .debug_str     0x00000b44      0x143 ..\obj\system_stm32f10x.o
                                0x2ed (size before relaxing)
 .debug_str     0x00000c87      0x216 ..\obj\ds2432.o
                                0x78f (size before relaxing)
 .debug_str     0x00000e9d       0xa8 ..\obj\startup_stm32f10x_md.o
                                0x15c (size before relaxing)
 .debug_str     0x00000f45      0x124 ..\obj\task.o
                                0x713 (size before relaxing)
 .debug_str     0x00001069       0x4a ..\obj\debugMsg.o
                                0x618 (size before relaxing)
 .debug_str     0x000010b3      0x265 ..\obj\stm32f10x_gpio.o
                                0x527 (size before relaxing)
 .debug_str     0x00001318       0xc2 ..\obj\ssd1306_tests.o
                                0x643 (size before relaxing)
 .debug_str     0x000013da      0x407 ..\obj\systemTicks.o
                                0x62f (size before relaxing)
 .debug_str     0x000017e1       0x48 ..\obj\main.o
                                0x6f1 (size before relaxing)
 .debug_str     0x00001829       0xd4 ..\obj\printf.o
                                0x63a (size before relaxing)
 .debug_str     0x000018fd      0x35a ..\obj\stm32f10x_rcc.o
                                0x628 (size before relaxing)
 .debug_str     0x00001c57       0x6c ..\obj\nrf24_hal.o
                                0x3af (size before relaxing)
 .debug_str     0x00001cc3      0x415 ..\obj\stm32f10x_usart.o
                                0x69e (size before relaxing)
 .debug_str     0x000020d8      0x177 ..\obj\syscalls.o
                                0x6e2 (size before relaxing)
 .debug_str     0x0000224f       0x3c ..\obj\ssd1306_fonts.o
                                0x1bd (size before relaxing)
 .debug_str     0x0000228b       0xdb ..\obj\ssd1306_i2c.o
                                0x414 (size before relaxing)
 .debug_str     0x00002366       0x6a ..\obj\oneWire.o
                                0x204 (size before relaxing)
 .debug_str     0x000023d0       0x9f ..\obj\debugUsart.o
                                0x6c6 (size before relaxing)
 .debug_str     0x0000246f      0x162 ..\obj\misc.o
                                0x3cc (size before relaxing)
 .debug_str     0x000025d1      0x101 ..\obj\ssd1306.o
                                0x2dd (size before relaxing)
 .debug_str     0x000026d2      0x32e ..\obj\stm32f10x_spi.o
                                0x60b (size before relaxing)
 .debug_str     0x00002a00      0x30a ..\obj\stm32f10x_i2c.o
                                0x674 (size before relaxing)
 .debug_str     0x00002d0a       0x5d ..\obj\usart.o
                                0xb9a (size before relaxing)
 .debug_str     0x00002d67      0x101 ..\obj\ds1820.o
                                0x837 (size before relaxing)

.debug_frame    0x00000000     0x3368
 .debug_frame   0x00000000       0x6c ..\obj\nrf24_mid_level.o
 .debug_frame   0x0000006c       0xe8 ..\obj\i2c.o
 .debug_frame   0x00000154      0x428 ..\obj\nrf24.o
 .debug_frame   0x0000057c       0x98 ..\obj\system_stm32f10x.o
 .debug_frame   0x00000614       0xcc ..\obj\ds2432.o
 .debug_frame   0x000006e0       0x4c ..\obj\startup_stm32f10x_md.o
 .debug_frame   0x0000072c      0x160 ..\obj\task.o
 .debug_frame   0x0000088c       0x7c ..\obj\debugMsg.o
 .debug_frame   0x00000908      0x2d0 ..\obj\stm32f10x_gpio.o
 .debug_frame   0x00000bd8       0xb4 ..\obj\ssd1306_tests.o
 .debug_frame   0x00000c8c       0xe4 ..\obj\systemTicks.o
 .debug_frame   0x00000d70       0x84 ..\obj\main.o
 .debug_frame   0x00000df4      0x2b4 ..\obj\printf.o
 .debug_frame   0x000010a8      0x4f4 ..\obj\stm32f10x_rcc.o
 .debug_frame   0x0000159c       0x58 ..\obj\nrf24_hal.o
 .debug_frame   0x000015f4      0x490 ..\obj\stm32f10x_usart.o
 .debug_frame   0x00001a84      0x164 ..\obj\syscalls.o
 .debug_frame   0x00001be8       0x7c ..\obj\ssd1306_i2c.o
 .debug_frame   0x00001c64       0xc4 ..\obj\oneWire.o
 .debug_frame   0x00001d28       0xfc ..\obj\debugUsart.o
 .debug_frame   0x00001e24       0xd8 ..\obj\misc.o
 .debug_frame   0x00001efc      0x134 ..\obj\ssd1306.o
 .debug_frame   0x00002030      0x3a0 ..\obj\stm32f10x_spi.o
 .debug_frame   0x000023d0      0x530 ..\obj\stm32f10x_i2c.o
 .debug_frame   0x00002900       0x5c ..\obj\usart.o
 .debug_frame   0x0000295c      0x128 ..\obj\ds1820.o
 .debug_frame   0x00002a84       0xac c:/program files (x86)/gnu tools arm embedded/7 2017-q4-major/bin/../lib/gcc/arm-none-eabi/7.2.1/thumb/v7-m\libgcc.a(_arm_addsubdf3.o)
 .debug_frame   0x00002b30       0x50 c:/program files (x86)/gnu tools arm embedded/7 2017-q4-major/bin/../lib/gcc/arm-none-eabi/7.2.1/thumb/v7-m\libgcc.a(_arm_muldivdf3.o)
 .debug_frame   0x00002b80       0x24 c:/program files (x86)/gnu tools arm embedded/7 2017-q4-major/bin/../lib/gcc/arm-none-eabi/7.2.1/thumb/v7-m\libgcc.a(_arm_fixdfsi.o)
 .debug_frame   0x00002ba4       0x4c c:/program files (x86)/gnu tools arm embedded/7 2017-q4-major/bin/../lib/gcc/arm-none-eabi/7.2.1/thumb/v7-m\libgcc.a(_arm_addsubsf3.o)
 .debug_frame   0x00002bf0       0x38 c:/program files (x86)/gnu tools arm embedded/7 2017-q4-major/bin/../lib/gcc/arm-none-eabi/7.2.1/thumb/v7-m\libgcc.a(_arm_muldivsf3.o)
 .debug_frame   0x00002c28       0x24 c:/program files (x86)/gnu tools arm embedded/7 2017-q4-major/bin/../lib/gcc/arm-none-eabi/7.2.1/thumb/v7-m\libgcc.a(_arm_fixsfsi.o)
 .debug_frame   0x00002c4c       0x54 c:/program files (x86)/gnu tools arm embedded/7 2017-q4-major/bin/../lib/gcc/arm-none-eabi/7.2.1/../../../../arm-none-eabi/lib/thumb/v7-m\libc.a(lib_a-fputc.o)
 .debug_frame   0x00002ca0       0x40 c:/program files (x86)/gnu tools arm embedded/7 2017-q4-major/bin/../lib/gcc/arm-none-eabi/7.2.1/../../../../arm-none-eabi/lib/thumb/v7-m\libc.a(lib_a-memmove.o)
 .debug_frame   0x00002ce0       0x50 c:/program files (x86)/gnu tools arm embedded/7 2017-q4-major/bin/../lib/gcc/arm-none-eabi/7.2.1/../../../../arm-none-eabi/lib/thumb/v7-m\libc.a(lib_a-putc.o)
 .debug_frame   0x00002d30       0x40 c:/program files (x86)/gnu tools arm embedded/7 2017-q4-major/bin/../lib/gcc/arm-none-eabi/7.2.1/../../../../arm-none-eabi/lib/thumb/v7-m\libc.a(lib_a-wbuf.o)
 .debug_frame   0x00002d70       0x2c c:/program files (x86)/gnu tools arm embedded/7 2017-q4-major/bin/../lib/gcc/arm-none-eabi/7.2.1/../../../../arm-none-eabi/lib/thumb/v7-m\libc.a(lib_a-wsetup.o)
 .debug_frame   0x00002d9c       0x5c c:/program files (x86)/gnu tools arm embedded/7 2017-q4-major/bin/../lib/gcc/arm-none-eabi/7.2.1/../../../../arm-none-eabi/lib/thumb/v7-m\libc.a(lib_a-fflush.o)
 .debug_frame   0x00002df8      0x150 c:/program files (x86)/gnu tools arm embedded/7 2017-q4-major/bin/../lib/gcc/arm-none-eabi/7.2.1/../../../../arm-none-eabi/lib/thumb/v7-m\libc.a(lib_a-findfp.o)
 .debug_frame   0x00002f48       0x80 c:/program files (x86)/gnu tools arm embedded/7 2017-q4-major/bin/../lib/gcc/arm-none-eabi/7.2.1/../../../../arm-none-eabi/lib/thumb/v7-m\libc.a(lib_a-freer.o)
 .debug_frame   0x00002fc8       0x54 c:/program files (x86)/gnu tools arm embedded/7 2017-q4-major/bin/../lib/gcc/arm-none-eabi/7.2.1/../../../../arm-none-eabi/lib/thumb/v7-m\libc.a(lib_a-fwalk.o)
 .debug_frame   0x0000301c       0x64 c:/program files (x86)/gnu tools arm embedded/7 2017-q4-major/bin/../lib/gcc/arm-none-eabi/7.2.1/../../../../arm-none-eabi/lib/thumb/v7-m\libc.a(lib_a-makebuf.o)
 .debug_frame   0x00003080       0x4c c:/program files (x86)/gnu tools arm embedded/7 2017-q4-major/bin/../lib/gcc/arm-none-eabi/7.2.1/../../../../arm-none-eabi/lib/thumb/v7-m\libc.a(lib_a-mallocr.o)
 .debug_frame   0x000030cc       0x30 c:/program files (x86)/gnu tools arm embedded/7 2017-q4-major/bin/../lib/gcc/arm-none-eabi/7.2.1/../../../../arm-none-eabi/lib/thumb/v7-m\libc.a(lib_a-mlock.o)
 .debug_frame   0x000030fc       0x2c c:/program files (x86)/gnu tools arm embedded/7 2017-q4-major/bin/../lib/gcc/arm-none-eabi/7.2.1/../../../../arm-none-eabi/lib/thumb/v7-m\libc.a(lib_a-sbrkr.o)
 .debug_frame   0x00003128       0x88 c:/program files (x86)/gnu tools arm embedded/7 2017-q4-major/bin/../lib/gcc/arm-none-eabi/7.2.1/../../../../arm-none-eabi/lib/thumb/v7-m\libc.a(lib_a-stdio.o)
 .debug_frame   0x000031b0       0x30 c:/program files (x86)/gnu tools arm embedded/7 2017-q4-major/bin/../lib/gcc/arm-none-eabi/7.2.1/../../../../arm-none-eabi/lib/thumb/v7-m\libc.a(lib_a-writer.o)
 .debug_frame   0x000031e0       0x2c c:/program files (x86)/gnu tools arm embedded/7 2017-q4-major/bin/../lib/gcc/arm-none-eabi/7.2.1/../../../../arm-none-eabi/lib/thumb/v7-m\libc.a(lib_a-closer.o)
 .debug_frame   0x0000320c       0x3c c:/program files (x86)/gnu tools arm embedded/7 2017-q4-major/bin/../lib/gcc/arm-none-eabi/7.2.1/../../../../arm-none-eabi/lib/thumb/v7-m\libc.a(lib_a-fclose.o)
 .debug_frame   0x00003248       0x2c c:/program files (x86)/gnu tools arm embedded/7 2017-q4-major/bin/../lib/gcc/arm-none-eabi/7.2.1/../../../../arm-none-eabi/lib/thumb/v7-m\libc.a(lib_a-fstatr.o)
 .debug_frame   0x00003274       0x2c c:/program files (x86)/gnu tools arm embedded/7 2017-q4-major/bin/../lib/gcc/arm-none-eabi/7.2.1/../../../../arm-none-eabi/lib/thumb/v7-m\libc.a(lib_a-isattyr.o)
 .debug_frame   0x000032a0       0x30 c:/program files (x86)/gnu tools arm embedded/7 2017-q4-major/bin/../lib/gcc/arm-none-eabi/7.2.1/../../../../arm-none-eabi/lib/thumb/v7-m\libc.a(lib_a-lseekr.o)
 .debug_frame   0x000032d0       0x30 c:/program files (x86)/gnu tools arm embedded/7 2017-q4-major/bin/../lib/gcc/arm-none-eabi/7.2.1/../../../../arm-none-eabi/lib/thumb/v7-m\libc.a(lib_a-readr.o)
 .debug_frame   0x00003300       0x68 c:/program files (x86)/gnu tools arm embedded/7 2017-q4-major/bin/../lib/gcc/arm-none-eabi/7.2.1/../../../../arm-none-eabi/lib/thumb/v7-m\libc.a(lib_a-reent.o)
