Archive member included to satisfy reference by file (symbol)

c:/program files (x86)/gnu tools arm embedded/7 2017-q4-major/bin/../lib/gcc/arm-none-eabi/7.2.1/../../../../arm-none-eabi/lib/thumb/v7-m\libc.a(lib_a-exit.o)
                              c:/program files (x86)/gnu tools arm embedded/7 2017-q4-major/bin/../lib/gcc/arm-none-eabi/7.2.1/../../../../arm-none-eabi/lib/thumb/v7-m/crt0.o (exit)
c:/program files (x86)/gnu tools arm embedded/7 2017-q4-major/bin/../lib/gcc/arm-none-eabi/7.2.1/../../../../arm-none-eabi/lib/thumb/v7-m\libc.a(lib_a-impure.o)
                              c:/program files (x86)/gnu tools arm embedded/7 2017-q4-major/bin/../lib/gcc/arm-none-eabi/7.2.1/../../../../arm-none-eabi/lib/thumb/v7-m\libc.a(lib_a-exit.o) (_global_impure_ptr)
c:/program files (x86)/gnu tools arm embedded/7 2017-q4-major/bin/../lib/gcc/arm-none-eabi/7.2.1/../../../../arm-none-eabi/lib/thumb/v7-m\libc.a(lib_a-init.o)
                              c:/program files (x86)/gnu tools arm embedded/7 2017-q4-major/bin/../lib/gcc/arm-none-eabi/7.2.1/../../../../arm-none-eabi/lib/thumb/v7-m/crt0.o (__libc_init_array)
c:/program files (x86)/gnu tools arm embedded/7 2017-q4-major/bin/../lib/gcc/arm-none-eabi/7.2.1/../../../../arm-none-eabi/lib/thumb/v7-m\libc.a(lib_a-memset.o)
                              c:/program files (x86)/gnu tools arm embedded/7 2017-q4-major/bin/../lib/gcc/arm-none-eabi/7.2.1/../../../../arm-none-eabi/lib/thumb/v7-m/crt0.o (memset)
c:/program files (x86)/gnu tools arm embedded/7 2017-q4-major/bin/../lib/gcc/arm-none-eabi/7.2.1/../../../../arm-none-eabi/lib/thumb/v7-m\libc.a(lib_a-__call_atexit.o)
                              c:/program files (x86)/gnu tools arm embedded/7 2017-q4-major/bin/../lib/gcc/arm-none-eabi/7.2.1/../../../../arm-none-eabi/lib/thumb/v7-m\libc.a(lib_a-exit.o) (__call_exitprocs)
c:/program files (x86)/gnu tools arm embedded/7 2017-q4-major/bin/../lib/gcc/arm-none-eabi/7.2.1/../../../../arm-none-eabi/lib/thumb/v7-m\libc.a(lib_a-atexit.o)
                              c:/program files (x86)/gnu tools arm embedded/7 2017-q4-major/bin/../lib/gcc/arm-none-eabi/7.2.1/../../../../arm-none-eabi/lib/thumb/v7-m\libc.a(lib_a-__call_atexit.o) (atexit)
c:/program files (x86)/gnu tools arm embedded/7 2017-q4-major/bin/../lib/gcc/arm-none-eabi/7.2.1/../../../../arm-none-eabi/lib/thumb/v7-m\libc.a(lib_a-fini.o)
                              c:/program files (x86)/gnu tools arm embedded/7 2017-q4-major/bin/../lib/gcc/arm-none-eabi/7.2.1/../../../../arm-none-eabi/lib/thumb/v7-m\libc.a(lib_a-__call_atexit.o) (__libc_fini_array)
c:/program files (x86)/gnu tools arm embedded/7 2017-q4-major/bin/../lib/gcc/arm-none-eabi/7.2.1/../../../../arm-none-eabi/lib/thumb/v7-m\libc.a(lib_a-lock.o)
                              c:/program files (x86)/gnu tools arm embedded/7 2017-q4-major/bin/../lib/gcc/arm-none-eabi/7.2.1/../../../../arm-none-eabi/lib/thumb/v7-m\libc.a(lib_a-__call_atexit.o) (__retarget_lock_acquire_recursive)
c:/program files (x86)/gnu tools arm embedded/7 2017-q4-major/bin/../lib/gcc/arm-none-eabi/7.2.1/../../../../arm-none-eabi/lib/thumb/v7-m\libc.a(lib_a-__atexit.o)
                              c:/program files (x86)/gnu tools arm embedded/7 2017-q4-major/bin/../lib/gcc/arm-none-eabi/7.2.1/../../../../arm-none-eabi/lib/thumb/v7-m\libc.a(lib_a-atexit.o) (__register_exitproc)
c:/program files (x86)/gnu tools arm embedded/7 2017-q4-major/bin/../lib/gcc/arm-none-eabi/7.2.1/thumb/v7-m\libgcc.a(_arm_addsubsf3.o)
                              ..\obj\ds1820.o (__aeabi_i2f)
c:/program files (x86)/gnu tools arm embedded/7 2017-q4-major/bin/../lib/gcc/arm-none-eabi/7.2.1/thumb/v7-m\libgcc.a(_arm_muldivsf3.o)
                              ..\obj\ds1820.o (__aeabi_fdiv)
c:/program files (x86)/gnu tools arm embedded/7 2017-q4-major/bin/../lib/gcc/arm-none-eabi/7.2.1/thumb/v7-m\libgcc.a(_arm_fixsfsi.o)
                              ..\obj\ds1820.o (__aeabi_f2iz)
c:/program files (x86)/gnu tools arm embedded/7 2017-q4-major/bin/../lib/gcc/arm-none-eabi/7.2.1/../../../../arm-none-eabi/lib/thumb/v7-m\libc.a(lib_a-fputc.o)
                              ..\obj\printf.o (fputc)
c:/program files (x86)/gnu tools arm embedded/7 2017-q4-major/bin/../lib/gcc/arm-none-eabi/7.2.1/../../../../arm-none-eabi/lib/thumb/v7-m\libc.a(lib_a-putc.o)
                              c:/program files (x86)/gnu tools arm embedded/7 2017-q4-major/bin/../lib/gcc/arm-none-eabi/7.2.1/../../../../arm-none-eabi/lib/thumb/v7-m\libc.a(lib_a-fputc.o) (_putc_r)
c:/program files (x86)/gnu tools arm embedded/7 2017-q4-major/bin/../lib/gcc/arm-none-eabi/7.2.1/../../../../arm-none-eabi/lib/thumb/v7-m\libc.a(lib_a-wbuf.o)
                              c:/program files (x86)/gnu tools arm embedded/7 2017-q4-major/bin/../lib/gcc/arm-none-eabi/7.2.1/../../../../arm-none-eabi/lib/thumb/v7-m\libc.a(lib_a-putc.o) (__swbuf_r)
[...]
Memory Configuration

Name             Origin             Length             Attributes
rom_org          0x08000000         0x00000200         xr
rom              0x08000200         0x0000fe00         xr
ram              0x20000000         0x00005000         xrw
*default*        0x00000000         0xffffffff

Linker script and memory map

LOAD c:/program files (x86)/gnu tools arm embedded/7 2017-q4-major/bin/../lib/gcc/arm-none-eabi/7.2.1/thumb/v7-m/crti.o
LOAD c:/program files (x86)/gnu tools arm embedded/7 2017-q4-major/bin/../lib/gcc/arm-none-eabi/7.2.1/thumb/v7-m/crtbegin.o
LOAD c:/program files (x86)/gnu tools arm embedded/7 2017-q4-major/bin/../lib/gcc/arm-none-eabi/7.2.1/../../../../arm-none-eabi/lib/thumb/v7-m/crt0.o
                0x20005000                _eram = 0x20005000

.isr_vector     0x08000000      0x10c
                0x08000000                . = ALIGN (0x4)
 *(.isr_vector)
 .isr_vector    0x08000000      0x10c ..\obj\startup_stm32f10x_md.o
                0x08000000                g_pfnVectors
                0x0800010c                . = ALIGN (0x4)
                0x08000200                _version_start = 0x8000200

.eh_frame       0x0800010c        0x0
 .eh_frame      0x0800010c        0x0 c:/program files (x86)/gnu tools arm embedded/7 2017-q4-major/bin/../lib/gcc/arm-none-eabi/7.2.1/thumb/v7-m/crtbegin.o

._version_start
                0x08000200        0x4
 *(.FW_0)
 *(.FW_1)
 *(.FW_2)
 *(.FW_3)
 ._version_start
                0x08000200        0x4 ..\obj\debugMsg.o

.text           0x08000204     0x40e2
 *(.text*)
 .text          0x08000204       0x40 c:/program files (x86)/gnu tools arm embedded/7 2017-q4-major/bin/../lib/gcc/arm-none-eabi/7.2.1/thumb/v7-m/crtbegin.o
 .text.memset   0x08000244       0x94 c:/program files (x86)/gnu tools arm embedded/7 2017-q4-major/bin/../lib/gcc/arm-none-eabi/7.2.1/../../../../arm-none-eabi/lib/thumb/v7-m\libc.a(lib_a-memset.o)
                0x08000244                memset
 .text.startup.register_fini
                0x080002d8       0x14 c:/program files (x86)/gnu tools arm embedded/7 2017-q4-major/bin/../lib/gcc/arm-none-eabi/7.2.1/../../../../arm-none-eabi/lib/thumb/v7-m\libc.a(lib_a-__call_atexit.o)
 .text.atexit   0x080002ec        0xc c:/program files (x86)/gnu tools arm embedded/7 2017-q4-major/bin/../lib/gcc/arm-none-eabi/7.2.1/../../../../arm-none-eabi/lib/thumb/v7-m\libc.a(lib_a-atexit.o)
                0x080002ec                atexit
 .text.__libc_fini_array
                0x080002f8       0x34 c:/program files (x86)/gnu tools arm embedded/7 2017-q4-major/bin/../lib/gcc/arm-none-eabi/7.2.1/../../../../arm-none-eabi/lib/thumb/v7-m\libc.a(lib_a-fini.o)
                0x080002f8                __libc_fini_array
 .text.__retarget_lock_init_recursive
                0x0800032c        0x4 c:/program files (x86)/gnu tools arm embedded/7 2017-q4-major/bin/../lib/gcc/arm-none-eabi/7.2.1/../../../../arm-none-eabi/lib/thumb/v7-m\libc.a(lib_a-lock.o)
                0x0800032c                __retarget_lock_init_recursive
 .text.__retarget_lock_close_recursive
                0x08000330        0x4 c:/program files (x86)/gnu tools arm embedded/7 2017-q4-major/bin/../lib/gcc/arm-none-eabi/7.2.1/../../../../arm-none-eabi/lib/thumb/v7-m\libc.a(lib_a-lock.o)
                0x08000330                __retarget_lock_close_recursive
 .text.__retarget_lock_acquire_recursive
                0x08000334        0x4 c:/program files (x86)/gnu tools arm embedded/7 2017-q4-major/bin/../lib/gcc/arm-none-eabi/7.2.1/../../../../arm-none-eabi/lib/thumb/v7-m\libc.a(lib_a-lock.o)
                0x08000334                __retarget_lock_acquire_recursive
 .text.__retarget_lock_release_recursive
                0x08000338        0x4 c:/program files (x86)/gnu tools arm embedded/7 2017-q4-major/bin/../lib/gcc/arm-none-eabi/7.2.1/../../../../arm-none-eabi/lib/thumb/v7-m\libc.a(lib_a-lock.o)
                0x08000338                __retarget_lock_release_recursive
 .text.__register_exitproc
                0x0800033c       0xc0 c:/program files (x86)/gnu tools arm embedded/7 2017-q4-major/bin/../lib/gcc/arm-none-eabi/7.2.1/../../../../arm-none-eabi/lib/thumb/v7-m\libc.a(lib_a-__atexit.o)
                0x0800033c                __register_exitproc
 .text.nRF24_TransmitPacket
                0x080003fc       0xac ..\obj\nrf24_mid_level.o
                0x080003fc                nRF24_TransmitPacket
 .text.nRF24_InitializeTX
                0x080004a8       0x48 ..\obj\nrf24_mid_level.o
                0x080004a8                nRF24_InitializeTX
 .text.nRF24_Initialize
                0x080004f0       0x68 ..\obj\nrf24_mid_level.o
                0x080004f0                nRF24_Initialize
 .text.nRF24_Transmit
                0x08000558       0xd4 ..\obj\nrf24_mid_level.o
                0x08000558                nRF24_Transmit
 .text.nRF24_ReadReg
                0x0800062c       0x44 ..\obj\nrf24.o
 .text.nRF24_WriteReg
                0x08000670       0x80 ..\obj\nrf24.o
 .text.nRF24_ReadMBReg
                0x080006f0       0x54 ..\obj\nrf24.o
 .text.nRF24_WriteMBReg
                0x08000744       0x54 ..\obj\nrf24.o
 .text.nRF24_Init
                0x08000798       0xa4 ..\obj\nrf24.o
                0x08000798                nRF24_Init
 .text.nRF24_Check
                0x0800083c       0x5c ..\obj\nrf24.o
                0x0800083c                nRF24_Check
 .text.nRF24_SetPowerMode
                0x08000898       0x3e ..\obj\nrf24.o
                0x08000898                nRF24_SetPowerMode
 .text.nRF24_SetOperationalMode
                0x080008d6       0x42 ..\obj\nrf24.o
                0x080008d6                nRF24_SetOperationalMode
 .text.nRF24_SetCRCScheme
                0x08000918       0x42 ..\obj\nrf24.o
                0x08000918                nRF24_SetCRCScheme
 .text.nRF24_SetRFChannel
                0x0800095a       0x1c ..\obj\nrf24.o
                0x0800095a                nRF24_SetRFChannel
 .text.nRF24_SetAddrWidth
                0x08000976       0x20 ..\obj\nrf24.o
                0x08000976                nRF24_SetAddrWidth
 *fill*         0x08000996        0x2 
 .text.nRF24_SetAddr
                0x08000998       0xb0 ..\obj\nrf24.o
                0x08000998                nRF24_SetAddr
 .text.nRF24_SetTXPower
                0x08000a48       0x36 ..\obj\nrf24.o
                0x08000a48                nRF24_SetTXPower
 .text.nRF24_SetDataRate
                0x08000a7e       0x36 ..\obj\nrf24.o
                0x08000a7e                nRF24_SetDataRate
 .text.nRF24_DisableAA
                0x08000ab4       0x4e ..\obj\nrf24.o
                0x08000ab4                nRF24_DisableAA
 .text.nRF24_GetStatus
                0x08000b02       0x10 ..\obj\nrf24.o
                0x08000b02                nRF24_GetStatus
 .text.nRF24_FlushTX
                0x08000b12       0x10 ..\obj\nrf24.o
                0x08000b12                nRF24_FlushTX
 .text.nRF24_FlushRX
                0x08000b22       0x10 ..\obj\nrf24.o
                0x08000b22                nRF24_FlushRX
 .text.nRF24_ClearIRQFlags
                0x08000b32       0x2a ..\obj\nrf24.o
                0x08000b32                nRF24_ClearIRQFlags
 .text.nRF24_WritePayload
                0x08000b5c       0x20 ..\obj\nrf24.o
                0x08000b5c                nRF24_WritePayload
 .text.SystemInit
                0x08000b7c       0x68 ..\obj\system_stm32f10x.o
                0x08000b7c                SystemInit
 .text.SetSysClock
                0x08000be4        0xc ..\obj\system_stm32f10x.o
 .text.SetSysClockTo72
                0x08000bf0      0x100 ..\obj\system_stm32f10x.o
 .text.Default_Reset_Handler
                0x08000cf0       0x60 ..\obj\startup_stm32f10x_md.o
                0x08000cf0                Default_Reset_Handler
                0x08000cf0                Reset_Handler
 .text.Default_Handler
                0x08000d50        0x6 ..\obj\startup_stm32f10x_md.o
                0x08000d50                EXTI2_IRQHandler
                0x08000d50                DebugMon_Handler
                0x08000d50                TIM1_CC_IRQHandler
                0x08000d50                HardFault_Handler
                0x08000d50                PVD_IRQHandler
                0x08000d50                PendSV_Handler
                0x08000d50                NMI_Handler
                0x08000d50                EXTI3_IRQHandler
                0x08000d50                EXTI0_IRQHandler
                0x08000d50                I2C2_EV_IRQHandler
                0x08000d50                UsageFault_Handler
                0x08000d50                ADC1_2_IRQHandler
                0x08000d50                SPI1_IRQHandler
                0x08000d50                TAMPER_IRQHandler
                0x08000d50                DMA1_Channel4_IRQHandler
                0x08000d50                USART3_IRQHandler
                0x08000d50                RTC_IRQHandler
                0x08000d50                DMA1_Channel7_IRQHandler
                0x08000d50                CAN1_RX1_IRQHandler
                0x08000d50                TIM4_IRQHandler
                0x08000d50                I2C1_EV_IRQHandler
                0x08000d50                DMA1_Channel6_IRQHandler
                0x08000d50                TIM3_IRQHandler
                0x08000d50                RCC_IRQHandler
                0x08000d50                TIM1_TRG_COM_IRQHandler
                0x08000d50                DMA1_Channel1_IRQHandler
                0x08000d50                EXTI15_10_IRQHandler
                0x08000d50                EXTI9_5_IRQHandler
                0x08000d50                SPI2_IRQHandler
                0x08000d50                MemManage_Handler
                0x08000d50                SVC_Handler
                0x08000d50                DMA1_Channel5_IRQHandler
                0x08000d50                EXTI4_IRQHandler
                0x08000d50                USB_LP_CAN1_RX0_IRQHandler
                0x08000d50                USB_HP_CAN1_TX_IRQHandler
                0x08000d50                DMA1_Channel3_IRQHandler
                0x08000d50                TIM1_UP_IRQHandler
                0x08000d50                WWDG_IRQHandler
                0x08000d50                TIM2_IRQHandler
                0x08000d50                TIM1_BRK_IRQHandler
                0x08000d50                EXTI1_IRQHandler
                0x08000d50                RTCAlarm_IRQHandler
                0x08000d50                USART2_IRQHandler
                0x08000d50                I2C2_ER_IRQHandler
                0x08000d50                DMA1_Channel2_IRQHandler
                0x08000d50                CAN1_SCE_IRQHandler
                0x08000d50                FLASH_IRQHandler
                0x08000d50                BusFault_Handler
                0x08000d50                I2C1_ER_IRQHandler
                0x08000d50                USBWakeUp_IRQHandler
 *fill*         0x08000d56        0x2 
 .text.InitTasks
                0x08000d58       0x24 ..\obj\task.o
                0x08000d58                InitTasks
 .text.AddTaskSignal
                0x08000d7c       0x98 ..\obj\task.o
                0x08000d7c                AddTaskSignal
 .text.AddTaskTime
                0x08000e14       0xc0 ..\obj\task.o
                0x08000e14                AddTaskTime
 .text.TaskManager
                0x08000ed4       0x54 ..\obj\task.o
                0x08000ed4                TaskManager
 .text.PrintTasks
                0x08000f28       0x80 ..\obj\task.o
                0x08000f28                PrintTasks
 .text.ShowMcuInfo
                0x08000fa8       0x60 ..\obj\debugMsg.o
                0x08000fa8                ShowMcuInfo
 .text.ShowSystemClocks
                0x08001008       0x24 ..\obj\debugMsg.o
                0x08001008                ShowSystemClocks
 .text.ShowBoardInfo
                0x0800102c       0x9c ..\obj\debugMsg.o
                0x0800102c                ShowBoardInfo
 .text.GPIO_Init
                0x080010c8      0x178 ..\obj\stm32f10x_gpio.o
                0x080010c8                GPIO_Init
 .text.GPIO_ReadInputDataBit
                0x08001240       0x32 ..\obj\stm32f10x_gpio.o
                0x08001240                GPIO_ReadInputDataBit
 .text.GPIO_SetBits
                0x08001272       0x1c ..\obj\stm32f10x_gpio.o
                0x08001272                GPIO_SetBits
 .text.GPIO_ResetBits
                0x0800128e       0x1c ..\obj\stm32f10x_gpio.o
                0x0800128e                GPIO_ResetBits
 *fill*         0x080012aa        0x2 
 .text.GPIO_PinRemapConfig
                0x080012ac       0xe0 ..\obj\stm32f10x_gpio.o
                0x080012ac                GPIO_PinRemapConfig
 .text.NVIC_SetPriority
                0x0800138c       0x54 ..\obj\systemTicks.o
 .text.SysTick_Config
                0x080013e0       0x44 ..\obj\systemTicks.o
 .text.Systick_Init
                0x08001424       0x2c ..\obj\systemTicks.o
                0x08001424                Systick_Init
 .text.InitSystemTicks
                0x08001450       0x18 ..\obj\systemTicks.o
                0x08001450                InitSystemTicks
 .text.SysTick_Handler
                0x08001468       0x1c ..\obj\systemTicks.o
                0x08001468                SysTick_Handler
 .text._DelayUS
                0x08001484       0x30 ..\obj\systemTicks.o
                0x08001484                _DelayUS
 .text.TasksScheduler
                0x080014b4      0x11c ..\obj\main.o
 .text.DefineTasks
                0x080015d0       0x6c ..\obj\main.o
                0x080015d0                DefineTasks
 .text.Init     0x0800163c       0x2c ..\obj\main.o
                0x0800163c                Init
 .text.main     0x08001668       0x28 ..\obj\main.o
                0x08001668                main
 .text.PutChar  0x08001690       0x1e ..\obj\printf.o
                0x08001690                PutChar
 .text.PutString
                0x080016ae       0x3a ..\obj\printf.o
                0x080016ae                PutString
 .text.PutUnsignedInt
                0x080016e8       0x9c ..\obj\printf.o
                0x080016e8                PutUnsignedInt
 .text.PutSignedInt
                0x08001784       0xf8 ..\obj\printf.o
                0x08001784                PutSignedInt
 .text.PutHexa  0x0800187c       0xd4 ..\obj\printf.o
                0x0800187c                PutHexa
 .text.vsnprintf
                0x08001950      0x254 ..\obj\printf.o
                0x08001950                vsnprintf
 .text.vsprintf
                0x08001ba4       0x22 ..\obj\printf.o
                0x08001ba4                vsprintf
 *fill*         0x08001bc6        0x2 
 .text.vfprintf
                0x08001bc8       0x68 ..\obj\printf.o
                0x08001bc8                vfprintf
 .text.vprintf  0x08001c30       0x28 ..\obj\printf.o
                0x08001c30                vprintf
 .text.printf   0x08001c58       0x28 ..\obj\printf.o
                0x08001c58                printf
 .text.fputs    0x08001c80       0x48 ..\obj\printf.o
                0x08001c80                fputs
 .text.RCC_GetClocksFreq
                0x08001cc8      0x160 ..\obj\stm32f10x_rcc.o
                0x08001cc8                RCC_GetClocksFreq
 .text.RCC_APB2PeriphClockCmd
                0x08001e28       0x3c ..\obj\stm32f10x_rcc.o
                0x08001e28                RCC_APB2PeriphClockCmd
 .text.RCC_APB1PeriphClockCmd
                0x08001e64       0x3c ..\obj\stm32f10x_rcc.o
                0x08001e64                RCC_APB1PeriphClockCmd
 .text.nRF24_GPIO_Init
                0x08001ea0       0x60 ..\obj\nrf24_hal.o
                0x08001ea0                nRF24_GPIO_Init
 .text.nRF24_LL_RW
                0x08001f00       0x4c ..\obj\nrf24_hal.o
                0x08001f00                nRF24_LL_RW
 .text.USART_Init
                0x08001f4c      0x174 ..\obj\stm32f10x_usart.o
                0x08001f4c                USART_Init
 .text.USART_Cmd
                0x080020c0       0x3e ..\obj\stm32f10x_usart.o
                0x080020c0                USART_Cmd
 .text.USART_ITConfig
                0x080020fe       0x8e ..\obj\stm32f10x_usart.o
                0x080020fe                USART_ITConfig
 .text._sbrk    0x0800218c       0x3c ..\obj\syscalls.o
                0x0800218c                _sbrk
 .text._close   0x080021c8       0x16 ..\obj\syscalls.o
                0x080021c8                _close
 .text._fstat   0x080021de       0x1e ..\obj\syscalls.o
                0x080021de                _fstat
 .text._isatty  0x080021fc       0x14 ..\obj\syscalls.o
                0x080021fc                _isatty
 .text._lseek   0x08002210       0x18 ..\obj\syscalls.o
                0x08002210                _lseek
 .text._read    0x08002228       0x18 ..\obj\syscalls.o
                0x08002228                _read
 .text._write   0x08002240       0x1e ..\obj\syscalls.o
                0x08002240                _write
 .text.OW_reset
                0x0800225e       0x54 ..\obj\oneWire.o
                0x0800225e                OW_reset
 .text.OW_writeBit
                0x080022b2       0x5e ..\obj\oneWire.o
                0x080022b2                OW_writeBit
 .text.OW_readBit
                0x08002310       0x4a ..\obj\oneWire.o
                0x08002310                OW_readBit
 .text.OW_writeByte
                0x0800235a       0x3e ..\obj\oneWire.o
                0x0800235a                OW_writeByte
 .text.OW_readByte
                0x08002398       0x4a ..\obj\oneWire.o
                0x08002398                OW_readByte
 *fill*         0x080023e2        0x2 
 .text.InitDebugUsart
                0x080023e4       0x54 ..\obj\debugUsart.o
                0x080023e4                InitDebugUsart
 .text.SendChar
                0x08002438       0x50 ..\obj\debugUsart.o
 .text.Send_N_Chars
                0x08002488       0x34 ..\obj\debugUsart.o
                0x08002488                Send_N_Chars
 .text.UART_SendBufHex
                0x080024bc       0x44 ..\obj\debugUsart.o
                0x080024bc                UART_SendBufHex
 .text.PrintAvailableCommands
                0x08002500       0x24 ..\obj\debugUsart.o
                0x08002500                PrintAvailableCommands
 .text.CheckConsoleRx
                0x08002524       0x38 ..\obj\debugUsart.o
                0x08002524                CheckConsoleRx
 .text.Init_SPI2_Master
                0x0800255c       0xa0 ..\obj\nrf24_low_level.o
                0x0800255c                Init_SPI2_Master
 .text.NVIC_Init
                0x080025fc       0xc4 ..\obj\misc.o
                0x080025fc                NVIC_Init
 .text.SPI_Init
                0x080026c0       0x86 ..\obj\stm32f10x_spi.o
                0x080026c0                SPI_Init
 .text.SPI_Cmd  0x08002746       0x3e ..\obj\stm32f10x_spi.o
                0x08002746                SPI_Cmd
 .text.SPI_I2S_SendData
                0x08002784       0x1c ..\obj\stm32f10x_spi.o
                0x08002784                SPI_I2S_SendData
 .text.SPI_I2S_ReceiveData
                0x080027a0       0x18 ..\obj\stm32f10x_spi.o
                0x080027a0                SPI_I2S_ReceiveData
 .text.SPI_NSSInternalSoftwareConfig
                0x080027b8       0x42 ..\obj\stm32f10x_spi.o
                0x080027b8                SPI_NSSInternalSoftwareConfig
 .text.SPI_I2S_GetFlagStatus
                0x080027fa       0x36 ..\obj\stm32f10x_spi.o
                0x080027fa                SPI_I2S_GetFlagStatus
 .text.init_USART1
                0x08002830       0xb8 ..\obj\usart.o
                0x08002830                init_USART1
 .text.USART1_IRQHandler
                0x080028e8       0xc0 ..\obj\usart.o
                0x080028e8                USART1_IRQHandler
 .text.DS1820_Init
                0x080029a8       0x2c ..\obj\ds1820.o
                0x080029a8                DS1820_Init
 .text.OW_ReadTemperature
                0x080029d4       0xe4 ..\obj\ds1820.o
                0x080029d4                OW_ReadTemperature
 .text.MeasureTemperature
                0x08002ab8       0x2c ..\obj\ds1820.o
                0x08002ab8                MeasureTemperature
 .text.MeasureTemperatures
                0x08002ae4        0xe ..\obj\ds1820.o
                0x08002ae4                MeasureTemperatures
 *fill*         0x08002af2        0x2 
 .text.Debug_PrintTemperatures
                0x08002af4       0x48 ..\obj\ds1820.o
                0x08002af4                Debug_PrintTemperatures
 .text          0x08002b3c      0x21c c:/program files (x86)/gnu tools arm embedded/7 2017-q4-major/bin/../lib/gcc/arm-none-eabi/7.2.1/thumb/v7-m\libgcc.a(_arm_addsubsf3.o)
                0x08002b3c                __aeabi_frsub
                0x08002b44                __subsf3
                0x08002b44                __aeabi_fsub
                0x08002b48                __aeabi_fadd
                0x08002b48                __addsf3
                0x08002ca8                __aeabi_ui2f
                0x08002ca8                __floatunsisf
                0x08002cb0                __aeabi_i2f
                0x08002cb0                __floatsisf
                0x08002ccc                __aeabi_ul2f
                0x08002ccc                __floatundisf
                0x08002cdc                __aeabi_l2f
                0x08002cdc                __floatdisf
 .text          0x08002d58      0x2a0 c:/program files (x86)/gnu tools arm embedded/7 2017-q4-major/bin/../lib/gcc/arm-none-eabi/7.2.1/thumb/v7-m\libgcc.a(_arm_muldivsf3.o)
                0x08002d58                __mulsf3
                0x08002d58                __aeabi_fmul
                0x08002ec0                __aeabi_fdiv
                0x08002ec0                __divsf3
 .text          0x08002ff8       0x4c c:/program files (x86)/gnu tools arm embedded/7 2017-q4-major/bin/../lib/gcc/arm-none-eabi/7.2.1/thumb/v7-m\libgcc.a(_arm_fixsfsi.o)
                0x08002ff8                __aeabi_f2iz
                0x08002ff8                __fixsfsi
 .text.fputc    0x08003044       0x58 c:/program files (x86)/gnu tools arm embedded/7 2017-q4-major/bin/../lib/gcc/arm-none-eabi/7.2.1/../../../../arm-none-eabi/lib/thumb/v7-m\libc.a(lib_a-fputc.o)
                0x08003044                fputc
 .text._putc_r  0x0800309c       0x70 c:/program files (x86)/gnu tools arm embedded/7 2017-q4-major/bin/../lib/gcc/arm-none-eabi/7.2.1/../../../../arm-none-eabi/lib/thumb/v7-m\libc.a(lib_a-putc.o)
                0x0800309c                _putc_r
 .text.__swbuf_r
                0x0800310c       0xb0 c:/program files (x86)/gnu tools arm embedded/7 2017-q4-major/bin/../lib/gcc/arm-none-eabi/7.2.1/../../../../arm-none-eabi/lib/thumb/v7-m\libc.a(lib_a-wbuf.o)
                0x0800310c                __swbuf_r
 .text.__swsetup_r
                0x080031bc       0xcc c:/program files (x86)/gnu tools arm embedded/7 2017-q4-major/bin/../lib/gcc/arm-none-eabi/7.2.1/../../../../arm-none-eabi/lib/thumb/v7-m\libc.a(lib_a-wsetup.o)
                0x080031bc                __swsetup_r
 .text.__sflush_r
                0x08003288      0x154 c:/program files (x86)/gnu tools arm embedded/7 2017-q4-major/bin/../lib/gcc/arm-none-eabi/7.2.1/../../../../arm-none-eabi/lib/thumb/v7-m\libc.a(lib_a-fflush.o)
                0x08003288                __sflush_r
 .text._fflush_r
                0x080033dc       0x5c c:/program files (x86)/gnu tools arm embedded/7 2017-q4-major/bin/../lib/gcc/arm-none-eabi/7.2.1/../../../../arm-none-eabi/lib/thumb/v7-m\libc.a(lib_a-fflush.o)
                0x080033dc                _fflush_r
 .text.std      0x08003438       0x50 c:/program files (x86)/gnu tools arm embedded/7 2017-q4-major/bin/../lib/gcc/arm-none-eabi/7.2.1/../../../../arm-none-eabi/lib/thumb/v7-m\libc.a(lib_a-findfp.o)
 .text._cleanup_r
                0x08003488        0xc c:/program files (x86)/gnu tools arm embedded/7 2017-q4-major/bin/../lib/gcc/arm-none-eabi/7.2.1/../../../../arm-none-eabi/lib/thumb/v7-m\libc.a(lib_a-findfp.o)
                0x08003488                _cleanup_r
 .text.__sinit  0x08003494       0x60 c:/program files (x86)/gnu tools arm embedded/7 2017-q4-major/bin/../lib/gcc/arm-none-eabi/7.2.1/../../../../arm-none-eabi/lib/thumb/v7-m\libc.a(lib_a-findfp.o)
                0x08003494                __sinit
 .text.__sfp_lock_acquire
                0x080034f4        0xc c:/program files (x86)/gnu tools arm embedded/7 2017-q4-major/bin/../lib/gcc/arm-none-eabi/7.2.1/../../../../arm-none-eabi/lib/thumb/v7-m\libc.a(lib_a-findfp.o)
                0x080034f4                __sfp_lock_acquire
 .text.__sfp_lock_release
                0x08003500        0xc c:/program files (x86)/gnu tools arm embedded/7 2017-q4-major/bin/../lib/gcc/arm-none-eabi/7.2.1/../../../../arm-none-eabi/lib/thumb/v7-m\libc.a(lib_a-findfp.o)
                0x08003500                __sfp_lock_release
 .text._malloc_trim_r
                0x0800350c       0xa0 c:/program files (x86)/gnu tools arm embedded/7 2017-q4-major/bin/../lib/gcc/arm-none-eabi/7.2.1/../../../../arm-none-eabi/lib/thumb/v7-m\libc.a(lib_a-freer.o)
                0x0800350c                _malloc_trim_r
 .text._free_r  0x080035ac      0x1e8 c:/program files (x86)/gnu tools arm embedded/7 2017-q4-major/bin/../lib/gcc/arm-none-eabi/7.2.1/../../../../arm-none-eabi/lib/thumb/v7-m\libc.a(lib_a-freer.o)
                0x080035ac                _free_r
 .text._fwalk_reent
                0x08003794       0x50 c:/program files (x86)/gnu tools arm embedded/7 2017-q4-major/bin/../lib/gcc/arm-none-eabi/7.2.1/../../../../arm-none-eabi/lib/thumb/v7-m\libc.a(lib_a-fwalk.o)
                0x08003794                _fwalk_reent
 .text.__swhatbuf_r
                0x080037e4       0x5c c:/program files (x86)/gnu tools arm embedded/7 2017-q4-major/bin/../lib/gcc/arm-none-eabi/7.2.1/../../../../arm-none-eabi/lib/thumb/v7-m\libc.a(lib_a-makebuf.o)
                0x080037e4                __swhatbuf_r
 .text.__smakebuf_r
                0x08003840       0x94 c:/program files (x86)/gnu tools arm embedded/7 2017-q4-major/bin/../lib/gcc/arm-none-eabi/7.2.1/../../../../arm-none-eabi/lib/thumb/v7-m\libc.a(lib_a-makebuf.o)
                0x08003840                __smakebuf_r
 .text._malloc_r
                0x080038d4      0x524 c:/program files (x86)/gnu tools arm embedded/7 2017-q4-major/bin/../lib/gcc/arm-none-eabi/7.2.1/../../../../arm-none-eabi/lib/thumb/v7-m\libc.a(lib_a-mallocr.o)
                0x080038d4                _malloc_r
 .text.__malloc_lock
                0x08003df8        0xc c:/program files (x86)/gnu tools arm embedded/7 2017-q4-major/bin/../lib/gcc/arm-none-eabi/7.2.1/../../../../arm-none-eabi/lib/thumb/v7-m\libc.a(lib_a-mlock.o)
                0x08003df8                __malloc_lock
 .text.__malloc_unlock
                0x08003e04        0xc c:/program files (x86)/gnu tools arm embedded/7 2017-q4-major/bin/../lib/gcc/arm-none-eabi/7.2.1/../../../../arm-none-eabi/lib/thumb/v7-m\libc.a(lib_a-mlock.o)
                0x08003e04                __malloc_unlock
 .text._sbrk_r  0x08003e10       0x24 c:/program files (x86)/gnu tools arm embedded/7 2017-q4-major/bin/../lib/gcc/arm-none-eabi/7.2.1/../../../../arm-none-eabi/lib/thumb/v7-m\libc.a(lib_a-sbrkr.o)
                0x08003e10                _sbrk_r
 .text.__sread  0x08003e34       0x24 c:/program files (x86)/gnu tools arm embedded/7 2017-q4-major/bin/../lib/gcc/arm-none-eabi/7.2.1/../../../../arm-none-eabi/lib/thumb/v7-m\libc.a(lib_a-stdio.o)
                0x08003e34                __sread
 .text.__swrite
                0x08003e58       0x3c c:/program files (x86)/gnu tools arm embedded/7 2017-q4-major/bin/../lib/gcc/arm-none-eabi/7.2.1/../../../../arm-none-eabi/lib/thumb/v7-m\libc.a(lib_a-stdio.o)
                0x08003e58                __swrite
 .text.__sseek  0x08003e94       0x20 c:/program files (x86)/gnu tools arm embedded/7 2017-q4-major/bin/../lib/gcc/arm-none-eabi/7.2.1/../../../../arm-none-eabi/lib/thumb/v7-m\libc.a(lib_a-stdio.o)
                0x08003e94                __sseek
 .text.__sclose
                0x08003eb4        0x8 c:/program files (x86)/gnu tools arm embedded/7 2017-q4-major/bin/../lib/gcc/arm-none-eabi/7.2.1/../../../../arm-none-eabi/lib/thumb/v7-m\libc.a(lib_a-stdio.o)
                0x08003eb4                __sclose
 .text._write_r
                0x08003ebc       0x2c c:/program files (x86)/gnu tools arm embedded/7 2017-q4-major/bin/../lib/gcc/arm-none-eabi/7.2.1/../../../../arm-none-eabi/lib/thumb/v7-m\libc.a(lib_a-writer.o)
                0x08003ebc                _write_r
 .text._close_r
                0x08003ee8       0x24 c:/program files (x86)/gnu tools arm embedded/7 2017-q4-major/bin/../lib/gcc/arm-none-eabi/7.2.1/../../../../arm-none-eabi/lib/thumb/v7-m\libc.a(lib_a-closer.o)
                0x08003ee8                _close_r
 .text._fclose_r
                0x08003f0c       0xd0 c:/program files (x86)/gnu tools arm embedded/7 2017-q4-major/bin/../lib/gcc/arm-none-eabi/7.2.1/../../../../arm-none-eabi/lib/thumb/v7-m\libc.a(lib_a-fclose.o)
                0x08003f0c                _fclose_r
 .text._fstat_r
                0x08003fdc       0x28 c:/program files (x86)/gnu tools arm embedded/7 2017-q4-major/bin/../lib/gcc/arm-none-eabi/7.2.1/../../../../arm-none-eabi/lib/thumb/v7-m\libc.a(lib_a-fstatr.o)
                0x08003fdc                _fstat_r
 .text._isatty_r
                0x08004004       0x24 c:/program files (x86)/gnu tools arm embedded/7 2017-q4-major/bin/../lib/gcc/arm-none-eabi/7.2.1/../../../../arm-none-eabi/lib/thumb/v7-m\libc.a(lib_a-isattyr.o)
                0x08004004                _isatty_r
 .text._lseek_r
                0x08004028       0x2c c:/program files (x86)/gnu tools arm embedded/7 2017-q4-major/bin/../lib/gcc/arm-none-eabi/7.2.1/../../../../arm-none-eabi/lib/thumb/v7-m\libc.a(lib_a-lseekr.o)
                0x08004028                _lseek_r
 .text._read_r  0x08004054       0x2c c:/program files (x86)/gnu tools arm embedded/7 2017-q4-major/bin/../lib/gcc/arm-none-eabi/7.2.1/../../../../arm-none-eabi/lib/thumb/v7-m\libc.a(lib_a-readr.o)
                0x08004054                _read_r
 *(.init)
 .init          0x08004080        0x4 c:/program files (x86)/gnu tools arm embedded/7 2017-q4-major/bin/../lib/gcc/arm-none-eabi/7.2.1/thumb/v7-m/crti.o
                0x08004080                _init
 .init          0x08004084        0x8 c:/program files (x86)/gnu tools arm embedded/7 2017-q4-major/bin/../lib/gcc/arm-none-eabi/7.2.1/thumb/v7-m/crtn.o
 *(.fini)
 .fini          0x0800408c        0x4 c:/program files (x86)/gnu tools arm embedded/7 2017-q4-major/bin/../lib/gcc/arm-none-eabi/7.2.1/thumb/v7-m/crti.o
                0x0800408c                _fini
 .fini          0x08004090        0x8 c:/program files (x86)/gnu tools arm embedded/7 2017-q4-major/bin/../lib/gcc/arm-none-eabi/7.2.1/thumb/v7-m/crtn.o
 *crtbegin.o(.ctors)
 *crtbegin?.o(.ctors)
 *(EXCLUDE_FILE(*crtend.o *crtend?.o) .ctors)
 *(SORT_BY_NAME(.ctors.*))
 *(.ctors)
 *crtbegin.o(.dtors)
 *crtbegin?.o(.dtors)
 *(EXCLUDE_FILE(*crtend.o *crtend?.o) .dtors)
 *(SORT_BY_NAME(.dtors.*))
 *(.dtors)
 *(.rodata*)
 .rodata._global_impure_ptr
                0x08004098        0x4 c:/program files (x86)/gnu tools arm embedded/7 2017-q4-major/bin/../lib/gcc/arm-none-eabi/7.2.1/../../../../arm-none-eabi/lib/thumb/v7-m\libc.a(lib_a-impure.o)
                0x08004098                _global_impure_ptr
 .rodata        0x0800409c       0x9f ..\obj\nrf24_mid_level.o
 *fill*         0x0800413b        0x1 
 .rodata        0x0800413c       0x16 ..\obj\nrf24.o
 *fill*         0x08004152        0x2 
 .rodata        0x08004154       0x46 ..\obj\task.o
 *fill*         0x0800419a        0x2 
 .rodata        0x0800419c       0xb8 ..\obj\debugMsg.o
 .rodata        0x08004254       0x24 ..\obj\printf.o
 .rodata        0x08004278       0x46 ..\obj\debugUsart.o
 *fill*         0x080042be        0x2 
 .rodata        0x080042c0       0x26 ..\obj\ds1820.o
 *(.eh_fram e*)

.glue_7         0x080042e8        0x0
 .glue_7        0x080042e8        0x0 linker stubs

.glue_7t        0x080042e8        0x0
 .glue_7t       0x080042e8        0x0 linker stubs

.vfp11_veneer   0x080042e8        0x0
 .vfp11_veneer  0x080042e8        0x0 linker stubs

.v4_bx          0x080042e8        0x0
 .v4_bx         0x080042e8        0x0 linker stubs

.iplt           0x080042e8        0x0
 .iplt          0x080042e8        0x0 c:/program files (x86)/gnu tools arm embedded/7 2017-q4-major/bin/../lib/gcc/arm-none-eabi/7.2.1/thumb/v7-m/crtbegin.o

.rel.dyn        0x080042e8        0x0
 .rel.iplt      0x080042e8        0x0 c:/program files (x86)/gnu tools arm embedded/7 2017-q4-major/bin/../lib/gcc/arm-none-eabi/7.2.1/thumb/v7-m/crtbegin.o

.ARM.extab
 *(.ARM.extab* .gnu.linkonce.armextab.*)
                0x080042e8                __exidx_start = .

.ARM.exidx
 *(.ARM.exidx* .gnu.linkonce.armexidx.*)
                0x080042e8                __exidx_end = .
                0x080042e8                __etext = .
                0x080042e6                _sidata = __etext

.data           0x20000000      0x878 load address 0x080042e6
                0x20000000                __data_start__ = .
                0x20000000                _sdata = __data_start__
 *(vtable)
 *(.data*)
 .data._impure_ptr
                0x20000000        0x4 c:/program files (x86)/gnu tools arm embedded/7 2017-q4-major/bin/../lib/gcc/arm-none-eabi/7.2.1/../../../../arm-none-eabi/lib/thumb/v7-m\libc.a(lib_a-impure.o)
                0x20000000                _impure_ptr
 *fill*         0x20000004        0x4 
 .data.impure_data
                0x20000008      0x428 c:/program files (x86)/gnu tools arm embedded/7 2017-q4-major/bin/../lib/gcc/arm-none-eabi/7.2.1/../../../../arm-none-eabi/lib/thumb/v7-m\libc.a(lib_a-impure.o)
 .data.__atexit_recursive_mutex
                0x20000430        0x4 c:/program files (x86)/gnu tools arm embedded/7 2017-q4-major/bin/../lib/gcc/arm-none-eabi/7.2.1/../../../../arm-none-eabi/lib/thumb/v7-m\libc.a(lib_a-__call_atexit.o)
                0x20000430                __atexit_recursive_mutex
 .data          0x20000434       0x14 ..\obj\system_stm32f10x.o
                0x20000434                SystemCoreClock
                0x20000438                AHBPrescTable
 .data          0x20000448       0x14 ..\obj\stm32f10x_rcc.o
 .data.__malloc_av_
                0x2000045c      0x408 c:/program files (x86)/gnu tools arm embedded/7 2017-q4-major/bin/../lib/gcc/arm-none-eabi/7.2.1/../../../../arm-none-eabi/lib/thumb/v7-m\libc.a(lib_a-mallocr.o)
                0x2000045c                __malloc_av_
 .data.__malloc_sbrk_base
                0x20000864        0x4 c:/program files (x86)/gnu tools arm embedded/7 2017-q4-major/bin/../lib/gcc/arm-none-eabi/7.2.1/../../../../arm-none-eabi/lib/thumb/v7-m\libc.a(lib_a-mallocr.o)
                0x20000864                __malloc_sbrk_base
 .data.__malloc_trim_threshold
                0x20000868        0x4 c:/program files (x86)/gnu tools arm embedded/7 2017-q4-major/bin/../lib/gcc/arm-none-eabi/7.2.1/../../../../arm-none-eabi/lib/thumb/v7-m\libc.a(lib_a-mallocr.o)
                0x20000868                __malloc_trim_threshold
                0x2000086c                . = ALIGN (0x4)
                0x2000086c                PROVIDE (__preinit_array_start, .)
 *(.preinit_array)
                0x2000086c                PROVIDE (__preinit_array_end, .)
                0x2000086c                . = ALIGN (0x4)
                0x2000086c                PROVIDE (__init_array_start, .)
 *(SORT_BY_NAME(.init_array.*))
 .init_array.00000
                0x2000086c        0x4 c:/program files (x86)/gnu tools arm embedded/7 2017-q4-major/bin/../lib/gcc/arm-none-eabi/7.2.1/../../../../arm-none-eabi/lib/thumb/v7-m\libc.a(lib_a-__call_atexit.o)
 *(.init_array)
 .init_array    0x20000870        0x4 c:/program files (x86)/gnu tools arm embedded/7 2017-q4-major/bin/../lib/gcc/arm-none-eabi/7.2.1/thumb/v7-m/crtbegin.o
                0x20000874                PROVIDE (__init_array_end, .)
                0x20000874                . = ALIGN (0x4)
                0x20000874                PROVIDE (__fini_array_start, .)
 *(SORT_BY_NAME(.fini_array.*))
 *(.fini_array)
 .fini_array    0x20000874        0x4 c:/program files (x86)/gnu tools arm embedded/7 2017-q4-major/bin/../lib/gcc/arm-none-eabi/7.2.1/thumb/v7-m/crtbegin.o
                0x20000878                PROVIDE (__fini_array_end, .)
 *(.jcr*)
                0x20000878                . = ALIGN (0x4)
                0x20000878                __data_end__ = .
                0x20000878                _edata = __data_end__

.igot.plt       0x20000878        0x0 load address 0x08004b60
 .igot.plt      0x20000878        0x0 c:/program files (x86)/gnu tools arm embedded/7 2017-q4-major/bin/../lib/gcc/arm-none-eabi/7.2.1/thumb/v7-m/crtbegin.o

.bss            0x20000878      0x5b4 load address 0x08004b60
                0x20000878                . = ALIGN (0x4)
                0x20000878                __bss_start__ = .
                0x20000878                _sbss = __bss_start__
 *(.bss*)
 .bss           0x20000878       0x1c c:/program files (x86)/gnu tools arm embedded/7 2017-q4-major/bin/../lib/gcc/arm-none-eabi/7.2.1/thumb/v7-m/crtbegin.o
 .bss           0x20000894        0x4 ..\obj\nrf24_mid_level.o
                0x20000894                j
 .bss           0x20000898        0x4 ..\obj\systemTicks.o
                0x20000898                micros
 .bss           0x2000089c        0x4 ..\obj\syscalls.o
 .bss.__malloc_current_mallinfo
                0x200008a0       0x28 c:/program files (x86)/gnu tools arm embedded/7 2017-q4-major/bin/../lib/gcc/arm-none-eabi/7.2.1/../../../../arm-none-eabi/lib/thumb/v7-m\libc.a(lib_a-mallocr.o)
                0x200008a0                __malloc_current_mallinfo
 .bss.__malloc_max_sbrked_mem
                0x200008c8        0x4 c:/program files (x86)/gnu tools arm embedded/7 2017-q4-major/bin/../lib/gcc/arm-none-eabi/7.2.1/../../../../arm-none-eabi/lib/thumb/v7-m\libc.a(lib_a-mallocr.o)
                0x200008c8                __malloc_max_sbrked_mem
 .bss.__malloc_max_total_mem
                0x200008cc        0x4 c:/program files (x86)/gnu tools arm embedded/7 2017-q4-major/bin/../lib/gcc/arm-none-eabi/7.2.1/../../../../arm-none-eabi/lib/thumb/v7-m\libc.a(lib_a-mallocr.o)
                0x200008cc                __malloc_max_total_mem
 .bss.__malloc_top_pad
                0x200008d0        0x4 c:/program files (x86)/gnu tools arm embedded/7 2017-q4-major/bin/../lib/gcc/arm-none-eabi/7.2.1/../../../../arm-none-eabi/lib/thumb/v7-m\libc.a(lib_a-mallocr.o)
                0x200008d0                __malloc_top_pad
 *(COMMON)
 COMMON         0x200008d4       0x21 c:/program files (x86)/gnu tools arm embedded/7 2017-q4-major/bin/../lib/gcc/arm-none-eabi/7.2.1/../../../../arm-none-eabi/lib/thumb/v7-m\libc.a(lib_a-lock.o)
                0x200008d4                __lock___atexit_recursive_mutex
                0x200008d8                __lock___arc4random_mutex
                0x200008dc                __lock___env_recursive_mutex
                0x200008e0                __lock___sinit_recursive_mutex
                0x200008e4                __lock___malloc_recursive_mutex
                0x200008e8                __lock___at_quick_exit_mutex
                0x200008ec                __lock___dd_hash_mutex
                0x200008f0                __lock___tz_mutex
                0x200008f4                __lock___sfp_recursive_mutex
 *fill*         0x200008f5        0x3 
 COMMON         0x200008f8        0x4 ..\obj\nrf24_mid_level.o
                0x200008f8                debug
 COMMON         0x200008fc      0x404 ..\obj\task.o
                0x200008fc                currentNumberOfTasks
                0x20000900                task
 COMMON         0x20000d00      0x121 ..\obj\debugUsart.o
                0x20000d00                DebugRxBuff
                0x20000d14                DebugTxBuff
                0x20000e20                m_DebugMsgReceived
 *fill*         0x20000e21        0x3 
 COMMON         0x20000e24        0x4 ..\obj\ds1820.o
                0x20000e24                m_temperature
 COMMON         0x20000e28        0x4 c:/program files (x86)/gnu tools arm embedded/7 2017-q4-major/bin/../lib/gcc/arm-none-eabi/7.2.1/../../../../arm-none-eabi/lib/thumb/v7-m\libc.a(lib_a-reent.o)
                0x20000e28                errno
                0x20000e2c                . = ALIGN (0x4)
                0x20000e2c                __bss_end__ = .
                0x20000e2c                _ebss = __bss_end__

.heap           0x20000e2c        0x0
                0x20000e2c                __end__ = .
                0x20000e2c                _end = __end__
                0x20000e2c                end = __end__
 *(.heap*)
                0x20000e2c                __HeapLimit = .

.co_stack       0x20000e2c     0x1404 load address 0x08005114
                0x20000e30                . = ALIGN (0x8)
 *fill*         0x20000e2c        0x4 
 *(.co_stack .co_stack.*)
 .co_stack      0x20000e30     0x1400 ..\obj\startup_stm32f10x_md.o
                0x20000e30                pulStack
                0x20005000                __StackTop = (ORIGIN (ram) + LENGTH (ram))
                0x20003bfc                __StackLimit = (__StackTop - SIZEOF (.co_stack))
                0x20005000                PROVIDE (__stack, __StackTop)

/DISCARD/
 libc.a(*)
 libm.a(*)
 libgcc.a(*)
                0x00000001                ASSERT ((__StackLimit >= __HeapLimit), region ram  overflowed with stack)
LOAD ..\obj\stm32f10x_rtc.o
LOAD ..\obj\stm32f10x_tim.o
LOAD ..\obj\nrf24_mid_level.o
LOAD ..\obj\nrf24.o
LOAD ..\obj\system_stm32f10x.o
LOAD ..\obj\startup_stm32f10x_md.o
LOAD ..\obj\stm32f10x_pwr.o
LOAD ..\obj\task.o
LOAD ..\obj\debugMsg.o
LOAD ..\obj\stm32f10x_gpio.o
LOAD ..\obj\systemTicks.o
LOAD ..\obj\main.o
LOAD ..\obj\printf.o
LOAD ..\obj\stm32f10x_rcc.o
LOAD ..\obj\stm32f10x_exti.o
LOAD ..\obj\stm32f10x_adc.o
LOAD ..\obj\nrf24_hal.o
LOAD ..\obj\stm32f10x_usart.o
LOAD ..\obj\syscalls.o
LOAD ..\obj\stm32f10x_dma.o
LOAD ..\obj\oneWire.o
LOAD ..\obj\debugUsart.o
LOAD ..\obj\nrf24_low_level.o
LOAD ..\obj\misc.o
LOAD ..\obj\stm32f10x_spi.o
LOAD ..\obj\stm32f10x_bkp.o
LOAD ..\obj\usart.o
LOAD ..\obj\ds1820.o
LOAD c:/program files (x86)/gnu tools arm embedded/7 2017-q4-major/bin/../lib/gcc/arm-none-eabi/7.2.1/../../../../arm-none-eabi/lib/thumb/v7-m\libm.a
LOAD c:/program files (x86)/gnu tools arm embedded/7 2017-q4-major/bin/../lib/gcc/arm-none-eabi/7.2.1/thumb/v7-m\libgcc.a
LOAD c:/program files (x86)/gnu tools arm embedded/7 2017-q4-major/bin/../lib/gcc/arm-none-eabi/7.2.1/../../../../arm-none-eabi/lib/thumb/v7-m\libc.a
START GROUP
LOAD c:/program files (x86)/gnu tools arm embedded/7 2017-q4-major/bin/../lib/gcc/arm-none-eabi/7.2.1/thumb/v7-m\libgcc.a
LOAD c:/program files (x86)/gnu tools arm embedded/7 2017-q4-major/bin/../lib/gcc/arm-none-eabi/7.2.1/../../../../arm-none-eabi/lib/thumb/v7-m\libg.a
LOAD c:/program files (x86)/gnu tools arm embedded/7 2017-q4-major/bin/../lib/gcc/arm-none-eabi/7.2.1/../../../../arm-none-eabi/lib/thumb/v7-m\libc.a
END GROUP
LOAD c:/program files (x86)/gnu tools arm embedded/7 2017-q4-major/bin/../lib/gcc/arm-none-eabi/7.2.1/thumb/v7-m/crtend.o
LOAD c:/program files (x86)/gnu tools arm embedded/7 2017-q4-major/bin/../lib/gcc/arm-none-eabi/7.2.1/thumb/v7-m/crtn.o
OUTPUT(STC.elf elf32-littlearm)

.ARM.attributes
                0x00000000       0x29
 .ARM.attributes
                0x00000000       0x1d c:/program files (x86)/gnu tools arm embedded/7 2017-q4-major/bin/../lib/gcc/arm-none-eabi/7.2.1/thumb/v7-m/crti.o
 .ARM.attributes
                0x0000001d       0x2d c:/program files (x86)/gnu tools arm embedded/7 2017-q4-major/bin/../lib/gcc/arm-none-eabi/7.2.1/thumb/v7-m/crtbegin.o
 .ARM.attributes
                0x0000004a       0x33 ..\obj\nrf24_mid_level.o
 .ARM.attributes
                0x0000007d       0x33 ..\obj\nrf24.o
 .ARM.attributes
                0x000000b0       0x33 ..\obj\system_stm32f10x.o
 .ARM.attributes
                0x000000e3       0x33 ..\obj\startup_stm32f10x_md.o
 .ARM.attributes
                0x00000116       0x33 ..\obj\task.o
 .ARM.attributes
                0x00000149       0x33 ..\obj\debugMsg.o
 .ARM.attributes
                0x0000017c       0x33 ..\obj\stm32f10x_gpio.o
 .ARM.attributes
                0x000001af       0x33 ..\obj\systemTicks.o
 .ARM.attributes
                0x000001e2       0x33 ..\obj\main.o
 .ARM.attributes
                0x00000215       0x33 ..\obj\printf.o
 .ARM.attributes
                0x00000248       0x33 ..\obj\stm32f10x_rcc.o
 .ARM.attributes
                0x0000027b       0x33 ..\obj\nrf24_hal.o
 .ARM.attributes
                0x000002ae       0x33 ..\obj\stm32f10x_usart.o
 .ARM.attributes
                0x000002e1       0x33 ..\obj\syscalls.o
 .ARM.attributes
                0x00000314       0x33 ..\obj\oneWire.o
 .ARM.attributes
                0x00000347       0x33 ..\obj\debugUsart.o
 .ARM.attributes
                0x0000037a       0x33 ..\obj\nrf24_low_level.o
 .ARM.attributes
                0x000003ad       0x33 ..\obj\misc.o
 .ARM.attributes
                0x000003e0       0x33 ..\obj\stm32f10x_spi.o
 .ARM.attributes
                0x00000413       0x33 ..\obj\usart.o
 .ARM.attributes
                0x00000446       0x33 ..\obj\ds1820.o
 .ARM.attributes
                0x00000479       0x1d c:/program files (x86)/gnu tools arm embedded/7 2017-q4-major/bin/../lib/gcc/arm-none-eabi/7.2.1/thumb/v7-m\libgcc.a(_arm_addsubsf3.o)
 .ARM.attributes
                0x00000496       0x1d c:/program files (x86)/gnu tools arm embedded/7 2017-q4-major/bin/../lib/gcc/arm-none-eabi/7.2.1/thumb/v7-m\libgcc.a(_arm_muldivsf3.o)
 .ARM.attributes
                0x000004b3       0x1d c:/program files (x86)/gnu tools arm embedded/7 2017-q4-major/bin/../lib/gcc/arm-none-eabi/7.2.1/thumb/v7-m\libgcc.a(_arm_fixsfsi.o)
 .ARM.attributes
                0x000004d0       0x2d c:/program files (x86)/gnu tools arm embedded/7 2017-q4-major/bin/../lib/gcc/arm-none-eabi/7.2.1/../../../../arm-none-eabi/lib/thumb/v7-m\libc.a(lib_a-fputc.o)
 .ARM.attributes
                0x000004fd       0x2d c:/program files (x86)/gnu tools arm embedded/7 2017-q4-major/bin/../lib/gcc/arm-none-eabi/7.2.1/../../../../arm-none-eabi/lib/thumb/v7-m\libc.a(lib_a-putc.o)
 .ARM.attributes
                0x0000052a       0x2d c:/program files (x86)/gnu tools arm embedded/7 2017-q4-major/bin/../lib/gcc/arm-none-eabi/7.2.1/../../../../arm-none-eabi/lib/thumb/v7-m\libc.a(lib_a-wbuf.o)
 .ARM.attributes
                0x00000557       0x2d c:/program files (x86)/gnu tools arm embedded/7 2017-q4-major/bin/../lib/gcc/arm-none-eabi/7.2.1/../../../../arm-none-eabi/lib/thumb/v7-m\libc.a(lib_a-wsetup.o)
 .ARM.attributes
                0x00000584       0x2d c:/program files (x86)/gnu tools arm embedded/7 2017-q4-major/bin/../lib/gcc/arm-none-eabi/7.2.1/../../../../arm-none-eabi/lib/thumb/v7-m\libc.a(lib_a-fflush.o)
 .ARM.attributes
                0x000005b1       0x2d c:/program files (x86)/gnu tools arm embedded/7 2017-q4-major/bin/../lib/gcc/arm-none-eabi/7.2.1/../../../../arm-none-eabi/lib/thumb/v7-m\libc.a(lib_a-findfp.o)
 .ARM.attributes
                0x000005de       0x2d c:/program files (x86)/gnu tools arm embedded/7 2017-q4-major/bin/../lib/gcc/arm-none-eabi/7.2.1/../../../../arm-none-eabi/lib/thumb/v7-m\libc.a(lib_a-freer.o)
 .ARM.attributes
                0x0000060b       0x2d c:/program files (x86)/gnu tools arm embedded/7 2017-q4-major/bin/../lib/gcc/arm-none-eabi/7.2.1/../../../../arm-none-eabi/lib/thumb/v7-m\libc.a(lib_a-fwalk.o)
 .ARM.attributes
                0x00000638       0x2d c:/program files (x86)/gnu tools arm embedded/7 2017-q4-major/bin/../lib/gcc/arm-none-eabi/7.2.1/../../../../arm-none-eabi/lib/thumb/v7-m\libc.a(lib_a-makebuf.o)
 .ARM.attributes
                0x00000665       0x2d c:/program files (x86)/gnu tools arm embedded/7 2017-q4-major/bin/../lib/gcc/arm-none-eabi/7.2.1/../../../../arm-none-eabi/lib/thumb/v7-m\libc.a(lib_a-mallocr.o)
 .ARM.attributes
                0x00000692       0x2d c:/program files (x86)/gnu tools arm embedded/7 2017-q4-major/bin/../lib/gcc/arm-none-eabi/7.2.1/../../../../arm-none-eabi/lib/thumb/v7-m\libc.a(lib_a-mlock.o)
 .ARM.attributes
                0x000006bf       0x2d c:/program files (x86)/gnu tools arm embedded/7 2017-q4-major/bin/../lib/gcc/arm-none-eabi/7.2.1/../../../../arm-none-eabi/lib/thumb/v7-m\libc.a(lib_a-sbrkr.o)
 .ARM.attributes
                0x000006ec       0x2d c:/program files (x86)/gnu tools arm embedded/7 2017-q4-major/bin/../lib/gcc/arm-none-eabi/7.2.1/../../../../arm-none-eabi/lib/thumb/v7-m\libc.a(lib_a-stdio.o)
 .ARM.attributes
                0x00000719       0x2d c:/program files (x86)/gnu tools arm embedded/7 2017-q4-major/bin/../lib/gcc/arm-none-eabi/7.2.1/../../../../arm-none-eabi/lib/thumb/v7-m\libc.a(lib_a-writer.o)
 .ARM.attributes
                0x00000746       0x2d c:/program files (x86)/gnu tools arm embedded/7 2017-q4-major/bin/../lib/gcc/arm-none-eabi/7.2.1/../../../../arm-none-eabi/lib/thumb/v7-m\libc.a(lib_a-closer.o)
 .ARM.attributes
                0x00000773       0x2d c:/program files (x86)/gnu tools arm embedded/7 2017-q4-major/bin/../lib/gcc/arm-none-eabi/7.2.1/../../../../arm-none-eabi/lib/thumb/v7-m\libc.a(lib_a-fclose.o)
 .ARM.attributes
                0x000007a0       0x2d c:/program files (x86)/gnu tools arm embedded/7 2017-q4-major/bin/../lib/gcc/arm-none-eabi/7.2.1/../../../../arm-none-eabi/lib/thumb/v7-m\libc.a(lib_a-fstatr.o)
 .ARM.attributes
                0x000007cd       0x2d c:/program files (x86)/gnu tools arm embedded/7 2017-q4-major/bin/../lib/gcc/arm-none-eabi/7.2.1/../../../../arm-none-eabi/lib/thumb/v7-m\libc.a(lib_a-isattyr.o)
 .ARM.attributes
                0x000007fa       0x2d c:/program files (x86)/gnu tools arm embedded/7 2017-q4-major/bin/../lib/gcc/arm-none-eabi/7.2.1/../../../../arm-none-eabi/lib/thumb/v7-m\libc.a(lib_a-lseekr.o)
 .ARM.attributes
                0x00000827       0x2d c:/program files (x86)/gnu tools arm embedded/7 2017-q4-major/bin/../lib/gcc/arm-none-eabi/7.2.1/../../../../arm-none-eabi/lib/thumb/v7-m\libc.a(lib_a-readr.o)
 .ARM.attributes
                0x00000854       0x2d c:/program files (x86)/gnu tools arm embedded/7 2017-q4-major/bin/../lib/gcc/arm-none-eabi/7.2.1/../../../../arm-none-eabi/lib/thumb/v7-m\libc.a(lib_a-reent.o)
 .ARM.attributes
                0x00000881       0x1d c:/program files (x86)/gnu tools arm embedded/7 2017-q4-major/bin/../lib/gcc/arm-none-eabi/7.2.1/thumb/v7-m/crtn.o

.comment        0x00000000       0x7e
 .comment       0x00000000       0x7e ..\obj\nrf24_mid_level.o
                                 0x7f (size before relaxing)
 .comment       0x0000007e       0x7f ..\obj\nrf24.o
 .comment       0x0000007e       0x7f ..\obj\system_stm32f10x.o
 .comment       0x0000007e       0x7f ..\obj\startup_stm32f10x_md.o
 .comment       0x0000007e       0x7f ..\obj\task.o
 .comment       0x0000007e       0x7f ..\obj\debugMsg.o
 .comment       0x0000007e       0x7f ..\obj\stm32f10x_gpio.o
 .comment       0x0000007e       0x7f ..\obj\systemTicks.o
 .comment       0x0000007e       0x7f ..\obj\main.o
 .comment       0x0000007e       0x7f ..\obj\printf.o
 .comment       0x0000007e       0x7f ..\obj\stm32f10x_rcc.o
 .comment       0x0000007e       0x7f ..\obj\nrf24_hal.o
 .comment       0x0000007e       0x7f ..\obj\stm32f10x_usart.o
 .comment       0x0000007e       0x7f ..\obj\syscalls.o
 .comment       0x0000007e       0x7f ..\obj\oneWire.o
 .comment       0x0000007e       0x7f ..\obj\debugUsart.o
 .comment       0x0000007e       0x7f ..\obj\nrf24_low_level.o
 .comment       0x0000007e       0x7f ..\obj\misc.o
 .comment       0x0000007e       0x7f ..\obj\stm32f10x_spi.o
 .comment       0x0000007e       0x7f ..\obj\usart.o
 .comment       0x0000007e       0x7f ..\obj\ds1820.o

.debug_info     0x00000000     0xc31e
 .debug_info    0x00000000      0xcdd ..\obj\nrf24_mid_level.o
 .debug_info    0x00000cdd      0x7c3 ..\obj\nrf24.o
 .debug_info    0x000014a0      0x4a1 ..\obj\system_stm32f10x.o
 .debug_info    0x00001941      0x110 ..\obj\startup_stm32f10x_md.o
 .debug_info    0x00001a51      0xcfc ..\obj\task.o
 .debug_info    0x0000274d      0xa79 ..\obj\debugMsg.o
 .debug_info    0x000031c6      0x6fe ..\obj\stm32f10x_gpio.o
 .debug_info    0x000038c4      0x6c2 ..\obj\systemTicks.o
 .debug_info    0x00003f86      0xb79 ..\obj\main.o
 .debug_info    0x00004aff      0xe1f ..\obj\printf.o
 .debug_info    0x0000591e      0x8ae ..\obj\stm32f10x_rcc.o
 .debug_info    0x000061cc      0x3ff ..\obj\nrf24_hal.o
 .debug_info    0x000065cb      0x9f6 ..\obj\stm32f10x_usart.o
 .debug_info    0x00006fc1      0xc98 ..\obj\syscalls.o
 .debug_info    0x00007c59      0x2b5 ..\obj\oneWire.o
 .debug_info    0x00007f0e      0xc35 ..\obj\debugUsart.o
 .debug_info    0x00008b43      0xd56 ..\obj\nrf24_low_level.o
 .debug_info    0x00009899      0x547 ..\obj\misc.o
 .debug_info    0x00009de0      0x901 ..\obj\stm32f10x_spi.o
 .debug_info    0x0000a6e1      0xec4 ..\obj\usart.o
 .debug_info    0x0000b5a5      0xd79 ..\obj\ds1820.o

.debug_abbrev   0x00000000     0x28cc
 .debug_abbrev  0x00000000      0x26e ..\obj\nrf24_mid_level.o
 .debug_abbrev  0x0000026e      0x223 ..\obj\nrf24.o
 .debug_abbrev  0x00000491      0x170 ..\obj\system_stm32f10x.o
 .debug_abbrev  0x00000601       0xc1 ..\obj\startup_stm32f10x_md.o
 .debug_abbrev  0x000006c2      0x270 ..\obj\task.o
 .debug_abbrev  0x00000932      0x1e0 ..\obj\debugMsg.o
 .debug_abbrev  0x00000b12      0x1e1 ..\obj\stm32f10x_gpio.o
 .debug_abbrev  0x00000cf3      0x203 ..\obj\systemTicks.o
 .debug_abbrev  0x00000ef6      0x24e ..\obj\main.o
 .debug_abbrev  0x00001144      0x285 ..\obj\printf.o
 .debug_abbrev  0x000013c9      0x1d1 ..\obj\stm32f10x_rcc.o
 .debug_abbrev  0x0000159a      0x13a ..\obj\nrf24_hal.o
 .debug_abbrev  0x000016d4      0x191 ..\obj\stm32f10x_usart.o
 .debug_abbrev  0x00001865      0x229 ..\obj\syscalls.o
 .debug_abbrev  0x00001a8e      0x11e ..\obj\oneWire.o
 .debug_abbrev  0x00001bac      0x28f ..\obj\debugUsart.o
 .debug_abbrev  0x00001e3b      0x26c ..\obj\nrf24_low_level.o
 .debug_abbrev  0x000020a7      0x174 ..\obj\misc.o
 .debug_abbrev  0x0000221b      0x1ad ..\obj\stm32f10x_spi.o
 .debug_abbrev  0x000023c8      0x26e ..\obj\usart.o
 .debug_abbrev  0x00002636      0x296 ..\obj\ds1820.o

.debug_aranges  0x00000000      0x8e0
 .debug_aranges
                0x00000000       0x38 ..\obj\nrf24_mid_level.o
 .debug_aranges
                0x00000038      0x110 ..\obj\nrf24.o
 .debug_aranges
                0x00000148       0x38 ..\obj\system_stm32f10x.o
 .debug_aranges
                0x00000180       0x28 ..\obj\startup_stm32f10x_md.o
 .debug_aranges
                0x000001a8       0x60 ..\obj\task.o
 .debug_aranges
                0x00000208       0x30 ..\obj\debugMsg.o
 .debug_aranges
                0x00000238       0xa8 ..\obj\stm32f10x_gpio.o
 .debug_aranges
                0x000002e0       0x48 ..\obj\systemTicks.o
 .debug_aranges
                0x00000328       0x38 ..\obj\main.o
 .debug_aranges
                0x00000360       0x98 ..\obj\printf.o
 .debug_aranges
                0x000003f8      0x118 ..\obj\stm32f10x_rcc.o
 .debug_aranges
                0x00000510       0x28 ..\obj\nrf24_hal.o
 .debug_aranges
                0x00000538      0x100 ..\obj\stm32f10x_usart.o
 .debug_aranges
                0x00000638       0x60 ..\obj\syscalls.o
 .debug_aranges
                0x00000698       0x40 ..\obj\oneWire.o
 .debug_aranges
                0x000006d8       0x50 ..\obj\debugUsart.o
 .debug_aranges
                0x00000728       0x30 ..\obj\nrf24_low_level.o
 .debug_aranges
                0x00000758       0x40 ..\obj\misc.o
 .debug_aranges
                0x00000798       0xd0 ..\obj\stm32f10x_spi.o
 .debug_aranges
                0x00000868       0x28 ..\obj\usart.o
 .debug_aranges
                0x00000890       0x50 ..\obj\ds1820.o

.debug_ranges   0x00000000      0x790
 .debug_ranges  0x00000000       0x28 ..\obj\nrf24_mid_level.o
 .debug_ranges  0x00000028      0x100 ..\obj\nrf24.o
 .debug_ranges  0x00000128       0x28 ..\obj\system_stm32f10x.o
 .debug_ranges  0x00000150       0x18 ..\obj\startup_stm32f10x_md.o
 .debug_ranges  0x00000168       0x50 ..\obj\task.o
 .debug_ranges  0x000001b8       0x20 ..\obj\debugMsg.o
 .debug_ranges  0x000001d8       0x98 ..\obj\stm32f10x_gpio.o
 .debug_ranges  0x00000270       0x38 ..\obj\systemTicks.o
 .debug_ranges  0x000002a8       0x28 ..\obj\main.o
 .debug_ranges  0x000002d0       0x88 ..\obj\printf.o
 .debug_ranges  0x00000358      0x108 ..\obj\stm32f10x_rcc.o
 .debug_ranges  0x00000460       0x18 ..\obj\nrf24_hal.o
 .debug_ranges  0x00000478       0xf0 ..\obj\stm32f10x_usart.o
 .debug_ranges  0x00000568       0x50 ..\obj\syscalls.o
 .debug_ranges  0x000005b8       0x30 ..\obj\oneWire.o
 .debug_ranges  0x000005e8       0x40 ..\obj\debugUsart.o
 .debug_ranges  0x00000628       0x20 ..\obj\nrf24_low_level.o
 .debug_ranges  0x00000648       0x30 ..\obj\misc.o
 .debug_ranges  0x00000678       0xc0 ..\obj\stm32f10x_spi.o
 .debug_ranges  0x00000738       0x18 ..\obj\usart.o
 .debug_ranges  0x00000750       0x40 ..\obj\ds1820.o

.debug_line     0x00000000     0x3bf1
 .debug_line    0x00000000      0x2c2 ..\obj\nrf24_mid_level.o
 .debug_line    0x000002c2      0x42d ..\obj\nrf24.o
 .debug_line    0x000006ef      0x210 ..\obj\system_stm32f10x.o
 .debug_line    0x000008ff       0x88 ..\obj\startup_stm32f10x_md.o
 .debug_line    0x00000987      0x330 ..\obj\task.o
 .debug_line    0x00000cb7      0x264 ..\obj\debugMsg.o
 .debug_line    0x00000f1b      0x38c ..\obj\stm32f10x_gpio.o
 .debug_line    0x000012a7      0x231 ..\obj\systemTicks.o
 .debug_line    0x000014d8      0x2bf ..\obj\main.o
 .debug_line    0x00001797      0x34d ..\obj\printf.o
 .debug_line    0x00001ae4      0x487 ..\obj\stm32f10x_rcc.o
 .debug_line    0x00001f6b      0x1d0 ..\obj\nrf24_hal.o
 .debug_line    0x0000213b      0x46e ..\obj\stm32f10x_usart.o
 .debug_line    0x000025a9      0x2bd ..\obj\syscalls.o
 .debug_line    0x00002866      0x21f ..\obj\oneWire.o
 .debug_line    0x00002a85      0x2d1 ..\obj\debugUsart.o
 .debug_line    0x00002d56      0x2e4 ..\obj\nrf24_low_level.o
 .debug_line    0x0000303a      0x201 ..\obj\misc.o
 .debug_line    0x0000323b      0x3e9 ..\obj\stm32f10x_spi.o
 .debug_line    0x00003624      0x2b3 ..\obj\usart.o
 .debug_line    0x000038d7      0x31a ..\obj\ds1820.o

.debug_str      0x00000000     0x27b6
 .debug_str     0x00000000      0x775 ..\obj\nrf24_mid_level.o
                                0x820 (size before relaxing)
 .debug_str     0x00000775      0x319 ..\obj\nrf24.o
                                0x561 (size before relaxing)
 .debug_str     0x00000a8e      0x14d ..\obj\system_stm32f10x.o
                                0x2ed (size before relaxing)
 .debug_str     0x00000bdb       0xa8 ..\obj\startup_stm32f10x_md.o
                                0x15c (size before relaxing)
 .debug_str     0x00000c83      0x145 ..\obj\task.o
                                0x713 (size before relaxing)
 .debug_str     0x00000dc8       0x4a ..\obj\debugMsg.o
                                0x618 (size before relaxing)
 .debug_str     0x00000e12      0x37a ..\obj\stm32f10x_gpio.o
                                0x527 (size before relaxing)
 .debug_str     0x0000118c      0x42f ..\obj\systemTicks.o
                                0x62f (size before relaxing)
 .debug_str     0x000015bb       0x3d ..\obj\main.o
                                0x67e (size before relaxing)
 .debug_str     0x000015f8       0xdc ..\obj\printf.o
                                0x63a (size before relaxing)
 .debug_str     0x000016d4      0x352 ..\obj\stm32f10x_rcc.o
                                0x628 (size before relaxing)
 .debug_str     0x00001a26       0x94 ..\obj\nrf24_hal.o
                                0x3af (size before relaxing)
 .debug_str     0x00001aba      0x415 ..\obj\stm32f10x_usart.o
                                0x69e (size before relaxing)
 .debug_str     0x00001ecf      0x177 ..\obj\syscalls.o
                                0x6e2 (size before relaxing)
 .debug_str     0x00002046       0x6a ..\obj\oneWire.o
                                0x204 (size before relaxing)
 .debug_str     0x000020b0       0x9f ..\obj\debugUsart.o
                                0x6c6 (size before relaxing)
 .debug_str     0x0000214f       0xf0 ..\obj\nrf24_low_level.o
                                0x876 (size before relaxing)
 .debug_str     0x0000223f      0x162 ..\obj\misc.o
                                0x3cc (size before relaxing)
 .debug_str     0x000023a1      0x2ab ..\obj\stm32f10x_spi.o
                                0x60b (size before relaxing)
 .debug_str     0x0000264c       0x5d ..\obj\usart.o
                                0xb9a (size before relaxing)
 .debug_str     0x000026a9      0x10d ..\obj\ds1820.o
                                0x834 (size before relaxing)

.debug_frame    0x00000000     0x2938
 .debug_frame   0x00000000       0x90 ..\obj\nrf24_mid_level.o
 .debug_frame   0x00000090      0x428 ..\obj\nrf24.o
 .debug_frame   0x000004b8       0x98 ..\obj\system_stm32f10x.o
 .debug_frame   0x00000550       0x4c ..\obj\startup_stm32f10x_md.o
 .debug_frame   0x0000059c      0x160 ..\obj\task.o
 .debug_frame   0x000006fc       0x7c ..\obj\debugMsg.o
 .debug_frame   0x00000778      0x2d0 ..\obj\stm32f10x_gpio.o
 .debug_frame   0x00000a48       0xe4 ..\obj\systemTicks.o
 .debug_frame   0x00000b2c       0x84 ..\obj\main.o
 .debug_frame   0x00000bb0      0x2b4 ..\obj\printf.o
 .debug_frame   0x00000e64      0x4f4 ..\obj\stm32f10x_rcc.o
 .debug_frame   0x00001358       0x58 ..\obj\nrf24_hal.o
 .debug_frame   0x000013b0      0x490 ..\obj\stm32f10x_usart.o
 .debug_frame   0x00001840      0x164 ..\obj\syscalls.o
 .debug_frame   0x000019a4       0xc4 ..\obj\oneWire.o
 .debug_frame   0x00001a68       0xfc ..\obj\debugUsart.o
 .debug_frame   0x00001b64       0x7c ..\obj\nrf24_low_level.o
 .debug_frame   0x00001be0       0xd8 ..\obj\misc.o
 .debug_frame   0x00001cb8      0x3a0 ..\obj\stm32f10x_spi.o
 .debug_frame   0x00002058       0x5c ..\obj\usart.o
 .debug_frame   0x000020b4      0x100 ..\obj\ds1820.o
 .debug_frame   0x000021b4       0x4c c:/program files (x86)/gnu tools arm embedded/7 2017-q4-major/bin/../lib/gcc/arm-none-eabi/7.2.1/thumb/v7-m\libgcc.a(_arm_addsubsf3.o)
 .debug_frame   0x00002200       0x38 c:/program files (x86)/gnu tools arm embedded/7 2017-q4-major/bin/../lib/gcc/arm-none-eabi/7.2.1/thumb/v7-m\libgcc.a(_arm_muldivsf3.o)
 .debug_frame   0x00002238       0x24 c:/program files (x86)/gnu tools arm embedded/7 2017-q4-major/bin/../lib/gcc/arm-none-eabi/7.2.1/thumb/v7-m\libgcc.a(_arm_fixsfsi.o)
 .debug_frame   0x0000225c       0x54 c:/program files (x86)/gnu tools arm embedded/7 2017-q4-major/bin/../lib/gcc/arm-none-eabi/7.2.1/../../../../arm-none-eabi/lib/thumb/v7-m\libc.a(lib_a-fputc.o)
 .debug_frame   0x000022b0       0x50 c:/program files (x86)/gnu tools arm embedded/7 2017-q4-major/bin/../lib/gcc/arm-none-eabi/7.2.1/../../../../arm-none-eabi/lib/thumb/v7-m\libc.a(lib_a-putc.o)
 .debug_frame   0x00002300       0x40 c:/program files (x86)/gnu tools arm embedded/7 2017-q4-major/bin/../lib/gcc/arm-none-eabi/7.2.1/../../../../arm-none-eabi/lib/thumb/v7-m\libc.a(lib_a-wbuf.o)
 .debug_frame   0x00002340       0x2c c:/program files (x86)/gnu tools arm embedded/7 2017-q4-major/bin/../lib/gcc/arm-none-eabi/7.2.1/../../../../arm-none-eabi/lib/thumb/v7-m\libc.a(lib_a-wsetup.o)
 .debug_frame   0x0000236c       0x5c c:/program files (x86)/gnu tools arm embedded/7 2017-q4-major/bin/../lib/gcc/arm-none-eabi/7.2.1/../../../../arm-none-eabi/lib/thumb/v7-m\libc.a(lib_a-fflush.o)
 .debug_frame   0x000023c8      0x150 c:/program files (x86)/gnu tools arm embedded/7 2017-q4-major/bin/../lib/gcc/arm-none-eabi/7.2.1/../../../../arm-none-eabi/lib/thumb/v7-m\libc.a(lib_a-findfp.o)
 .debug_frame   0x00002518       0x80 c:/program files (x86)/gnu tools arm embedded/7 2017-q4-major/bin/../lib/gcc/arm-none-eabi/7.2.1/../../../../arm-none-eabi/lib/thumb/v7-m\libc.a(lib_a-freer.o)
 .debug_frame   0x00002598       0x54 c:/program files (x86)/gnu tools arm embedded/7 2017-q4-major/bin/../lib/gcc/arm-none-eabi/7.2.1/../../../../arm-none-eabi/lib/thumb/v7-m\libc.a(lib_a-fwalk.o)
 .debug_frame   0x000025ec       0x64 c:/program files (x86)/gnu tools arm embedded/7 2017-q4-major/bin/../lib/gcc/arm-none-eabi/7.2.1/../../../../arm-none-eabi/lib/thumb/v7-m\libc.a(lib_a-makebuf.o)
 .debug_frame   0x00002650       0x4c c:/program files (x86)/gnu tools arm embedded/7 2017-q4-major/bin/../lib/gcc/arm-none-eabi/7.2.1/../../../../arm-none-eabi/lib/thumb/v7-m\libc.a(lib_a-mallocr.o)
 .debug_frame   0x0000269c       0x30 c:/program files (x86)/gnu tools arm embedded/7 2017-q4-major/bin/../lib/gcc/arm-none-eabi/7.2.1/../../../../arm-none-eabi/lib/thumb/v7-m\libc.a(lib_a-mlock.o)
 .debug_frame   0x000026cc       0x2c c:/program files (x86)/gnu tools arm embedded/7 2017-q4-major/bin/../lib/gcc/arm-none-eabi/7.2.1/../../../../arm-none-eabi/lib/thumb/v7-m\libc.a(lib_a-sbrkr.o)
 .debug_frame   0x000026f8       0x88 c:/program files (x86)/gnu tools arm embedded/7 2017-q4-major/bin/../lib/gcc/arm-none-eabi/7.2.1/../../../../arm-none-eabi/lib/thumb/v7-m\libc.a(lib_a-stdio.o)
 .debug_frame   0x00002780       0x30 c:/program files (x86)/gnu tools arm embedded/7 2017-q4-major/bin/../lib/gcc/arm-none-eabi/7.2.1/../../../../arm-none-eabi/lib/thumb/v7-m\libc.a(lib_a-writer.o)
 .debug_frame   0x000027b0       0x2c c:/program files (x86)/gnu tools arm embedded/7 2017-q4-major/bin/../lib/gcc/arm-none-eabi/7.2.1/../../../../arm-none-eabi/lib/thumb/v7-m\libc.a(lib_a-closer.o)
 .debug_frame   0x000027dc       0x3c c:/program files (x86)/gnu tools arm embedded/7 2017-q4-major/bin/../lib/gcc/arm-none-eabi/7.2.1/../../../../arm-none-eabi/lib/thumb/v7-m\libc.a(lib_a-fclose.o)
 .debug_frame   0x00002818       0x2c c:/program files (x86)/gnu tools arm embedded/7 2017-q4-major/bin/../lib/gcc/arm-none-eabi/7.2.1/../../../../arm-none-eabi/lib/thumb/v7-m\libc.a(lib_a-fstatr.o)
 .debug_frame   0x00002844       0x2c c:/program files (x86)/gnu tools arm embedded/7 2017-q4-major/bin/../lib/gcc/arm-none-eabi/7.2.1/../../../../arm-none-eabi/lib/thumb/v7-m\libc.a(lib_a-isattyr.o)
 .debug_frame   0x00002870       0x30 c:/program files (x86)/gnu tools arm embedded/7 2017-q4-major/bin/../lib/gcc/arm-none-eabi/7.2.1/../../../../arm-none-eabi/lib/thumb/v7-m\libc.a(lib_a-lseekr.o)
 .debug_frame   0x000028a0       0x30 c:/program files (x86)/gnu tools arm embedded/7 2017-q4-major/bin/../lib/gcc/arm-none-eabi/7.2.1/../../../../arm-none-eabi/lib/thumb/v7-m\libc.a(lib_a-readr.o)
 .debug_frame   0x000028d0       0x68 c:/program files (x86)/gnu tools arm embedded/7 2017-q4-major/bin/../lib/gcc/arm-none-eabi/7.2.1/../../../../arm-none-eabi/lib/thumb/v7-m\libc.a(lib_a-reent.o)
