Archive member included to satisfy reference by file (symbol)

c:/program files/gnu tools arm embedded/7 2017-q4-major/bin/../lib/gcc/arm-none-eabi/7.2.1/../../../../arm-none-eabi/lib/thumb/v7-m\libc.a(lib_a-exit.o)
                              c:/program files/gnu tools arm embedded/7 2017-q4-major/bin/../lib/gcc/arm-none-eabi/7.2.1/../../../../arm-none-eabi/lib/thumb/v7-m/crt0.o (exit)
c:/program files/gnu tools arm embedded/7 2017-q4-major/bin/../lib/gcc/arm-none-eabi/7.2.1/../../../../arm-none-eabi/lib/thumb/v7-m\libc.a(lib_a-impure.o)
                              c:/program files/gnu tools arm embedded/7 2017-q4-major/bin/../lib/gcc/arm-none-eabi/7.2.1/../../../../arm-none-eabi/lib/thumb/v7-m\libc.a(lib_a-exit.o) (_global_impure_ptr)
c:/program files/gnu tools arm embedded/7 2017-q4-major/bin/../lib/gcc/arm-none-eabi/7.2.1/../../../../arm-none-eabi/lib/thumb/v7-m\libc.a(lib_a-init.o)
                              c:/program files/gnu tools arm embedded/7 2017-q4-major/bin/../lib/gcc/arm-none-eabi/7.2.1/../../../../arm-none-eabi/lib/thumb/v7-m/crt0.o (__libc_init_array)
c:/program files/gnu tools arm embedded/7 2017-q4-major/bin/../lib/gcc/arm-none-eabi/7.2.1/../../../../arm-none-eabi/lib/thumb/v7-m\libc.a(lib_a-memset.o)
                              c:/program files/gnu tools arm embedded/7 2017-q4-major/bin/../lib/gcc/arm-none-eabi/7.2.1/../../../../arm-none-eabi/lib/thumb/v7-m/crt0.o (memset)
c:/program files/gnu tools arm embedded/7 2017-q4-major/bin/../lib/gcc/arm-none-eabi/7.2.1/../../../../arm-none-eabi/lib/thumb/v7-m\libc.a(lib_a-__call_atexit.o)
                              c:/program files/gnu tools arm embedded/7 2017-q4-major/bin/../lib/gcc/arm-none-eabi/7.2.1/../../../../arm-none-eabi/lib/thumb/v7-m\libc.a(lib_a-exit.o) (__call_exitprocs)
c:/program files/gnu tools arm embedded/7 2017-q4-major/bin/../lib/gcc/arm-none-eabi/7.2.1/../../../../arm-none-eabi/lib/thumb/v7-m\libc.a(lib_a-atexit.o)
                              c:/program files/gnu tools arm embedded/7 2017-q4-major/bin/../lib/gcc/arm-none-eabi/7.2.1/../../../../arm-none-eabi/lib/thumb/v7-m\libc.a(lib_a-__call_atexit.o) (atexit)
c:/program files/gnu tools arm embedded/7 2017-q4-major/bin/../lib/gcc/arm-none-eabi/7.2.1/../../../../arm-none-eabi/lib/thumb/v7-m\libc.a(lib_a-fini.o)
                              c:/program files/gnu tools arm embedded/7 2017-q4-major/bin/../lib/gcc/arm-none-eabi/7.2.1/../../../../arm-none-eabi/lib/thumb/v7-m\libc.a(lib_a-__call_atexit.o) (__libc_fini_array)
c:/program files/gnu tools arm embedded/7 2017-q4-major/bin/../lib/gcc/arm-none-eabi/7.2.1/../../../../arm-none-eabi/lib/thumb/v7-m\libc.a(lib_a-lock.o)
                              c:/program files/gnu tools arm embedded/7 2017-q4-major/bin/../lib/gcc/arm-none-eabi/7.2.1/../../../../arm-none-eabi/lib/thumb/v7-m\libc.a(lib_a-__call_atexit.o) (__retarget_lock_acquire_recursive)
c:/program files/gnu tools arm embedded/7 2017-q4-major/bin/../lib/gcc/arm-none-eabi/7.2.1/../../../../arm-none-eabi/lib/thumb/v7-m\libc.a(lib_a-__atexit.o)
                              c:/program files/gnu tools arm embedded/7 2017-q4-major/bin/../lib/gcc/arm-none-eabi/7.2.1/../../../../arm-none-eabi/lib/thumb/v7-m\libc.a(lib_a-atexit.o) (__register_exitproc)
c:/program files/gnu tools arm embedded/7 2017-q4-major/bin/../lib/gcc/arm-none-eabi/7.2.1/thumb/v7-m\libgcc.a(_arm_addsubsf3.o)
                              ..\obj\ds1820.o (__aeabi_i2f)
c:/program files/gnu tools arm embedded/7 2017-q4-major/bin/../lib/gcc/arm-none-eabi/7.2.1/thumb/v7-m\libgcc.a(_arm_muldivsf3.o)
                              ..\obj\ds1820.o (__aeabi_fmul)
c:/program files/gnu tools arm embedded/7 2017-q4-major/bin/../lib/gcc/arm-none-eabi/7.2.1/thumb/v7-m\libgcc.a(_arm_fixsfsi.o)
                              ..\obj\ds1820.o (__aeabi_f2iz)
c:/program files/gnu tools arm embedded/7 2017-q4-major/bin/../lib/gcc/arm-none-eabi/7.2.1/../../../../arm-none-eabi/lib/thumb/v7-m\libc.a(lib_a-fputc.o)
                              ..\obj\printf.o (fputc)
c:/program files/gnu tools arm embedded/7 2017-q4-major/bin/../lib/gcc/arm-none-eabi/7.2.1/../../../../arm-none-eabi/lib/thumb/v7-m\libc.a(lib_a-memcpy.o)
                              ..\obj\startup_stm32f10x_md.o (memcpy)
c:/program files/gnu tools arm embedded/7 2017-q4-major/bin/../lib/gcc/arm-none-eabi/7.2.1/../../../../arm-none-eabi/lib/thumb/v7-m\libc.a(lib_a-putc.o)
                              c:/program files/gnu tools arm embedded/7 2017-q4-major/bin/../lib/gcc/arm-none-eabi/7.2.1/../../../../arm-none-eabi/lib/thumb/v7-m\libc.a(lib_a-fputc.o) (_putc_r)
c:/program files/gnu tools arm embedded/7 2017-q4-major/bin/../lib/gcc/arm-none-eabi/7.2.1/../../../../arm-none-eabi/lib/thumb/v7-m\libc.a(lib_a-wbuf.o)
                              c:/program files/gnu tools arm embedded/7 2017-q4-major/bin/../lib/gcc/arm-none-eabi/7.2.1/../../../../arm-none-eabi/lib/thumb/v7-m\libc.a(lib_a-putc.o) (__swbuf_r)
[...]
Memory Configuration

Name             Origin             Length             Attributes
rom_org          0x08000000         0x00000200         xr
rom              0x08000200         0x0000fe00         xr
ram              0x20000000         0x00005000         xrw
*default*        0x00000000         0xffffffff

Linker script and memory map

LOAD c:/program files/gnu tools arm embedded/7 2017-q4-major/bin/../lib/gcc/arm-none-eabi/7.2.1/thumb/v7-m/crti.o
LOAD c:/program files/gnu tools arm embedded/7 2017-q4-major/bin/../lib/gcc/arm-none-eabi/7.2.1/thumb/v7-m/crtbegin.o
LOAD c:/program files/gnu tools arm embedded/7 2017-q4-major/bin/../lib/gcc/arm-none-eabi/7.2.1/../../../../arm-none-eabi/lib/thumb/v7-m/crt0.o
                0x20005000                _eram = 0x20005000

.isr_vector     0x08000000      0x10c
                0x08000000                . = ALIGN (0x4)
 *(.isr_vector)
 .isr_vector    0x08000000      0x10c ..\obj\startup_stm32f10x_md.o
                0x08000000                g_pfnVectors
                0x0800010c                . = ALIGN (0x4)
                0x08000200                _version_start = 0x8000200

.eh_frame       0x0800010c        0x0
 .eh_frame      0x0800010c        0x0 c:/program files/gnu tools arm embedded/7 2017-q4-major/bin/../lib/gcc/arm-none-eabi/7.2.1/thumb/v7-m/crtbegin.o

._version_start
                0x08000200        0x4
 *(.FW_0)
 *(.FW_1)
 *(.FW_2)
 *(.FW_3)
 ._version_start
                0x08000200        0x4 ..\obj\debugMsg.o

.text           0x08000204     0x3fc8
 *(.text*)
 .text          0x08000204       0x40 c:/program files/gnu tools arm embedded/7 2017-q4-major/bin/../lib/gcc/arm-none-eabi/7.2.1/thumb/v7-m/crtbegin.o
 .text.memset   0x08000244       0x94 c:/program files/gnu tools arm embedded/7 2017-q4-major/bin/../lib/gcc/arm-none-eabi/7.2.1/../../../../arm-none-eabi/lib/thumb/v7-m\libc.a(lib_a-memset.o)
                0x08000244                memset
 .text.startup.register_fini
                0x080002d8       0x14 c:/program files/gnu tools arm embedded/7 2017-q4-major/bin/../lib/gcc/arm-none-eabi/7.2.1/../../../../arm-none-eabi/lib/thumb/v7-m\libc.a(lib_a-__call_atexit.o)
 .text.atexit   0x080002ec        0xc c:/program files/gnu tools arm embedded/7 2017-q4-major/bin/../lib/gcc/arm-none-eabi/7.2.1/../../../../arm-none-eabi/lib/thumb/v7-m\libc.a(lib_a-atexit.o)
                0x080002ec                atexit
 .text.__libc_fini_array
                0x080002f8       0x34 c:/program files/gnu tools arm embedded/7 2017-q4-major/bin/../lib/gcc/arm-none-eabi/7.2.1/../../../../arm-none-eabi/lib/thumb/v7-m\libc.a(lib_a-fini.o)
                0x080002f8                __libc_fini_array
 .text.__retarget_lock_init_recursive
                0x0800032c        0x4 c:/program files/gnu tools arm embedded/7 2017-q4-major/bin/../lib/gcc/arm-none-eabi/7.2.1/../../../../arm-none-eabi/lib/thumb/v7-m\libc.a(lib_a-lock.o)
                0x0800032c                __retarget_lock_init_recursive
 .text.__retarget_lock_close_recursive
                0x08000330        0x4 c:/program files/gnu tools arm embedded/7 2017-q4-major/bin/../lib/gcc/arm-none-eabi/7.2.1/../../../../arm-none-eabi/lib/thumb/v7-m\libc.a(lib_a-lock.o)
                0x08000330                __retarget_lock_close_recursive
 .text.__retarget_lock_acquire_recursive
                0x08000334        0x4 c:/program files/gnu tools arm embedded/7 2017-q4-major/bin/../lib/gcc/arm-none-eabi/7.2.1/../../../../arm-none-eabi/lib/thumb/v7-m\libc.a(lib_a-lock.o)
                0x08000334                __retarget_lock_acquire_recursive
 .text.__retarget_lock_release_recursive
                0x08000338        0x4 c:/program files/gnu tools arm embedded/7 2017-q4-major/bin/../lib/gcc/arm-none-eabi/7.2.1/../../../../arm-none-eabi/lib/thumb/v7-m\libc.a(lib_a-lock.o)
                0x08000338                __retarget_lock_release_recursive
 .text.__register_exitproc
                0x0800033c       0xc0 c:/program files/gnu tools arm embedded/7 2017-q4-major/bin/../lib/gcc/arm-none-eabi/7.2.1/../../../../arm-none-eabi/lib/thumb/v7-m\libc.a(lib_a-__atexit.o)
                0x0800033c                __register_exitproc
 .text.nRF24_Initialize
                0x080003fc       0x94 ..\obj\nrf24_mid_level.o
                0x080003fc                nRF24_Initialize
 .text.nRF24_Transmit
                0x08000490      0x140 ..\obj\nrf24_mid_level.o
                0x08000490                nRF24_Transmit
 .text.nRF24_Init
                0x080005d0      0x290 ..\obj\nrf24.o
                0x080005d0                nRF24_Init
 .text.nRF24_Check
                0x08000860       0x9c ..\obj\nrf24.o
                0x08000860                nRF24_Check
 .text.nRF24_SetPowerMode
                0x080008fc       0x60 ..\obj\nrf24.o
                0x080008fc                nRF24_SetPowerMode
 .text.nRF24_SetOperationalMode
                0x0800095c       0x5c ..\obj\nrf24.o
                0x0800095c                nRF24_SetOperationalMode
 .text.nRF24_SetCRCScheme
                0x080009b8       0x5c ..\obj\nrf24.o
                0x080009b8                nRF24_SetCRCScheme
 .text.nRF24_SetRFChannel
                0x08000a14       0x30 ..\obj\nrf24.o
                0x08000a14                nRF24_SetRFChannel
 .text.nRF24_SetAddrWidth
                0x08000a44       0x30 ..\obj\nrf24.o
                0x08000a44                nRF24_SetAddrWidth
 .text.nRF24_SetAddr
                0x08000a74       0xc4 ..\obj\nrf24.o
                0x08000a74                nRF24_SetAddr
 .text.nRF24_SetTXPower
                0x08000b38       0x58 ..\obj\nrf24.o
                0x08000b38                nRF24_SetTXPower
 .text.nRF24_SetDataRate
                0x08000b90       0x58 ..\obj\nrf24.o
                0x08000b90                nRF24_SetDataRate
 .text.nRF24_DisableAA
                0x08000be8       0x70 ..\obj\nrf24.o
                0x08000be8                nRF24_DisableAA
 .text.nRF24_GetStatus
                0x08000c58       0x30 ..\obj\nrf24.o
                0x08000c58                nRF24_GetStatus
 .text.nRF24_FlushTX
                0x08000c88       0x28 ..\obj\nrf24.o
                0x08000c88                nRF24_FlushTX
 .text.nRF24_ClearIRQFlags
                0x08000cb0       0x54 ..\obj\nrf24.o
                0x08000cb0                nRF24_ClearIRQFlags
 .text.nRF24_WritePayload
                0x08000d04       0x40 ..\obj\nrf24.o
                0x08000d04                nRF24_WritePayload
 .text.SystemInit
                0x08000d44      0x104 ..\obj\system_stm32f10x.o
                0x08000d44                SystemInit
 .text.Default_Handler
                0x08000e48        0x4 ..\obj\startup_stm32f10x_md.o
                0x08000e48                EXTI2_IRQHandler
                0x08000e48                DebugMon_Handler
                0x08000e48                TIM1_CC_IRQHandler
                0x08000e48                HardFault_Handler
                0x08000e48                PVD_IRQHandler
                0x08000e48                PendSV_Handler
                0x08000e48                NMI_Handler
                0x08000e48                EXTI3_IRQHandler
                0x08000e48                EXTI0_IRQHandler
                0x08000e48                I2C2_EV_IRQHandler
                0x08000e48                UsageFault_Handler
                0x08000e48                ADC1_2_IRQHandler
                0x08000e48                SPI1_IRQHandler
                0x08000e48                TAMPER_IRQHandler
                0x08000e48                DMA1_Channel4_IRQHandler
                0x08000e48                USART3_IRQHandler
                0x08000e48                RTC_IRQHandler
                0x08000e48                DMA1_Channel7_IRQHandler
                0x08000e48                CAN1_RX1_IRQHandler
                0x08000e48                TIM4_IRQHandler
                0x08000e48                I2C1_EV_IRQHandler
                0x08000e48                DMA1_Channel6_IRQHandler
                0x08000e48                TIM3_IRQHandler
                0x08000e48                RCC_IRQHandler
                0x08000e48                TIM1_TRG_COM_IRQHandler
                0x08000e48                DMA1_Channel1_IRQHandler
                0x08000e48                EXTI15_10_IRQHandler
                0x08000e48                EXTI9_5_IRQHandler
                0x08000e48                SPI2_IRQHandler
                0x08000e48                MemManage_Handler
                0x08000e48                SVC_Handler
                0x08000e48                DMA1_Channel5_IRQHandler
                0x08000e48                EXTI4_IRQHandler
                0x08000e48                USB_LP_CAN1_RX0_IRQHandler
                0x08000e48                USB_HP_CAN1_TX_IRQHandler
                0x08000e48                DMA1_Channel3_IRQHandler
                0x08000e48                TIM1_UP_IRQHandler
                0x08000e48                WWDG_IRQHandler
                0x08000e48                TIM2_IRQHandler
                0x08000e48                TIM1_BRK_IRQHandler
                0x08000e48                EXTI1_IRQHandler
                0x08000e48                RTCAlarm_IRQHandler
                0x08000e48                USART2_IRQHandler
                0x08000e48                I2C2_ER_IRQHandler
                0x08000e48                DMA1_Channel2_IRQHandler
                0x08000e48                CAN1_SCE_IRQHandler
                0x08000e48                FLASH_IRQHandler
                0x08000e48                BusFault_Handler
                0x08000e48                I2C1_ER_IRQHandler
                0x08000e48                USBWakeUp_IRQHandler
 .text.Default_Reset_Handler
                0x08000e4c       0x4c ..\obj\startup_stm32f10x_md.o
                0x08000e4c                Default_Reset_Handler
                0x08000e4c                Reset_Handler
 .text.TaskManager
                0x08000e98       0x2c ..\obj\task.o
                0x08000e98                TaskManager
 .text.PrintTasks
                0x08000ec4       0x6c ..\obj\task.o
                0x08000ec4                PrintTasks
 .text.InitTasks
                0x08000f30       0x20 ..\obj\task.o
                0x08000f30                InitTasks
 .text.AddTaskSignal
                0x08000f50       0x4c ..\obj\task.o
                0x08000f50                AddTaskSignal
 .text.AddTaskTime
                0x08000f9c       0x60 ..\obj\task.o
                0x08000f9c                AddTaskTime
 .text.ShowBoardInfo
                0x08000ffc       0xbc ..\obj\debugMsg.o
                0x08000ffc                ShowBoardInfo
 .text.GPIO_Init
                0x080010b8      0x30c ..\obj\stm32f10x_gpio.o
                0x080010b8                GPIO_Init
 .text.GPIO_ReadInputDataBit
                0x080013c4        0xc ..\obj\stm32f10x_gpio.o
                0x080013c4                GPIO_ReadInputDataBit
 .text.GPIO_SetBits
                0x080013d0        0x4 ..\obj\stm32f10x_gpio.o
                0x080013d0                GPIO_SetBits
 .text.GPIO_ResetBits
                0x080013d4        0x4 ..\obj\stm32f10x_gpio.o
                0x080013d4                GPIO_ResetBits
 .text.GPIO_PinRemapConfig
                0x080013d8       0x6c ..\obj\stm32f10x_gpio.o
                0x080013d8                GPIO_PinRemapConfig
 .text.InitSystemTicks
                0x08001444       0x44 ..\obj\systemTicks.o
                0x08001444                InitSystemTicks
 .text.SysTick_Handler
                0x08001488       0x10 ..\obj\systemTicks.o
                0x08001488                SysTick_Handler
 .text._DelayUS
                0x08001498       0x30 ..\obj\systemTicks.o
                0x08001498                _DelayUS
 .text.Init     0x080014c8       0x90 ..\obj\main.o
                0x080014c8                Init
 .text.startup.main
                0x08001558       0xb4 ..\obj\main.o
                0x08001558                main
 .text.PutUnsignedInt
                0x0800160c       0xa4 ..\obj\printf.o
                0x0800160c                PutUnsignedInt
 .text.PutSignedInt
                0x080016b0      0x2a8 ..\obj\printf.o
                0x080016b0                PutSignedInt
 .text.PutHexa  0x08001958       0xa4 ..\obj\printf.o
                0x08001958                PutHexa
 .text.vsnprintf
                0x080019fc      0x6ac ..\obj\printf.o
                0x080019fc                vsnprintf
 .text.printf   0x080020a8       0x84 ..\obj\printf.o
                0x080020a8                printf
 .text.RCC_GetClocksFreq
                0x0800212c       0x8c ..\obj\stm32f10x_rcc.o
                0x0800212c                RCC_GetClocksFreq
 .text.RCC_APB2PeriphClockCmd
                0x080021b8       0x18 ..\obj\stm32f10x_rcc.o
                0x080021b8                RCC_APB2PeriphClockCmd
 .text.RCC_APB1PeriphClockCmd
                0x080021d0       0x18 ..\obj\stm32f10x_rcc.o
                0x080021d0                RCC_APB1PeriphClockCmd
 .text.nRF24_GPIO_Init
                0x080021e8       0x5c ..\obj\nrf24_hal.o
                0x080021e8                nRF24_GPIO_Init
 .text.nRF24_LL_RW
                0x08002244       0x34 ..\obj\nrf24_hal.o
                0x08002244                nRF24_LL_RW
 .text.USART_Init
                0x08002278       0xb4 ..\obj\stm32f10x_usart.o
                0x08002278                USART_Init
 .text.USART_Cmd
                0x0800232c       0x18 ..\obj\stm32f10x_usart.o
                0x0800232c                USART_Cmd
 .text.USART_ITConfig
                0x08002344       0x38 ..\obj\stm32f10x_usart.o
                0x08002344                USART_ITConfig
 .text._sbrk    0x0800237c       0x1c ..\obj\syscalls.o
                0x0800237c                _sbrk
 .text._close   0x08002398        0x8 ..\obj\syscalls.o
                0x08002398                _close
 .text._fstat   0x080023a0        0xc ..\obj\syscalls.o
                0x080023a0                _fstat
 .text._isatty  0x080023ac        0x4 ..\obj\syscalls.o
                0x080023ac                _isatty
 .text._lseek   0x080023b0        0x4 ..\obj\syscalls.o
                0x080023b0                _lseek
 .text._read    0x080023b4        0x4 ..\obj\syscalls.o
                0x080023b4                _read
 .text._write   0x080023b8       0x10 ..\obj\syscalls.o
                0x080023b8                _write
 .text.OW_reset
                0x080023c8       0x40 ..\obj\oneWire.o
                0x080023c8                OW_reset
 .text.OW_writeByte
                0x08002408       0x58 ..\obj\oneWire.o
                0x08002408                OW_writeByte
 .text.OW_readByte
                0x08002460       0x50 ..\obj\oneWire.o
                0x08002460                OW_readByte
 .text.InitDebugUsart
                0x080024b0       0x4c ..\obj\debugUsart.o
                0x080024b0                InitDebugUsart
 .text.Send_N_Chars
                0x080024fc       0x40 ..\obj\debugUsart.o
                0x080024fc                Send_N_Chars
 .text.UART_SendBufHex
                0x0800253c       0x2c ..\obj\debugUsart.o
                0x0800253c                UART_SendBufHex
 .text.CheckConsoleRx
                0x08002568       0x3c ..\obj\debugUsart.o
                0x08002568                CheckConsoleRx
 .text.Init_SPI2_Master
                0x080025a4       0x94 ..\obj\nrf24_low_level.o
                0x080025a4                Init_SPI2_Master
 .text.NVIC_Init
                0x08002638       0x58 ..\obj\misc.o
                0x08002638                NVIC_Init
 .text.SPI_Init
                0x08002690       0x40 ..\obj\stm32f10x_spi.o
                0x08002690                SPI_Init
 .text.SPI_Cmd  0x080026d0       0x18 ..\obj\stm32f10x_spi.o
                0x080026d0                SPI_Cmd
 .text.SPI_I2S_SendData
                0x080026e8        0x4 ..\obj\stm32f10x_spi.o
                0x080026e8                SPI_I2S_SendData
 .text.SPI_I2S_ReceiveData
                0x080026ec        0x4 ..\obj\stm32f10x_spi.o
                0x080026ec                SPI_I2S_ReceiveData
 .text.SPI_NSSInternalSoftwareConfig
                0x080026f0       0x1c ..\obj\stm32f10x_spi.o
                0x080026f0                SPI_NSSInternalSoftwareConfig
 .text.SPI_I2S_GetFlagStatus
                0x0800270c        0xc ..\obj\stm32f10x_spi.o
                0x0800270c                SPI_I2S_GetFlagStatus
 .text.init_USART1
                0x08002718       0xa0 ..\obj\usart.o
                0x08002718                init_USART1
 .text.USART1_IRQHandler
                0x080027b8       0x84 ..\obj\usart.o
                0x080027b8                USART1_IRQHandler
 .text.DS1820_Init
                0x0800283c       0x28 ..\obj\ds1820.o
                0x0800283c                DS1820_Init
 .text.OW_ReadTemperature
                0x08002864       0xc0 ..\obj\ds1820.o
                0x08002864                OW_ReadTemperature
 .text.MeasureTemperatures
                0x08002924       0x14 ..\obj\ds1820.o
                0x08002924                MeasureTemperatures
 .text.Debug_PrintTemperatures
                0x08002938       0x40 ..\obj\ds1820.o
                0x08002938                Debug_PrintTemperatures
 .text          0x08002978      0x21c c:/program files/gnu tools arm embedded/7 2017-q4-major/bin/../lib/gcc/arm-none-eabi/7.2.1/thumb/v7-m\libgcc.a(_arm_addsubsf3.o)
                0x08002978                __aeabi_frsub
                0x08002980                __subsf3
                0x08002980                __aeabi_fsub
                0x08002984                __aeabi_fadd
                0x08002984                __addsf3
                0x08002ae4                __aeabi_ui2f
                0x08002ae4                __floatunsisf
                0x08002aec                __aeabi_i2f
                0x08002aec                __floatsisf
                0x08002b08                __aeabi_ul2f
                0x08002b08                __floatundisf
                0x08002b18                __aeabi_l2f
                0x08002b18                __floatdisf
 .text          0x08002b94      0x2a0 c:/program files/gnu tools arm embedded/7 2017-q4-major/bin/../lib/gcc/arm-none-eabi/7.2.1/thumb/v7-m\libgcc.a(_arm_muldivsf3.o)
                0x08002b94                __mulsf3
                0x08002b94                __aeabi_fmul
                0x08002cfc                __aeabi_fdiv
                0x08002cfc                __divsf3
 .text          0x08002e34       0x4c c:/program files/gnu tools arm embedded/7 2017-q4-major/bin/../lib/gcc/arm-none-eabi/7.2.1/thumb/v7-m\libgcc.a(_arm_fixsfsi.o)
                0x08002e34                __aeabi_f2iz
                0x08002e34                __fixsfsi
 .text.fputc    0x08002e80       0x58 c:/program files/gnu tools arm embedded/7 2017-q4-major/bin/../lib/gcc/arm-none-eabi/7.2.1/../../../../arm-none-eabi/lib/thumb/v7-m\libc.a(lib_a-fputc.o)
                0x08002e80                fputc
 .text          0x08002ed8       0xec c:/program files/gnu tools arm embedded/7 2017-q4-major/bin/../lib/gcc/arm-none-eabi/7.2.1/../../../../arm-none-eabi/lib/thumb/v7-m\libc.a(lib_a-memcpy.o)
                0x08002ed8                memcpy
 .text._putc_r  0x08002fc4       0x70 c:/program files/gnu tools arm embedded/7 2017-q4-major/bin/../lib/gcc/arm-none-eabi/7.2.1/../../../../arm-none-eabi/lib/thumb/v7-m\libc.a(lib_a-putc.o)
                0x08002fc4                _putc_r
 .text.__swbuf_r
                0x08003034       0xb0 c:/program files/gnu tools arm embedded/7 2017-q4-major/bin/../lib/gcc/arm-none-eabi/7.2.1/../../../../arm-none-eabi/lib/thumb/v7-m\libc.a(lib_a-wbuf.o)
                0x08003034                __swbuf_r
 .text.__swsetup_r
                0x080030e4       0xcc c:/program files/gnu tools arm embedded/7 2017-q4-major/bin/../lib/gcc/arm-none-eabi/7.2.1/../../../../arm-none-eabi/lib/thumb/v7-m\libc.a(lib_a-wsetup.o)
                0x080030e4                __swsetup_r
 .text.__sflush_r
                0x080031b0      0x154 c:/program files/gnu tools arm embedded/7 2017-q4-major/bin/../lib/gcc/arm-none-eabi/7.2.1/../../../../arm-none-eabi/lib/thumb/v7-m\libc.a(lib_a-fflush.o)
                0x080031b0                __sflush_r
 .text._fflush_r
                0x08003304       0x5c c:/program files/gnu tools arm embedded/7 2017-q4-major/bin/../lib/gcc/arm-none-eabi/7.2.1/../../../../arm-none-eabi/lib/thumb/v7-m\libc.a(lib_a-fflush.o)
                0x08003304                _fflush_r
 .text.std      0x08003360       0x50 c:/program files/gnu tools arm embedded/7 2017-q4-major/bin/../lib/gcc/arm-none-eabi/7.2.1/../../../../arm-none-eabi/lib/thumb/v7-m\libc.a(lib_a-findfp.o)
 .text._cleanup_r
                0x080033b0        0xc c:/program files/gnu tools arm embedded/7 2017-q4-major/bin/../lib/gcc/arm-none-eabi/7.2.1/../../../../arm-none-eabi/lib/thumb/v7-m\libc.a(lib_a-findfp.o)
                0x080033b0                _cleanup_r
 .text.__sinit  0x080033bc       0x60 c:/program files/gnu tools arm embedded/7 2017-q4-major/bin/../lib/gcc/arm-none-eabi/7.2.1/../../../../arm-none-eabi/lib/thumb/v7-m\libc.a(lib_a-findfp.o)
                0x080033bc                __sinit
 .text.__sfp_lock_acquire
                0x0800341c        0xc c:/program files/gnu tools arm embedded/7 2017-q4-major/bin/../lib/gcc/arm-none-eabi/7.2.1/../../../../arm-none-eabi/lib/thumb/v7-m\libc.a(lib_a-findfp.o)
                0x0800341c                __sfp_lock_acquire
 .text.__sfp_lock_release
                0x08003428        0xc c:/program files/gnu tools arm embedded/7 2017-q4-major/bin/../lib/gcc/arm-none-eabi/7.2.1/../../../../arm-none-eabi/lib/thumb/v7-m\libc.a(lib_a-findfp.o)
                0x08003428                __sfp_lock_release
 .text._malloc_trim_r
                0x08003434       0xa0 c:/program files/gnu tools arm embedded/7 2017-q4-major/bin/../lib/gcc/arm-none-eabi/7.2.1/../../../../arm-none-eabi/lib/thumb/v7-m\libc.a(lib_a-freer.o)
                0x08003434                _malloc_trim_r
 .text._free_r  0x080034d4      0x1e8 c:/program files/gnu tools arm embedded/7 2017-q4-major/bin/../lib/gcc/arm-none-eabi/7.2.1/../../../../arm-none-eabi/lib/thumb/v7-m\libc.a(lib_a-freer.o)
                0x080034d4                _free_r
 .text._fwalk_reent
                0x080036bc       0x50 c:/program files/gnu tools arm embedded/7 2017-q4-major/bin/../lib/gcc/arm-none-eabi/7.2.1/../../../../arm-none-eabi/lib/thumb/v7-m\libc.a(lib_a-fwalk.o)
                0x080036bc                _fwalk_reent
 .text.__swhatbuf_r
                0x0800370c       0x5c c:/program files/gnu tools arm embedded/7 2017-q4-major/bin/../lib/gcc/arm-none-eabi/7.2.1/../../../../arm-none-eabi/lib/thumb/v7-m\libc.a(lib_a-makebuf.o)
                0x0800370c                __swhatbuf_r
 .text.__smakebuf_r
                0x08003768       0x94 c:/program files/gnu tools arm embedded/7 2017-q4-major/bin/../lib/gcc/arm-none-eabi/7.2.1/../../../../arm-none-eabi/lib/thumb/v7-m\libc.a(lib_a-makebuf.o)
                0x08003768                __smakebuf_r
 .text._malloc_r
                0x080037fc      0x524 c:/program files/gnu tools arm embedded/7 2017-q4-major/bin/../lib/gcc/arm-none-eabi/7.2.1/../../../../arm-none-eabi/lib/thumb/v7-m\libc.a(lib_a-mallocr.o)
                0x080037fc                _malloc_r
 .text.__malloc_lock
                0x08003d20        0xc c:/program files/gnu tools arm embedded/7 2017-q4-major/bin/../lib/gcc/arm-none-eabi/7.2.1/../../../../arm-none-eabi/lib/thumb/v7-m\libc.a(lib_a-mlock.o)
                0x08003d20                __malloc_lock
 .text.__malloc_unlock
                0x08003d2c        0xc c:/program files/gnu tools arm embedded/7 2017-q4-major/bin/../lib/gcc/arm-none-eabi/7.2.1/../../../../arm-none-eabi/lib/thumb/v7-m\libc.a(lib_a-mlock.o)
                0x08003d2c                __malloc_unlock
 .text._sbrk_r  0x08003d38       0x24 c:/program files/gnu tools arm embedded/7 2017-q4-major/bin/../lib/gcc/arm-none-eabi/7.2.1/../../../../arm-none-eabi/lib/thumb/v7-m\libc.a(lib_a-sbrkr.o)
                0x08003d38                _sbrk_r
 .text.__sread  0x08003d5c       0x24 c:/program files/gnu tools arm embedded/7 2017-q4-major/bin/../lib/gcc/arm-none-eabi/7.2.1/../../../../arm-none-eabi/lib/thumb/v7-m\libc.a(lib_a-stdio.o)
                0x08003d5c                __sread
 .text.__swrite
                0x08003d80       0x3c c:/program files/gnu tools arm embedded/7 2017-q4-major/bin/../lib/gcc/arm-none-eabi/7.2.1/../../../../arm-none-eabi/lib/thumb/v7-m\libc.a(lib_a-stdio.o)
                0x08003d80                __swrite
 .text.__sseek  0x08003dbc       0x20 c:/program files/gnu tools arm embedded/7 2017-q4-major/bin/../lib/gcc/arm-none-eabi/7.2.1/../../../../arm-none-eabi/lib/thumb/v7-m\libc.a(lib_a-stdio.o)
                0x08003dbc                __sseek
 .text.__sclose
                0x08003ddc        0x8 c:/program files/gnu tools arm embedded/7 2017-q4-major/bin/../lib/gcc/arm-none-eabi/7.2.1/../../../../arm-none-eabi/lib/thumb/v7-m\libc.a(lib_a-stdio.o)
                0x08003ddc                __sclose
 .text._write_r
                0x08003de4       0x2c c:/program files/gnu tools arm embedded/7 2017-q4-major/bin/../lib/gcc/arm-none-eabi/7.2.1/../../../../arm-none-eabi/lib/thumb/v7-m\libc.a(lib_a-writer.o)
                0x08003de4                _write_r
 .text._close_r
                0x08003e10       0x24 c:/program files/gnu tools arm embedded/7 2017-q4-major/bin/../lib/gcc/arm-none-eabi/7.2.1/../../../../arm-none-eabi/lib/thumb/v7-m\libc.a(lib_a-closer.o)
                0x08003e10                _close_r
 .text._fclose_r
                0x08003e34       0xd0 c:/program files/gnu tools arm embedded/7 2017-q4-major/bin/../lib/gcc/arm-none-eabi/7.2.1/../../../../arm-none-eabi/lib/thumb/v7-m\libc.a(lib_a-fclose.o)
                0x08003e34                _fclose_r
 .text._fstat_r
                0x08003f04       0x28 c:/program files/gnu tools arm embedded/7 2017-q4-major/bin/../lib/gcc/arm-none-eabi/7.2.1/../../../../arm-none-eabi/lib/thumb/v7-m\libc.a(lib_a-fstatr.o)
                0x08003f04                _fstat_r
 .text._isatty_r
                0x08003f2c       0x24 c:/program files/gnu tools arm embedded/7 2017-q4-major/bin/../lib/gcc/arm-none-eabi/7.2.1/../../../../arm-none-eabi/lib/thumb/v7-m\libc.a(lib_a-isattyr.o)
                0x08003f2c                _isatty_r
 .text._lseek_r
                0x08003f50       0x2c c:/program files/gnu tools arm embedded/7 2017-q4-major/bin/../lib/gcc/arm-none-eabi/7.2.1/../../../../arm-none-eabi/lib/thumb/v7-m\libc.a(lib_a-lseekr.o)
                0x08003f50                _lseek_r
 .text._read_r  0x08003f7c       0x2c c:/program files/gnu tools arm embedded/7 2017-q4-major/bin/../lib/gcc/arm-none-eabi/7.2.1/../../../../arm-none-eabi/lib/thumb/v7-m\libc.a(lib_a-readr.o)
                0x08003f7c                _read_r
 *(.init)
 .init          0x08003fa8        0x4 c:/program files/gnu tools arm embedded/7 2017-q4-major/bin/../lib/gcc/arm-none-eabi/7.2.1/thumb/v7-m/crti.o
                0x08003fa8                _init
 .init          0x08003fac        0x8 c:/program files/gnu tools arm embedded/7 2017-q4-major/bin/../lib/gcc/arm-none-eabi/7.2.1/thumb/v7-m/crtn.o
 *(.fini)
 .fini          0x08003fb4        0x4 c:/program files/gnu tools arm embedded/7 2017-q4-major/bin/../lib/gcc/arm-none-eabi/7.2.1/thumb/v7-m/crti.o
                0x08003fb4                _fini
 .fini          0x08003fb8        0x8 c:/program files/gnu tools arm embedded/7 2017-q4-major/bin/../lib/gcc/arm-none-eabi/7.2.1/thumb/v7-m/crtn.o
 *crtbegin.o(.ctors)
 *crtbegin?.o(.ctors)
 *(EXCLUDE_FILE(*crtend.o *crtend?.o) .ctors)
 *(SORT_BY_NAME(.ctors.*))
 *(.ctors)
 *crtbegin.o(.dtors)
 *crtbegin?.o(.dtors)
 *(EXCLUDE_FILE(*crtend.o *crtend?.o) .dtors)
 *(SORT_BY_NAME(.dtors.*))
 *(.dtors)
 *(.rodata*)
 .rodata._global_impure_ptr
                0x08003fc0        0x4 c:/program files/gnu tools arm embedded/7 2017-q4-major/bin/../lib/gcc/arm-none-eabi/7.2.1/../../../../arm-none-eabi/lib/thumb/v7-m\libc.a(lib_a-impure.o)
                0x08003fc0                _global_impure_ptr
 .rodata        0x08003fc4        0x3 ..\obj\nrf24_mid_level.o
 *fill*         0x08003fc7        0x1 
 .rodata.str1.4
                0x08003fc8       0x87 ..\obj\nrf24_mid_level.o
                                 0x8b (size before relaxing)
 *fill*         0x0800404f        0x1 
 .rodata        0x08004050        0xe ..\obj\nrf24.o
 *fill*         0x0800405e        0x2 
 .rodata.str1.4
                0x08004060        0x6 ..\obj\nrf24.o
 *fill*         0x08004066        0x2 
 .rodata.str1.4
                0x08004068       0x46 ..\obj\task.o
 *fill*         0x080040ae        0x2 
 .rodata.str1.4
                0x080040b0       0xa5 ..\obj\debugMsg.o
                                 0xb8 (size before relaxing)
 *fill*         0x08004155        0x3 
 .rodata.str1.4
                0x08004158       0x24 ..\obj\printf.o
 .rodata.str1.4
                0x0800417c       0x3e ..\obj\debugUsart.o
                                 0x46 (size before relaxing)
 *fill*         0x080041ba        0x2 
 .rodata.str1.4
                0x080041bc       0x10 ..\obj\ds1820.o
                                 0x26 (size before relaxing)
 *(.eh_fram e*)

.glue_7         0x080041cc        0x0
 .glue_7        0x080041cc        0x0 linker stubs

.glue_7t        0x080041cc        0x0
 .glue_7t       0x080041cc        0x0 linker stubs

.vfp11_veneer   0x080041cc        0x0
 .vfp11_veneer  0x080041cc        0x0 linker stubs

.v4_bx          0x080041cc        0x0
 .v4_bx         0x080041cc        0x0 linker stubs

.iplt           0x080041cc        0x0
 .iplt          0x080041cc        0x0 c:/program files/gnu tools arm embedded/7 2017-q4-major/bin/../lib/gcc/arm-none-eabi/7.2.1/thumb/v7-m/crtbegin.o

.rel.dyn        0x080041cc        0x0
 .rel.iplt      0x080041cc        0x0 c:/program files/gnu tools arm embedded/7 2017-q4-major/bin/../lib/gcc/arm-none-eabi/7.2.1/thumb/v7-m/crtbegin.o

.ARM.extab
 *(.ARM.extab* .gnu.linkonce.armextab.*)
                0x080041cc                __exidx_start = .

.ARM.exidx
 *(.ARM.exidx* .gnu.linkonce.armexidx.*)
                0x080041cc                __exidx_end = .
                0x080041cc                __etext = .
                0x080041cc                _sidata = __etext

.data           0x20000000      0x878 load address 0x080041cc
                0x20000000                __data_start__ = .
                0x20000000                _sdata = __data_start__
 *(vtable)
 *(.data*)
 .data._impure_ptr
                0x20000000        0x4 c:/program files/gnu tools arm embedded/7 2017-q4-major/bin/../lib/gcc/arm-none-eabi/7.2.1/../../../../arm-none-eabi/lib/thumb/v7-m\libc.a(lib_a-impure.o)
                0x20000000                _impure_ptr
 *fill*         0x20000004        0x4 
 .data.impure_data
                0x20000008      0x428 c:/program files/gnu tools arm embedded/7 2017-q4-major/bin/../lib/gcc/arm-none-eabi/7.2.1/../../../../arm-none-eabi/lib/thumb/v7-m\libc.a(lib_a-impure.o)
 .data.__atexit_recursive_mutex
                0x20000430        0x4 c:/program files/gnu tools arm embedded/7 2017-q4-major/bin/../lib/gcc/arm-none-eabi/7.2.1/../../../../arm-none-eabi/lib/thumb/v7-m\libc.a(lib_a-__call_atexit.o)
                0x20000430                __atexit_recursive_mutex
 .data          0x20000434       0x14 ..\obj\system_stm32f10x.o
                0x20000434                AHBPrescTable
                0x20000444                SystemCoreClock
 .data          0x20000448       0x14 ..\obj\stm32f10x_rcc.o
 .data.__malloc_av_
                0x2000045c      0x408 c:/program files/gnu tools arm embedded/7 2017-q4-major/bin/../lib/gcc/arm-none-eabi/7.2.1/../../../../arm-none-eabi/lib/thumb/v7-m\libc.a(lib_a-mallocr.o)
                0x2000045c                __malloc_av_
 .data.__malloc_sbrk_base
                0x20000864        0x4 c:/program files/gnu tools arm embedded/7 2017-q4-major/bin/../lib/gcc/arm-none-eabi/7.2.1/../../../../arm-none-eabi/lib/thumb/v7-m\libc.a(lib_a-mallocr.o)
                0x20000864                __malloc_sbrk_base
 .data.__malloc_trim_threshold
                0x20000868        0x4 c:/program files/gnu tools arm embedded/7 2017-q4-major/bin/../lib/gcc/arm-none-eabi/7.2.1/../../../../arm-none-eabi/lib/thumb/v7-m\libc.a(lib_a-mallocr.o)
                0x20000868                __malloc_trim_threshold
                0x2000086c                . = ALIGN (0x4)
                0x2000086c                PROVIDE (__preinit_array_start, .)
 *(.preinit_array)
                0x2000086c                PROVIDE (__preinit_array_end, .)
                0x2000086c                . = ALIGN (0x4)
                0x2000086c                PROVIDE (__init_array_start, .)
 *(SORT_BY_NAME(.init_array.*))
 .init_array.00000
                0x2000086c        0x4 c:/program files/gnu tools arm embedded/7 2017-q4-major/bin/../lib/gcc/arm-none-eabi/7.2.1/../../../../arm-none-eabi/lib/thumb/v7-m\libc.a(lib_a-__call_atexit.o)
 *(.init_array)
 .init_array    0x20000870        0x4 c:/program files/gnu tools arm embedded/7 2017-q4-major/bin/../lib/gcc/arm-none-eabi/7.2.1/thumb/v7-m/crtbegin.o
                0x20000874                PROVIDE (__init_array_end, .)
                0x20000874                . = ALIGN (0x4)
                0x20000874                PROVIDE (__fini_array_start, .)
 *(SORT_BY_NAME(.fini_array.*))
 *(.fini_array)
 .fini_array    0x20000874        0x4 c:/program files/gnu tools arm embedded/7 2017-q4-major/bin/../lib/gcc/arm-none-eabi/7.2.1/thumb/v7-m/crtbegin.o
                0x20000878                PROVIDE (__fini_array_end, .)
 *(.jcr*)
                0x20000878                . = ALIGN (0x4)
                0x20000878                __data_end__ = .
                0x20000878                _edata = __data_end__

.igot.plt       0x20000878        0x0 load address 0x08004a44
 .igot.plt      0x20000878        0x0 c:/program files/gnu tools arm embedded/7 2017-q4-major/bin/../lib/gcc/arm-none-eabi/7.2.1/thumb/v7-m/crtbegin.o

.bss            0x20000878      0x5b4 load address 0x08004a44
                0x20000878                . = ALIGN (0x4)
                0x20000878                __bss_start__ = .
                0x20000878                _sbss = __bss_start__
 *(.bss*)
 .bss           0x20000878       0x1c c:/program files/gnu tools arm embedded/7 2017-q4-major/bin/../lib/gcc/arm-none-eabi/7.2.1/thumb/v7-m/crtbegin.o
 .bss           0x20000894        0x4 ..\obj\nrf24_mid_level.o
                0x20000894                j
 .bss           0x20000898        0x4 ..\obj\systemTicks.o
                0x20000898                micros
 .bss           0x2000089c        0x4 ..\obj\syscalls.o
 .bss.__malloc_current_mallinfo
                0x200008a0       0x28 c:/program files/gnu tools arm embedded/7 2017-q4-major/bin/../lib/gcc/arm-none-eabi/7.2.1/../../../../arm-none-eabi/lib/thumb/v7-m\libc.a(lib_a-mallocr.o)
                0x200008a0                __malloc_current_mallinfo
 .bss.__malloc_max_sbrked_mem
                0x200008c8        0x4 c:/program files/gnu tools arm embedded/7 2017-q4-major/bin/../lib/gcc/arm-none-eabi/7.2.1/../../../../arm-none-eabi/lib/thumb/v7-m\libc.a(lib_a-mallocr.o)
                0x200008c8                __malloc_max_sbrked_mem
 .bss.__malloc_max_total_mem
                0x200008cc        0x4 c:/program files/gnu tools arm embedded/7 2017-q4-major/bin/../lib/gcc/arm-none-eabi/7.2.1/../../../../arm-none-eabi/lib/thumb/v7-m\libc.a(lib_a-mallocr.o)
                0x200008cc                __malloc_max_total_mem
 .bss.__malloc_top_pad
                0x200008d0        0x4 c:/program files/gnu tools arm embedded/7 2017-q4-major/bin/../lib/gcc/arm-none-eabi/7.2.1/../../../../arm-none-eabi/lib/thumb/v7-m\libc.a(lib_a-mallocr.o)
                0x200008d0                __malloc_top_pad
 *(COMMON)
 COMMON         0x200008d4       0x21 c:/program files/gnu tools arm embedded/7 2017-q4-major/bin/../lib/gcc/arm-none-eabi/7.2.1/../../../../arm-none-eabi/lib/thumb/v7-m\libc.a(lib_a-lock.o)
                0x200008d4                __lock___atexit_recursive_mutex
                0x200008d8                __lock___arc4random_mutex
                0x200008dc                __lock___env_recursive_mutex
                0x200008e0                __lock___sinit_recursive_mutex
                0x200008e4                __lock___malloc_recursive_mutex
                0x200008e8                __lock___at_quick_exit_mutex
                0x200008ec                __lock___dd_hash_mutex
                0x200008f0                __lock___tz_mutex
                0x200008f4                __lock___sfp_recursive_mutex
 *fill*         0x200008f5        0x3 
 COMMON         0x200008f8        0x4 ..\obj\nrf24_mid_level.o
                0x200008f8                debug
 COMMON         0x200008fc      0x404 ..\obj\task.o
                0x200008fc                currentNumberOfTasks
                0x20000900                task
 COMMON         0x20000d00      0x121 ..\obj\debugUsart.o
                0x20000d00                DebugRxBuff
                0x20000d14                DebugTxBuff
                0x20000e20                m_DebugMsgReceived
 *fill*         0x20000e21        0x3 
 COMMON         0x20000e24        0x4 ..\obj\ds1820.o
                0x20000e24                m_temperature
 COMMON         0x20000e28        0x4 c:/program files/gnu tools arm embedded/7 2017-q4-major/bin/../lib/gcc/arm-none-eabi/7.2.1/../../../../arm-none-eabi/lib/thumb/v7-m\libc.a(lib_a-reent.o)
                0x20000e28                errno
                0x20000e2c                . = ALIGN (0x4)
                0x20000e2c                __bss_end__ = .
                0x20000e2c                _ebss = __bss_end__

.heap           0x20000e2c        0x0
                0x20000e2c                __end__ = .
                0x20000e2c                _end = __end__
                0x20000e2c                end = __end__
 *(.heap*)
                0x20000e2c                __HeapLimit = .

.co_stack       0x20000e2c     0x1404 load address 0x08004ff8
                0x20000e30                . = ALIGN (0x8)
 *fill*         0x20000e2c        0x4 
 *(.co_stack .co_stack.*)
 .co_stack      0x20000e30     0x1400 ..\obj\startup_stm32f10x_md.o
                0x20000e30                pulStack
                0x20005000                __StackTop = (ORIGIN (ram) + LENGTH (ram))
                0x20003bfc                __StackLimit = (__StackTop - SIZEOF (.co_stack))
                0x20005000                PROVIDE (__stack, __StackTop)

/DISCARD/
 libc.a(*)
 libm.a(*)
 libgcc.a(*)
                0x00000001                ASSERT ((__StackLimit >= __HeapLimit), region ram  overflowed with stack)
LOAD ..\obj\stm32f10x_rtc.o
LOAD ..\obj\stm32f10x_tim.o
LOAD ..\obj\nrf24_mid_level.o
LOAD ..\obj\nrf24.o
LOAD ..\obj\system_stm32f10x.o
LOAD ..\obj\startup_stm32f10x_md.o
LOAD ..\obj\stm32f10x_pwr.o
LOAD ..\obj\task.o
LOAD ..\obj\debugMsg.o
LOAD ..\obj\stm32f10x_gpio.o
LOAD ..\obj\systemTicks.o
LOAD ..\obj\main.o
LOAD ..\obj\printf.o
LOAD ..\obj\stm32f10x_rcc.o
LOAD ..\obj\stm32f10x_exti.o
LOAD ..\obj\stm32f10x_adc.o
LOAD ..\obj\nrf24_hal.o
LOAD ..\obj\stm32f10x_usart.o
LOAD ..\obj\syscalls.o
LOAD ..\obj\stm32f10x_dma.o
LOAD ..\obj\oneWire.o
LOAD ..\obj\debugUsart.o
LOAD ..\obj\nrf24_low_level.o
LOAD ..\obj\misc.o
LOAD ..\obj\stm32f10x_spi.o
LOAD ..\obj\stm32f10x_bkp.o
LOAD ..\obj\usart.o
LOAD ..\obj\ds1820.o
LOAD c:/program files/gnu tools arm embedded/7 2017-q4-major/bin/../lib/gcc/arm-none-eabi/7.2.1/../../../../arm-none-eabi/lib/thumb/v7-m\libm.a
LOAD c:/program files/gnu tools arm embedded/7 2017-q4-major/bin/../lib/gcc/arm-none-eabi/7.2.1/thumb/v7-m\libgcc.a
LOAD c:/program files/gnu tools arm embedded/7 2017-q4-major/bin/../lib/gcc/arm-none-eabi/7.2.1/../../../../arm-none-eabi/lib/thumb/v7-m\libc.a
START GROUP
LOAD c:/program files/gnu tools arm embedded/7 2017-q4-major/bin/../lib/gcc/arm-none-eabi/7.2.1/thumb/v7-m\libgcc.a
LOAD c:/program files/gnu tools arm embedded/7 2017-q4-major/bin/../lib/gcc/arm-none-eabi/7.2.1/../../../../arm-none-eabi/lib/thumb/v7-m\libg.a
LOAD c:/program files/gnu tools arm embedded/7 2017-q4-major/bin/../lib/gcc/arm-none-eabi/7.2.1/../../../../arm-none-eabi/lib/thumb/v7-m\libc.a
END GROUP
LOAD c:/program files/gnu tools arm embedded/7 2017-q4-major/bin/../lib/gcc/arm-none-eabi/7.2.1/thumb/v7-m/crtend.o
LOAD c:/program files/gnu tools arm embedded/7 2017-q4-major/bin/../lib/gcc/arm-none-eabi/7.2.1/thumb/v7-m/crtn.o
OUTPUT(STC.elf elf32-littlearm)

.ARM.attributes
                0x00000000       0x29
 .ARM.attributes
                0x00000000       0x1d c:/program files/gnu tools arm embedded/7 2017-q4-major/bin/../lib/gcc/arm-none-eabi/7.2.1/thumb/v7-m/crti.o
 .ARM.attributes
                0x0000001d       0x2d c:/program files/gnu tools arm embedded/7 2017-q4-major/bin/../lib/gcc/arm-none-eabi/7.2.1/thumb/v7-m/crtbegin.o
 .ARM.attributes
                0x0000004a       0x33 ..\obj\nrf24_mid_level.o
 .ARM.attributes
                0x0000007d       0x33 ..\obj\nrf24.o
 .ARM.attributes
                0x000000b0       0x33 ..\obj\system_stm32f10x.o
 .ARM.attributes
                0x000000e3       0x33 ..\obj\startup_stm32f10x_md.o
 .ARM.attributes
                0x00000116       0x33 ..\obj\task.o
 .ARM.attributes
                0x00000149       0x33 ..\obj\debugMsg.o
 .ARM.attributes
                0x0000017c       0x33 ..\obj\stm32f10x_gpio.o
 .ARM.attributes
                0x000001af       0x33 ..\obj\systemTicks.o
 .ARM.attributes
                0x000001e2       0x33 ..\obj\main.o
 .ARM.attributes
                0x00000215       0x33 ..\obj\printf.o
 .ARM.attributes
                0x00000248       0x33 ..\obj\stm32f10x_rcc.o
 .ARM.attributes
                0x0000027b       0x33 ..\obj\nrf24_hal.o
 .ARM.attributes
                0x000002ae       0x33 ..\obj\stm32f10x_usart.o
 .ARM.attributes
                0x000002e1       0x33 ..\obj\syscalls.o
 .ARM.attributes
                0x00000314       0x33 ..\obj\oneWire.o
 .ARM.attributes
                0x00000347       0x33 ..\obj\debugUsart.o
 .ARM.attributes
                0x0000037a       0x33 ..\obj\nrf24_low_level.o
 .ARM.attributes
                0x000003ad       0x33 ..\obj\misc.o
 .ARM.attributes
                0x000003e0       0x33 ..\obj\stm32f10x_spi.o
 .ARM.attributes
                0x00000413       0x33 ..\obj\usart.o
 .ARM.attributes
                0x00000446       0x33 ..\obj\ds1820.o
 .ARM.attributes
                0x00000479       0x1d c:/program files/gnu tools arm embedded/7 2017-q4-major/bin/../lib/gcc/arm-none-eabi/7.2.1/thumb/v7-m\libgcc.a(_arm_addsubsf3.o)
 .ARM.attributes
                0x00000496       0x1d c:/program files/gnu tools arm embedded/7 2017-q4-major/bin/../lib/gcc/arm-none-eabi/7.2.1/thumb/v7-m\libgcc.a(_arm_muldivsf3.o)
 .ARM.attributes
                0x000004b3       0x1d c:/program files/gnu tools arm embedded/7 2017-q4-major/bin/../lib/gcc/arm-none-eabi/7.2.1/thumb/v7-m\libgcc.a(_arm_fixsfsi.o)
 .ARM.attributes
                0x000004d0       0x2d c:/program files/gnu tools arm embedded/7 2017-q4-major/bin/../lib/gcc/arm-none-eabi/7.2.1/../../../../arm-none-eabi/lib/thumb/v7-m\libc.a(lib_a-fputc.o)
 .ARM.attributes
                0x000004fd       0x1b c:/program files/gnu tools arm embedded/7 2017-q4-major/bin/../lib/gcc/arm-none-eabi/7.2.1/../../../../arm-none-eabi/lib/thumb/v7-m\libc.a(lib_a-memcpy.o)
 .ARM.attributes
                0x00000518       0x2d c:/program files/gnu tools arm embedded/7 2017-q4-major/bin/../lib/gcc/arm-none-eabi/7.2.1/../../../../arm-none-eabi/lib/thumb/v7-m\libc.a(lib_a-putc.o)
 .ARM.attributes
                0x00000545       0x2d c:/program files/gnu tools arm embedded/7 2017-q4-major/bin/../lib/gcc/arm-none-eabi/7.2.1/../../../../arm-none-eabi/lib/thumb/v7-m\libc.a(lib_a-wbuf.o)
 .ARM.attributes
                0x00000572       0x2d c:/program files/gnu tools arm embedded/7 2017-q4-major/bin/../lib/gcc/arm-none-eabi/7.2.1/../../../../arm-none-eabi/lib/thumb/v7-m\libc.a(lib_a-wsetup.o)
 .ARM.attributes
                0x0000059f       0x2d c:/program files/gnu tools arm embedded/7 2017-q4-major/bin/../lib/gcc/arm-none-eabi/7.2.1/../../../../arm-none-eabi/lib/thumb/v7-m\libc.a(lib_a-fflush.o)
 .ARM.attributes
                0x000005cc       0x2d c:/program files/gnu tools arm embedded/7 2017-q4-major/bin/../lib/gcc/arm-none-eabi/7.2.1/../../../../arm-none-eabi/lib/thumb/v7-m\libc.a(lib_a-findfp.o)
 .ARM.attributes
                0x000005f9       0x2d c:/program files/gnu tools arm embedded/7 2017-q4-major/bin/../lib/gcc/arm-none-eabi/7.2.1/../../../../arm-none-eabi/lib/thumb/v7-m\libc.a(lib_a-freer.o)
 .ARM.attributes
                0x00000626       0x2d c:/program files/gnu tools arm embedded/7 2017-q4-major/bin/../lib/gcc/arm-none-eabi/7.2.1/../../../../arm-none-eabi/lib/thumb/v7-m\libc.a(lib_a-fwalk.o)
 .ARM.attributes
                0x00000653       0x2d c:/program files/gnu tools arm embedded/7 2017-q4-major/bin/../lib/gcc/arm-none-eabi/7.2.1/../../../../arm-none-eabi/lib/thumb/v7-m\libc.a(lib_a-makebuf.o)
 .ARM.attributes
                0x00000680       0x2d c:/program files/gnu tools arm embedded/7 2017-q4-major/bin/../lib/gcc/arm-none-eabi/7.2.1/../../../../arm-none-eabi/lib/thumb/v7-m\libc.a(lib_a-mallocr.o)
 .ARM.attributes
                0x000006ad       0x2d c:/program files/gnu tools arm embedded/7 2017-q4-major/bin/../lib/gcc/arm-none-eabi/7.2.1/../../../../arm-none-eabi/lib/thumb/v7-m\libc.a(lib_a-mlock.o)
 .ARM.attributes
                0x000006da       0x2d c:/program files/gnu tools arm embedded/7 2017-q4-major/bin/../lib/gcc/arm-none-eabi/7.2.1/../../../../arm-none-eabi/lib/thumb/v7-m\libc.a(lib_a-sbrkr.o)
 .ARM.attributes
                0x00000707       0x2d c:/program files/gnu tools arm embedded/7 2017-q4-major/bin/../lib/gcc/arm-none-eabi/7.2.1/../../../../arm-none-eabi/lib/thumb/v7-m\libc.a(lib_a-stdio.o)
 .ARM.attributes
                0x00000734       0x2d c:/program files/gnu tools arm embedded/7 2017-q4-major/bin/../lib/gcc/arm-none-eabi/7.2.1/../../../../arm-none-eabi/lib/thumb/v7-m\libc.a(lib_a-writer.o)
 .ARM.attributes
                0x00000761       0x2d c:/program files/gnu tools arm embedded/7 2017-q4-major/bin/../lib/gcc/arm-none-eabi/7.2.1/../../../../arm-none-eabi/lib/thumb/v7-m\libc.a(lib_a-closer.o)
 .ARM.attributes
                0x0000078e       0x2d c:/program files/gnu tools arm embedded/7 2017-q4-major/bin/../lib/gcc/arm-none-eabi/7.2.1/../../../../arm-none-eabi/lib/thumb/v7-m\libc.a(lib_a-fclose.o)
 .ARM.attributes
                0x000007bb       0x2d c:/program files/gnu tools arm embedded/7 2017-q4-major/bin/../lib/gcc/arm-none-eabi/7.2.1/../../../../arm-none-eabi/lib/thumb/v7-m\libc.a(lib_a-fstatr.o)
 .ARM.attributes
                0x000007e8       0x2d c:/program files/gnu tools arm embedded/7 2017-q4-major/bin/../lib/gcc/arm-none-eabi/7.2.1/../../../../arm-none-eabi/lib/thumb/v7-m\libc.a(lib_a-isattyr.o)
 .ARM.attributes
                0x00000815       0x2d c:/program files/gnu tools arm embedded/7 2017-q4-major/bin/../lib/gcc/arm-none-eabi/7.2.1/../../../../arm-none-eabi/lib/thumb/v7-m\libc.a(lib_a-lseekr.o)
 .ARM.attributes
                0x00000842       0x2d c:/program files/gnu tools arm embedded/7 2017-q4-major/bin/../lib/gcc/arm-none-eabi/7.2.1/../../../../arm-none-eabi/lib/thumb/v7-m\libc.a(lib_a-readr.o)
 .ARM.attributes
                0x0000086f       0x2d c:/program files/gnu tools arm embedded/7 2017-q4-major/bin/../lib/gcc/arm-none-eabi/7.2.1/../../../../arm-none-eabi/lib/thumb/v7-m\libc.a(lib_a-reent.o)
 .ARM.attributes
                0x0000089c       0x1d c:/program files/gnu tools arm embedded/7 2017-q4-major/bin/../lib/gcc/arm-none-eabi/7.2.1/thumb/v7-m/crtn.o

.comment        0x00000000       0x7e
 .comment       0x00000000       0x7e ..\obj\nrf24_mid_level.o
                                 0x7f (size before relaxing)
 .comment       0x0000007e       0x7f ..\obj\nrf24.o
 .comment       0x0000007e       0x7f ..\obj\system_stm32f10x.o
 .comment       0x0000007e       0x7f ..\obj\startup_stm32f10x_md.o
 .comment       0x0000007e       0x7f ..\obj\task.o
 .comment       0x0000007e       0x7f ..\obj\debugMsg.o
 .comment       0x0000007e       0x7f ..\obj\stm32f10x_gpio.o
 .comment       0x0000007e       0x7f ..\obj\systemTicks.o
 .comment       0x0000007e       0x7f ..\obj\main.o
 .comment       0x0000007e       0x7f ..\obj\printf.o
 .comment       0x0000007e       0x7f ..\obj\stm32f10x_rcc.o
 .comment       0x0000007e       0x7f ..\obj\nrf24_hal.o
 .comment       0x0000007e       0x7f ..\obj\stm32f10x_usart.o
 .comment       0x0000007e       0x7f ..\obj\syscalls.o
 .comment       0x0000007e       0x7f ..\obj\oneWire.o
 .comment       0x0000007e       0x7f ..\obj\debugUsart.o
 .comment       0x0000007e       0x7f ..\obj\nrf24_low_level.o
 .comment       0x0000007e       0x7f ..\obj\misc.o
 .comment       0x0000007e       0x7f ..\obj\stm32f10x_spi.o
 .comment       0x0000007e       0x7f ..\obj\usart.o
 .comment       0x0000007e       0x7f ..\obj\ds1820.o

.debug_info     0x00000000    0x112a1
 .debug_info    0x00000000     0x1235 ..\obj\nrf24_mid_level.o
 .debug_info    0x00001235     0x29c1 ..\obj\nrf24.o
 .debug_info    0x00003bf6      0x4c5 ..\obj\system_stm32f10x.o
 .debug_info    0x000040bb      0x14a ..\obj\startup_stm32f10x_md.o
 .debug_info    0x00004205      0xeda ..\obj\task.o
 .debug_info    0x000050df      0xb96 ..\obj\debugMsg.o
 .debug_info    0x00005c75      0x897 ..\obj\stm32f10x_gpio.o
 .debug_info    0x0000650c      0x786 ..\obj\systemTicks.o
 .debug_info    0x00006c92      0xdf3 ..\obj\main.o
 .debug_info    0x00007a85     0x1f2b ..\obj\printf.o
 .debug_info    0x000099b0      0x940 ..\obj\stm32f10x_rcc.o
 .debug_info    0x0000a2f0      0x518 ..\obj\nrf24_hal.o
 .debug_info    0x0000a808      0xb30 ..\obj\stm32f10x_usart.o
 .debug_info    0x0000b338      0xcc3 ..\obj\syscalls.o
 .debug_info    0x0000bffb      0x6ad ..\obj\oneWire.o
 .debug_info    0x0000c6a8      0xd14 ..\obj\debugUsart.o
 .debug_info    0x0000d3bc      0xf53 ..\obj\nrf24_low_level.o
 .debug_info    0x0000e30f      0x54b ..\obj\misc.o
 .debug_info    0x0000e85a      0x9d3 ..\obj\stm32f10x_spi.o
 .debug_info    0x0000f22d      0xffa ..\obj\usart.o
 .debug_info    0x00010227     0x107a ..\obj\ds1820.o

.debug_abbrev   0x00000000     0x33a2
 .debug_abbrev  0x00000000      0x330 ..\obj\nrf24_mid_level.o
 .debug_abbrev  0x00000330      0x369 ..\obj\nrf24.o
 .debug_abbrev  0x00000699      0x18e ..\obj\system_stm32f10x.o
 .debug_abbrev  0x00000827       0xfc ..\obj\startup_stm32f10x_md.o
 .debug_abbrev  0x00000923      0x361 ..\obj\task.o
 .debug_abbrev  0x00000c84      0x252 ..\obj\debugMsg.o
 .debug_abbrev  0x00000ed6      0x217 ..\obj\stm32f10x_gpio.o
 .debug_abbrev  0x000010ed      0x26c ..\obj\systemTicks.o
 .debug_abbrev  0x00001359      0x30b ..\obj\main.o
 .debug_abbrev  0x00001664      0x3f3 ..\obj\printf.o
 .debug_abbrev  0x00001a57      0x281 ..\obj\stm32f10x_rcc.o
 .debug_abbrev  0x00001cd8      0x171 ..\obj\nrf24_hal.o
 .debug_abbrev  0x00001e49      0x1f9 ..\obj\stm32f10x_usart.o
 .debug_abbrev  0x00002042      0x239 ..\obj\syscalls.o
 .debug_abbrev  0x0000227b      0x217 ..\obj\oneWire.o
 .debug_abbrev  0x00002492      0x319 ..\obj\debugUsart.o
 .debug_abbrev  0x000027ab      0x2a3 ..\obj\nrf24_low_level.o
 .debug_abbrev  0x00002a4e      0x183 ..\obj\misc.o
 .debug_abbrev  0x00002bd1      0x1fb ..\obj\stm32f10x_spi.o
 .debug_abbrev  0x00002dcc      0x29c ..\obj\usart.o
 .debug_abbrev  0x00003068      0x33a ..\obj\ds1820.o

.debug_loc      0x00000000     0x727f
 .debug_loc     0x00000000      0x15d ..\obj\nrf24_mid_level.o
 .debug_loc     0x0000015d      0xe1c ..\obj\nrf24.o
 .debug_loc     0x00000f79       0xbc ..\obj\system_stm32f10x.o
 .debug_loc     0x00001035      0x368 ..\obj\task.o
 .debug_loc     0x0000139d     0x117b ..\obj\stm32f10x_gpio.o
 .debug_loc     0x00002518       0x96 ..\obj\systemTicks.o
 .debug_loc     0x000025ae       0x7e ..\obj\main.o
 .debug_loc     0x0000262c     0x300b ..\obj\printf.o
 .debug_loc     0x00005637      0x6c6 ..\obj\stm32f10x_rcc.o
 .debug_loc     0x00005cfd       0x21 ..\obj\nrf24_hal.o
 .debug_loc     0x00005d1e      0x800 ..\obj\stm32f10x_usart.o
 .debug_loc     0x0000651e      0x169 ..\obj\syscalls.o
 .debug_loc     0x00006687      0x337 ..\obj\oneWire.o
 .debug_loc     0x000069be      0x108 ..\obj\debugUsart.o
 .debug_loc     0x00006ac6       0x21 ..\obj\nrf24_low_level.o
 .debug_loc     0x00006ae7      0x16b ..\obj\misc.o
 .debug_loc     0x00006c52      0x543 ..\obj\stm32f10x_spi.o
 .debug_loc     0x00007195       0x3f ..\obj\usart.o
 .debug_loc     0x000071d4       0xab ..\obj\ds1820.o

.debug_aranges  0x00000000      0x890
 .debug_aranges
                0x00000000       0x38 ..\obj\nrf24_mid_level.o
 .debug_aranges
                0x00000038       0xf0 ..\obj\nrf24.o
 .debug_aranges
                0x00000128       0x28 ..\obj\system_stm32f10x.o
 .debug_aranges
                0x00000150       0x28 ..\obj\startup_stm32f10x_md.o
 .debug_aranges
                0x00000178       0x60 ..\obj\task.o
 .debug_aranges
                0x000001d8       0x30 ..\obj\debugMsg.o
 .debug_aranges
                0x00000208       0xa8 ..\obj\stm32f10x_gpio.o
 .debug_aranges
                0x000002b0       0x38 ..\obj\systemTicks.o
 .debug_aranges
                0x000002e8       0x30 ..\obj\main.o
 .debug_aranges
                0x00000318       0x98 ..\obj\printf.o
 .debug_aranges
                0x000003b0      0x118 ..\obj\stm32f10x_rcc.o
 .debug_aranges
                0x000004c8       0x28 ..\obj\nrf24_hal.o
 .debug_aranges
                0x000004f0      0x100 ..\obj\stm32f10x_usart.o
 .debug_aranges
                0x000005f0       0x60 ..\obj\syscalls.o
 .debug_aranges
                0x00000650       0x40 ..\obj\oneWire.o
 .debug_aranges
                0x00000690       0x48 ..\obj\debugUsart.o
 .debug_aranges
                0x000006d8       0x30 ..\obj\nrf24_low_level.o
 .debug_aranges
                0x00000708       0x40 ..\obj\misc.o
 .debug_aranges
                0x00000748       0xd0 ..\obj\stm32f10x_spi.o
 .debug_aranges
                0x00000818       0x28 ..\obj\usart.o
 .debug_aranges
                0x00000840       0x50 ..\obj\ds1820.o

.debug_ranges   0x00000000     0x1298
 .debug_ranges  0x00000000       0x58 ..\obj\nrf24_mid_level.o
 .debug_ranges  0x00000058      0x480 ..\obj\nrf24.o
 .debug_ranges  0x000004d8       0x40 ..\obj\system_stm32f10x.o
 .debug_ranges  0x00000518       0x18 ..\obj\startup_stm32f10x_md.o
 .debug_ranges  0x00000530       0xc0 ..\obj\task.o
 .debug_ranges  0x000005f0       0x20 ..\obj\debugMsg.o
 .debug_ranges  0x00000610       0x98 ..\obj\stm32f10x_gpio.o
 .debug_ranges  0x000006a8       0xd8 ..\obj\systemTicks.o
 .debug_ranges  0x00000780       0x20 ..\obj\main.o
 .debug_ranges  0x000007a0      0x610 ..\obj\printf.o
 .debug_ranges  0x00000db0      0x128 ..\obj\stm32f10x_rcc.o
 .debug_ranges  0x00000ed8       0x18 ..\obj\nrf24_hal.o
 .debug_ranges  0x00000ef0       0xf0 ..\obj\stm32f10x_usart.o
 .debug_ranges  0x00000fe0       0x50 ..\obj\syscalls.o
 .debug_ranges  0x00001030       0x90 ..\obj\oneWire.o
 .debug_ranges  0x000010c0       0x70 ..\obj\debugUsart.o
 .debug_ranges  0x00001130       0x20 ..\obj\nrf24_low_level.o
 .debug_ranges  0x00001150       0x30 ..\obj\misc.o
 .debug_ranges  0x00001180       0xc0 ..\obj\stm32f10x_spi.o
 .debug_ranges  0x00001240       0x18 ..\obj\usart.o
 .debug_ranges  0x00001258       0x40 ..\obj\ds1820.o

.debug_line     0x00000000     0x4d34
 .debug_line    0x00000000      0x385 ..\obj\nrf24_mid_level.o
 .debug_line    0x00000385      0x797 ..\obj\nrf24.o
 .debug_line    0x00000b1c      0x1fe ..\obj\system_stm32f10x.o
 .debug_line    0x00000d1a       0x9b ..\obj\startup_stm32f10x_md.o
 .debug_line    0x00000db5      0x414 ..\obj\task.o
 .debug_line    0x000011c9      0x2a5 ..\obj\debugMsg.o
 .debug_line    0x0000146e      0x57b ..\obj\stm32f10x_gpio.o
 .debug_line    0x000019e9      0x2ab ..\obj\systemTicks.o
 .debug_line    0x00001c94      0x3cd ..\obj\main.o
 .debug_line    0x00002061      0x7d4 ..\obj\printf.o
 .debug_line    0x00002835      0x4ed ..\obj\stm32f10x_rcc.o
 .debug_line    0x00002d22      0x220 ..\obj\nrf24_hal.o
 .debug_line    0x00002f42      0x4ef ..\obj\stm32f10x_usart.o
 .debug_line    0x00003431      0x2a8 ..\obj\syscalls.o
 .debug_line    0x000036d9      0x2a8 ..\obj\oneWire.o
 .debug_line    0x00003981      0x336 ..\obj\debugUsart.o
 .debug_line    0x00003cb7      0x34c ..\obj\nrf24_low_level.o
 .debug_line    0x00004003      0x237 ..\obj\misc.o
 .debug_line    0x0000423a      0x452 ..\obj\stm32f10x_spi.o
 .debug_line    0x0000468c      0x315 ..\obj\usart.o
 .debug_line    0x000049a1      0x393 ..\obj\ds1820.o

.debug_str      0x00000000     0x2928
 .debug_str     0x00000000      0x8e2 ..\obj\nrf24_mid_level.o
                                0x98d (size before relaxing)
 .debug_str     0x000008e2      0x232 ..\obj\nrf24.o
                                0x5a7 (size before relaxing)
 .debug_str     0x00000b14      0x15c ..\obj\system_stm32f10x.o
                                0x30b (size before relaxing)
 .debug_str     0x00000c70       0xcd ..\obj\startup_stm32f10x_md.o
                                0x1a2 (size before relaxing)
 .debug_str     0x00000d3d      0x165 ..\obj\task.o
                                0x749 (size before relaxing)
 .debug_str     0x00000ea2       0x59 ..\obj\debugMsg.o
                                0x636 (size before relaxing)
 .debug_str     0x00000efb      0x384 ..\obj\stm32f10x_gpio.o
                                0x55c (size before relaxing)
 .debug_str     0x0000127f      0x450 ..\obj\systemTicks.o
                                0x65f (size before relaxing)
 .debug_str     0x000016cf       0x79 ..\obj\main.o
                                0x735 (size before relaxing)
 .debug_str     0x00001748       0xfa ..\obj\printf.o
                                0x67f (size before relaxing)
 .debug_str     0x00001842      0x321 ..\obj\stm32f10x_rcc.o
                                0x646 (size before relaxing)
 .debug_str     0x00001b63       0xc2 ..\obj\nrf24_hal.o
                                0x42e (size before relaxing)
 .debug_str     0x00001c25      0x424 ..\obj\stm32f10x_usart.o
                                0x6fc (size before relaxing)
 .debug_str     0x00002049      0x193 ..\obj\syscalls.o
                                0x70d (size before relaxing)
 .debug_str     0x000021dc       0x79 ..\obj\oneWire.o
                                0x25d (size before relaxing)
 .debug_str     0x00002255       0x85 ..\obj\debugUsart.o
                                0x708 (size before relaxing)
 .debug_str     0x000022da      0x11d ..\obj\nrf24_low_level.o
                                0x953 (size before relaxing)
 .debug_str     0x000023f7      0x171 ..\obj\misc.o
                                0x3ea (size before relaxing)
 .debug_str     0x00002568      0x250 ..\obj\stm32f10x_spi.o
                                0x669 (size before relaxing)
 .debug_str     0x000027b8       0x60 ..\obj\usart.o
                                0xc07 (size before relaxing)
 .debug_str     0x00002818      0x110 ..\obj\ds1820.o
                                0x887 (size before relaxing)

.debug_frame    0x00000000     0x1e0c
 .debug_frame   0x00000000       0x9c ..\obj\nrf24_mid_level.o
 .debug_frame   0x0000009c      0x3bc ..\obj\nrf24.o
 .debug_frame   0x00000458       0x48 ..\obj\system_stm32f10x.o
 .debug_frame   0x000004a0       0x3c ..\obj\startup_stm32f10x_md.o
 .debug_frame   0x000004dc      0x160 ..\obj\task.o
 .debug_frame   0x0000063c       0x6c ..\obj\debugMsg.o
 .debug_frame   0x000006a8      0x1b0 ..\obj\stm32f10x_gpio.o
 .debug_frame   0x00000858       0x88 ..\obj\systemTicks.o
 .debug_frame   0x000008e0       0x74 ..\obj\main.o
 .debug_frame   0x00000954      0x294 ..\obj\printf.o
 .debug_frame   0x00000be8      0x224 ..\obj\stm32f10x_rcc.o
 .debug_frame   0x00000e0c       0x4c ..\obj\nrf24_hal.o
 .debug_frame   0x00000e58      0x258 ..\obj\stm32f10x_usart.o
 .debug_frame   0x000010b0       0xa8 ..\obj\syscalls.o
 .debug_frame   0x00001158       0xb4 ..\obj\oneWire.o
 .debug_frame   0x0000120c       0xbc ..\obj\debugUsart.o
 .debug_frame   0x000012c8       0x6c ..\obj\nrf24_low_level.o
 .debug_frame   0x00001334       0x7c ..\obj\misc.o
 .debug_frame   0x000013b0      0x1cc ..\obj\stm32f10x_spi.o
 .debug_frame   0x0000157c       0x4c ..\obj\usart.o
 .debug_frame   0x000015c8       0xc0 ..\obj\ds1820.o
 .debug_frame   0x00001688       0x4c c:/program files/gnu tools arm embedded/7 2017-q4-major/bin/../lib/gcc/arm-none-eabi/7.2.1/thumb/v7-m\libgcc.a(_arm_addsubsf3.o)
 .debug_frame   0x000016d4       0x38 c:/program files/gnu tools arm embedded/7 2017-q4-major/bin/../lib/gcc/arm-none-eabi/7.2.1/thumb/v7-m\libgcc.a(_arm_muldivsf3.o)
 .debug_frame   0x0000170c       0x24 c:/program files/gnu tools arm embedded/7 2017-q4-major/bin/../lib/gcc/arm-none-eabi/7.2.1/thumb/v7-m\libgcc.a(_arm_fixsfsi.o)
 .debug_frame   0x00001730       0x54 c:/program files/gnu tools arm embedded/7 2017-q4-major/bin/../lib/gcc/arm-none-eabi/7.2.1/../../../../arm-none-eabi/lib/thumb/v7-m\libc.a(lib_a-fputc.o)
 .debug_frame   0x00001784       0x50 c:/program files/gnu tools arm embedded/7 2017-q4-major/bin/../lib/gcc/arm-none-eabi/7.2.1/../../../../arm-none-eabi/lib/thumb/v7-m\libc.a(lib_a-putc.o)
 .debug_frame   0x000017d4       0x40 c:/program files/gnu tools arm embedded/7 2017-q4-major/bin/../lib/gcc/arm-none-eabi/7.2.1/../../../../arm-none-eabi/lib/thumb/v7-m\libc.a(lib_a-wbuf.o)
 .debug_frame   0x00001814       0x2c c:/program files/gnu tools arm embedded/7 2017-q4-major/bin/../lib/gcc/arm-none-eabi/7.2.1/../../../../arm-none-eabi/lib/thumb/v7-m\libc.a(lib_a-wsetup.o)
 .debug_frame   0x00001840       0x5c c:/program files/gnu tools arm embedded/7 2017-q4-major/bin/../lib/gcc/arm-none-eabi/7.2.1/../../../../arm-none-eabi/lib/thumb/v7-m\libc.a(lib_a-fflush.o)
 .debug_frame   0x0000189c      0x150 c:/program files/gnu tools arm embedded/7 2017-q4-major/bin/../lib/gcc/arm-none-eabi/7.2.1/../../../../arm-none-eabi/lib/thumb/v7-m\libc.a(lib_a-findfp.o)
 .debug_frame   0x000019ec       0x80 c:/program files/gnu tools arm embedded/7 2017-q4-major/bin/../lib/gcc/arm-none-eabi/7.2.1/../../../../arm-none-eabi/lib/thumb/v7-m\libc.a(lib_a-freer.o)
 .debug_frame   0x00001a6c       0x54 c:/program files/gnu tools arm embedded/7 2017-q4-major/bin/../lib/gcc/arm-none-eabi/7.2.1/../../../../arm-none-eabi/lib/thumb/v7-m\libc.a(lib_a-fwalk.o)
 .debug_frame   0x00001ac0       0x64 c:/program files/gnu tools arm embedded/7 2017-q4-major/bin/../lib/gcc/arm-none-eabi/7.2.1/../../../../arm-none-eabi/lib/thumb/v7-m\libc.a(lib_a-makebuf.o)
 .debug_frame   0x00001b24       0x4c c:/program files/gnu tools arm embedded/7 2017-q4-major/bin/../lib/gcc/arm-none-eabi/7.2.1/../../../../arm-none-eabi/lib/thumb/v7-m\libc.a(lib_a-mallocr.o)
 .debug_frame   0x00001b70       0x30 c:/program files/gnu tools arm embedded/7 2017-q4-major/bin/../lib/gcc/arm-none-eabi/7.2.1/../../../../arm-none-eabi/lib/thumb/v7-m\libc.a(lib_a-mlock.o)
 .debug_frame   0x00001ba0       0x2c c:/program files/gnu tools arm embedded/7 2017-q4-major/bin/../lib/gcc/arm-none-eabi/7.2.1/../../../../arm-none-eabi/lib/thumb/v7-m\libc.a(lib_a-sbrkr.o)
 .debug_frame   0x00001bcc       0x88 c:/program files/gnu tools arm embedded/7 2017-q4-major/bin/../lib/gcc/arm-none-eabi/7.2.1/../../../../arm-none-eabi/lib/thumb/v7-m\libc.a(lib_a-stdio.o)
 .debug_frame   0x00001c54       0x30 c:/program files/gnu tools arm embedded/7 2017-q4-major/bin/../lib/gcc/arm-none-eabi/7.2.1/../../../../arm-none-eabi/lib/thumb/v7-m\libc.a(lib_a-writer.o)
 .debug_frame   0x00001c84       0x2c c:/program files/gnu tools arm embedded/7 2017-q4-major/bin/../lib/gcc/arm-none-eabi/7.2.1/../../../../arm-none-eabi/lib/thumb/v7-m\libc.a(lib_a-closer.o)
 .debug_frame   0x00001cb0       0x3c c:/program files/gnu tools arm embedded/7 2017-q4-major/bin/../lib/gcc/arm-none-eabi/7.2.1/../../../../arm-none-eabi/lib/thumb/v7-m\libc.a(lib_a-fclose.o)
 .debug_frame   0x00001cec       0x2c c:/program files/gnu tools arm embedded/7 2017-q4-major/bin/../lib/gcc/arm-none-eabi/7.2.1/../../../../arm-none-eabi/lib/thumb/v7-m\libc.a(lib_a-fstatr.o)
 .debug_frame   0x00001d18       0x2c c:/program files/gnu tools arm embedded/7 2017-q4-major/bin/../lib/gcc/arm-none-eabi/7.2.1/../../../../arm-none-eabi/lib/thumb/v7-m\libc.a(lib_a-isattyr.o)
 .debug_frame   0x00001d44       0x30 c:/program files/gnu tools arm embedded/7 2017-q4-major/bin/../lib/gcc/arm-none-eabi/7.2.1/../../../../arm-none-eabi/lib/thumb/v7-m\libc.a(lib_a-lseekr.o)
 .debug_frame   0x00001d74       0x30 c:/program files/gnu tools arm embedded/7 2017-q4-major/bin/../lib/gcc/arm-none-eabi/7.2.1/../../../../arm-none-eabi/lib/thumb/v7-m\libc.a(lib_a-readr.o)
 .debug_frame   0x00001da4       0x68 c:/program files/gnu tools arm embedded/7 2017-q4-major/bin/../lib/gcc/arm-none-eabi/7.2.1/../../../../arm-none-eabi/lib/thumb/v7-m\libc.a(lib_a-reent.o)
